 controller_test_sfun

 Timestamp is 536571e6 (Sun May 04 00:47:02 2014)

 Preferred load address is 0000000180000000

 Start         Length     Name                   Class
 0001:00000000 0005a8a4H .text                   CODE
 0001:0005a8b0 00000092H .text$x                 CODE
 0002:00000000 00000490H .idata$5                DATA
 0002:00000490 00000008H .CRT$XCA                DATA
 0002:00000498 00000008H .CRT$XCZ                DATA
 0002:000004a0 00000008H .CRT$XIA                DATA
 0002:000004a8 00000008H .CRT$XIAA               DATA
 0002:000004b0 00000008H .CRT$XIZ                DATA
 0002:000004c0 00004b5cH .rdata                  DATA
 0002:00005020 00000008H .rtc$IAA                DATA
 0002:00005028 00000008H .rtc$IZZ                DATA
 0002:00005030 00000008H .rtc$TAA                DATA
 0002:00005038 00000008H .rtc$TZZ                DATA
 0002:00005040 0000446cH .xdata                  DATA
 0002:000094ac 000000a0H .idata$2                DATA
 0002:0000954c 00000014H .idata$3                DATA
 0002:00009560 00000490H .idata$4                DATA
 0002:000099f0 00000a96H .idata$6                DATA
 0002:0000a490 0000005aH .edata                  DATA
 0003:00000000 000116b8H .data                   DATA
 0003:000116c0 000027b8H .bss                    DATA
 0004:00000000 000036d8H .pdata                  DATA

  Address         Publics by Value              Rva+Base               Lib:Object

 0000:00000000       ___safe_se_handler_table   0000000000000000     <absolute>
 0000:00000000       ___safe_se_handler_count   0000000000000000     <absolute>
 0000:00000000       __ImageBase                0000000180000000     <linker-defined>
 0001:00000000       sf_c3_controller_test_get_eml_resolved_functions_info 0000000180001000 f   c3_controller_test.obj
 0001:00000cd0       sf_c3_controller_test_get_check_sum 0000000180001cd0 f   c3_controller_test.obj
 0001:00000d50       sf_c3_controller_test_get_autoinheritance_info 0000000180001d50 f   c3_controller_test.obj
 0001:00001cf0       sf_internal_get_sim_state_c3_controller_test 0000000180002cf0 f   c3_controller_test.obj
 0001:000021d0       sf_internal_set_sim_state_c3_controller_test 00000001800031d0 f   c3_controller_test.obj
 0001:00002660       c3_controller_test_method_dispatcher 0000000180003660 f   c3_controller_test.obj
 0001:000064d0       sf_c4_controller_test_get_eml_resolved_functions_info 00000001800074d0 f   c4_controller_test.obj
 0001:00007160       sf_c4_controller_test_get_check_sum 0000000180008160 f   c4_controller_test.obj
 0001:000071e0       sf_c4_controller_test_get_autoinheritance_info 00000001800081e0 f   c4_controller_test.obj
 0001:00008180       sf_internal_get_sim_state_c4_controller_test 0000000180009180 f   c4_controller_test.obj
 0001:00008650       sf_internal_set_sim_state_c4_controller_test 0000000180009650 f   c4_controller_test.obj
 0001:00008ae0       c4_controller_test_method_dispatcher 0000000180009ae0 f   c4_controller_test.obj
 0001:0000c9b0       sf_c7_controller_test_get_eml_resolved_functions_info 000000018000d9b0 f   c7_controller_test.obj
 0001:00011180       sf_c7_controller_test_get_check_sum 0000000180012180 f   c7_controller_test.obj
 0001:00011200       sf_c7_controller_test_get_autoinheritance_info 0000000180012200 f   c7_controller_test.obj
 0001:00011f30       sf_internal_get_sim_state_c7_controller_test 0000000180012f30 f   c7_controller_test.obj
 0001:00012640       sf_internal_set_sim_state_c7_controller_test 0000000180013640 f   c7_controller_test.obj
 0001:00012bc0       c7_controller_test_method_dispatcher 0000000180013bc0 f   c7_controller_test.obj
 0001:0001a750       sf_c8_controller_test_get_eml_resolved_functions_info 000000018001b750 f   c8_controller_test.obj
 0001:0001ef50       sf_c8_controller_test_get_check_sum 000000018001ff50 f   c8_controller_test.obj
 0001:0001efd0       sf_c8_controller_test_get_autoinheritance_info 000000018001ffd0 f   c8_controller_test.obj
 0001:0001fd00       sf_internal_get_sim_state_c8_controller_test 0000000180020d00 f   c8_controller_test.obj
 0001:00020400       sf_internal_set_sim_state_c8_controller_test 0000000180021400 f   c8_controller_test.obj
 0001:00020980       c8_controller_test_method_dispatcher 0000000180021980 f   c8_controller_test.obj
 0001:00028520       sf_process_check_sum_call  0000000180029520 f   controller_test_sfun_registry.obj
 0001:00028570       sf_process_autoinheritance_call 0000000180029570 f   controller_test_sfun_registry.obj
 0001:00028710       sf_process_get_eml_resolved_functions_info_call 0000000180029710 f   controller_test_sfun_registry.obj
 0001:00028890       sf_mex_unlock_call         0000000180029890 f   controller_test_sfun_registry.obj
 0001:00028940       sf_machine_global_initializer_called 0000000180029940 f   controller_test_sfun_registry.obj
 0001:00028970       sf_machine_global_method_dispatcher 0000000180029970 f   controller_test_sfun_registry.obj
 0001:000289d0       sf_machine_global_terminator 00000001800299d0 f   controller_test_sfun_registry.obj
 0001:00028a10       sf_register_machine_exported_symbols 0000000180029a10 f   controller_test_sfun_registry.obj
 0001:00028a30       callCustomFcn              0000000180029a30 f   controller_test_sfun_registry.obj
 0001:00028a40       sf_machine_global_initializer 0000000180029a40 f   controller_test_sfun_registry.obj
 0001:00028ab0       _ssSetStateAbsTol          0000000180029ab0 f   controller_test_sfun_registry.obj
 0001:00028b90       _ssGetAbsTol               0000000180029b90 f   controller_test_sfun_registry.obj
 0001:00028c00       _ssSetInputPortMatrixDimensions 0000000180029c00 f   controller_test_sfun_registry.obj
 0001:00028d10       _ssSetOutputPortMatrixDimensions 0000000180029d10 f   controller_test_sfun_registry.obj
 0001:00028e20       _ssSetInputPortVectorDimension 0000000180029e20 f   controller_test_sfun_registry.obj
 0001:00028ef0       _ssSetOutputPortVectorDimension 0000000180029ef0 f   controller_test_sfun_registry.obj
 0001:00028fc0       ssIsRunTimeParamTunable    0000000180029fc0 f   controller_test_sfun_registry.obj
 0001:00029030       ssGetSFuncBlockHandle      000000018002a030 f   controller_test_sfun_registry.obj
 0001:000290a0       _ssGetCurrentInputPortWidth 000000018002a0a0 f   controller_test_sfun_registry.obj
 0001:000291c0       _ssGetCurrentOutputPortWidth 000000018002a1c0 f   controller_test_sfun_registry.obj
 0001:000292e0       _ssGetCallSystemNumFcnCallDestinations 000000018002a2e0 f   controller_test_sfun_registry.obj
 0001:00029350       ssWarning                  000000018002a350 f   controller_test_sfun_registry.obj
 0001:00029460       ssGetIsZeroCrossControlDisabled 000000018002a460 f   controller_test_sfun_registry.obj
 0001:000294d0       ssSetIsInputPortUsedForContZcSignal 000000018002a4d0 f   controller_test_sfun_registry.obj
 0001:00029540       ssSetZcSignalIsZcElementDisc 000000018002a540 f   controller_test_sfun_registry.obj
 0001:000295f0       ssSetZcSignalName          000000018002a5f0 f   controller_test_sfun_registry.obj
 0001:00029660       ssSetZcSignalWidth         000000018002a660 f   controller_test_sfun_registry.obj
 0001:000296d0       ssSetZcSignalZcEventType   000000018002a6d0 f   controller_test_sfun_registry.obj
 0001:00029740       ssSetZcSignalType          000000018002a740 f   controller_test_sfun_registry.obj
 0001:000297b0       ssSetZcSignalZcTol         000000018002a7b0 f   controller_test_sfun_registry.obj
 0001:00029820       ssSetZcSignalNeedsEventNotification 000000018002a820 f   controller_test_sfun_registry.obj
 0001:00029890       ssCreateAndAddZcSignalInfo 000000018002a890 f   controller_test_sfun_registry.obj
 0001:00029900       ssCloneAndAddZcSignalInfo  000000018002a900 f   controller_test_sfun_registry.obj
 0001:00029970       ssGetNumZcSignals          000000018002a970 f   controller_test_sfun_registry.obj
 0001:000299e0       ssGetZcSignalVector        000000018002a9e0 f   controller_test_sfun_registry.obj
 0001:00029a50       ssGetZcSignalZcEvents      000000018002aa50 f   controller_test_sfun_registry.obj
 0001:00029ac0       ssGetZcSignalName          000000018002aac0 f   controller_test_sfun_registry.obj
 0001:00029b30       ssGetZcSignalWidth         000000018002ab30 f   controller_test_sfun_registry.obj
 0001:00029ba0       ssGetZcSignalZcEventType   000000018002aba0 f   controller_test_sfun_registry.obj
 0001:00029c10       ssGetZcSignalType          000000018002ac10 f   controller_test_sfun_registry.obj
 0001:00029c80       ssGetZcSignalZcTol         000000018002ac80 f   controller_test_sfun_registry.obj
 0001:00029d00       ssGetZcSignalNeedsEventNotification 000000018002ad00 f   controller_test_sfun_registry.obj
 0001:00029d70       ssGetZcSignalIsZcElementDisc 000000018002ad70 f   controller_test_sfun_registry.obj
 0001:00029e10       ssGetIsInputPortElementContinuous 000000018002ae10 f   controller_test_sfun_registry.obj
 0001:00029eb0       _ssGetInputPortSignalPtrsFcn 000000018002aeb0 f   controller_test_sfun_registry.obj
 0001:0002a170       _ssGetInputPortSignalFcn   000000018002b170 f   controller_test_sfun_registry.obj
 0001:0002a390       _ssSetInputPortDirectFeedThroughFcn 000000018002b390 f   controller_test_sfun_registry.obj
 0001:0002a4f0       _ssSetInputPortReusableFcn 000000018002b4f0 f   controller_test_sfun_registry.obj
 0001:0002a5e0       _ssSetOutputPortReusableFcn 000000018002b5e0 f   controller_test_sfun_registry.obj
 0001:0002a6c0       ssGetDTypeIdFromMxArray    000000018002b6c0 f   controller_test_sfun_registry.obj
 0001:0002a7e0       ssWriteRTWStr              000000018002b7e0 f   controller_test_sfun_registry.obj
 0001:0002a840       ssWriteRTWMxVectParam      000000018002b840 f   controller_test_sfun_registry.obj
 0001:0002a8a0       ssWriteRTWMx2dMatParam     000000018002b8a0 f   controller_test_sfun_registry.obj
 0001:0002a920       ssWriteRTWNameValuePair    000000018002b920 f   controller_test_sfun_registry.obj
 0001:0002ae10       ssWriteRTWParameters       000000018002be10 f   controller_test_sfun_registry.obj
 0001:0002b410       ssWriteRTWParamSettings    000000018002c410 f   controller_test_sfun_registry.obj
 0001:0002bae0       ssWriteRTWWorkVect         000000018002cae0 f   controller_test_sfun_registry.obj
 0001:0002bfe0       mexFunction                000000018002cfe0 f   controller_test_sfun_registry.obj
 0001:0002dc20       ProcessMexSfunctionEveryCall 000000018002ec20 f   controller_test_sfun_registry.obj
 0001:0002dd90       controller_test_initializer 000000018002ed90 f   controller_test_sfun.obj
 0001:0002dda0       controller_test_terminator 000000018002eda0 f   controller_test_sfun.obj
 0001:0002ddb0       sf_controller_test_method_dispatcher 000000018002edb0 f   controller_test_sfun.obj
 0001:0002de60       sf_controller_test_process_check_sum_call 000000018002ee60 f   controller_test_sfun.obj
 0001:0002e2b0       sf_controller_test_autoinheritance_info 000000018002f2b0 f   controller_test_sfun.obj
 0001:0002e510       sf_controller_test_get_eml_resolved_functions_info 000000018002f510 f   controller_test_sfun.obj
 0001:0002e700       controller_test_debug_initialize 000000018002f700 f   controller_test_sfun.obj
 0001:0002e770       controller_test_register_exported_symbols 000000018002f770 f   controller_test_sfun.obj
 0001:0002e780       load_controller_test_optimization_info 000000018002f780 f   controller_test_sfun.obj
 0001:0002e7d0       unload_controller_test_optimization_info 000000018002f7d0 f   controller_test_sfun.obj
 0001:0002e8a0       sf_mex_mx_is_numeric       000000018002f8a0 f   sfc_mex:sfc_mex.obj
 0001:0002e8e0       strcmp_ignore_ws           000000018002f8e0 f   sfc_mex:sfc_mex.obj
 0001:0002ea20       sf_mex_duplicatearraysafe  000000018002fa20 f   sfc_mex:sfc_mex.obj
 0001:0002eb80       sf_set_error_debugger_context_message_fcn 000000018002fb80 f   sfc_mex:sfc_mex.obj
 0001:0002eb90       sf_set_debugger_matlab_error_fcn 000000018002fb90 f   sfc_mex:sfc_mex.obj
 0001:0002ebc0       sf_set_error_prefix_string 000000018002fbc0 f   sfc_mex:sfc_mex.obj
 0001:0002ebf0       sf_get_error_prefix_string 000000018002fbf0 f   sfc_mex:sfc_mex.obj
 0001:0002ec00       sf_mex_enter_parallel_region 000000018002fc00 f   sfc_mex:sfc_mex.obj
 0001:0002ec10       sf_mex_exit_parallel_region 000000018002fc10 f   sfc_mex:sfc_mex.obj
 0001:0002ec20       sf_get_current_jmp_buf_ptr 000000018002fc20 f   sfc_mex:sfc_mex.obj
 0001:0002ec30       sf_set_current_jmp_buf_ptr 000000018002fc30 f   sfc_mex:sfc_mex.obj
 0001:0002ec40       sf_mex_set_halt_simulation 000000018002fc40 f   sfc_mex:sfc_mex.obj
 0001:0002ec50       sf_mex_get_halt_simulation 000000018002fc50 f   sfc_mex:sfc_mex.obj
 0001:0002ec60       sf_mex_clear_error_message 000000018002fc60 f   sfc_mex:sfc_mex.obj
 0001:0002ec80       sf_mex_get_error_message_for_read 000000018002fc80 f   sfc_mex:sfc_mex.obj
 0001:0002ec90       sf_mex_get_error_message_buffer_length 000000018002fc90 f   sfc_mex:sfc_mex.obj
 0001:0002ed70       sf_mex_warning_message     000000018002fd70 f   sfc_mex:sfc_mex.obj
 0001:0002ede0       sf_mex_v_errbuf_createf    000000018002fde0 f   sfc_mex:sfc_mex.obj
 0001:0002edf0       sf_mex_errbuf_createf      000000018002fdf0 f   sfc_mex:sfc_mex.obj
 0001:0002ee20       sf_mex_v_errbuf_catf       000000018002fe20 f   sfc_mex:sfc_mex.obj
 0001:0002ee60       sf_mex_errbuf_catf         000000018002fe60 f   sfc_mex:sfc_mex.obj
 0001:0002eeb0       sf_mex_errbuf_copy         000000018002feb0 f   sfc_mex:sfc_mex.obj
 0001:0002eec0       sf_mex_errbuf_clear        000000018002fec0 f   sfc_mex:sfc_mex.obj
 0001:0002eed0       sf_mex_errbuf_isempty      000000018002fed0 f   sfc_mex:sfc_mex.obj
 0001:0002efe0       sf_mex_set_error_status    000000018002ffe0 f   sfc_mex:sfc_mex.obj
 0001:0002f030       sf_mex_error_direct_call   0000000180030030 f   sfc_mex:sfc_mex.obj
 0001:0002f050       sf_mex_error_message_no_long_jump 0000000180030050 f   sfc_mex:sfc_mex.obj
 0001:0002f070       sf_mex_long_jump_on_error  0000000180030070 f   sfc_mex:sfc_mex.obj
 0001:0002f0a0       sf_mex_call_matlab         00000001800300a0 f   sfc_mex:sfc_mex.obj
 0001:0002f1c0       sf_mex_check_builtin       00000001800301c0 f   sfc_mex:sfc_mex.obj
 0001:0002f200       sf_mex_check_builtin_vs    0000000180030200 f   sfc_mex:sfc_mex.obj
 0001:0002f260       sf_mex_check_enum          0000000180030260 f   sfc_mex:sfc_mex.obj
 0001:0002f290       sf_mex_create_enum         0000000180030290 f   sfc_mex:sfc_mex.obj
 0001:0002f2b0       sf_mex_get_enum_element    00000001800302b0 f   sfc_mex:sfc_mex.obj
 0001:0002f2c0       sf_mex_createcellarray     00000001800302c0 f   sfc_mex:sfc_mex.obj
 0001:0002f2d0       sf_mex_setcell             00000001800302d0 f   sfc_mex:sfc_mex.obj
 0001:0002f2e0       sf_mex_getcell             00000001800302e0 f   sfc_mex:sfc_mex.obj
 0001:0002f2f0       sf_mex_dup                 00000001800302f0 f   sfc_mex:sfc_mex.obj
 0001:0002f310       sf_mex_assign              0000000180030310 f   sfc_mex:sfc_mex.obj
 0001:0002f390       sf_mex_destroy             0000000180030390 f   sfc_mex:sfc_mex.obj
 0001:0002f3c0       mx_array_has_fi_type       00000001800303c0 f   sfc_mex:sfc_mex.obj
 0001:0002f3f0       sf_mex_convert_from_fi     00000001800303f0 f   sfc_mex:sfc_mex.obj
 0001:0002f4a0       sf_mex_convert_to_double   00000001800304a0 f   sfc_mex:sfc_mex.obj
 0001:0002f5c0       sf_mex_import_fi_vs        00000001800305c0 f   sfc_mex:sfc_mex.obj
 0001:0002f780       sf_matrix_matrix_index_ok  0000000180030780 f   sfc_mex:sfc_mex.obj
 0001:0002f810       sf_vector_vector_index_ok  0000000180030810 f   sfc_mex:sfc_mex.obj
 0001:0002f840       ssGetCurrentInputPortDimensions_wrapper 0000000180030840 f   sfc_mex:sfc_mex.obj
 0001:0002f860       ssGetCurrentOutputPortDimensions_wrapper 0000000180030860 f   sfc_mex:sfc_mex.obj
 0001:0002f880       sf_mex_emlrt_context_is_debug_mode 0000000180030880 f   sfc_mex:sfc_mex.obj
 0001:0002f890       sf_mex_emlrt_context_set_debug_mode 0000000180030890 f   sfc_mex:sfc_mex.obj
 0001:0002f8a0       sf_mex_emlrtNameCapturePostProcessR2012a 00000001800308a0 f   sfc_mex:sfc_mex.obj
 0001:0002f910       sf_clear_error_manager_info 0000000180030910 f   sfc_mex:sfc_mex.obj
 0001:0002f970       sf_mex_stop_simulation_abruptly_wo_error 0000000180030970 f   sfc_mex:sfc_mex.obj
 0001:0002f9b0       sf_mex_error_message       00000001800309b0 f   sfc_mex:sfc_mex.obj
 0001:0002fa10       sf_react_to_error_in_matlab_call 0000000180030a10 f   sfc_mex:sfc_mex.obj
 0001:0002fa40       sf_mex_addfield            0000000180030a40 f   sfc_mex:sfc_mex.obj
 0001:0002fae0       sf_mex_getfield            0000000180030ae0 f   sfc_mex:sfc_mex.obj
 0001:0002fde0       sf_mex_check_class         0000000180030de0 f   sfc_mex:sfc_mex.obj
 0001:0002fe80       sf_mex_is_real             0000000180030e80 f   sfc_mex:sfc_mex.obj
 0001:000302f0       sf_mex_decode_encoded_mx_struct_array 00000001800312f0 f   sfc_mex:sfc_mex.obj
 0001:000305d0       sf_mex_lw_bounds_check     00000001800315d0 f   sfc_mex:sfc_mex.obj
 0001:00030600       sf_mex_lw_size_eq_check_1d 0000000180031600 f   sfc_mex:sfc_mex.obj
 0001:00030620       sf_mex_lw_size_eq_check_nd 0000000180031620 f   sfc_mex:sfc_mex.obj
 0001:00030800       sf_mex_lw_dim_size_eq_check 0000000180031800 f   sfc_mex:sfc_mex.obj
 0001:00030830       sf_mex_lw_dim_size_geq_check 0000000180031830 f   sfc_mex:sfc_mex.obj
 0001:00030860       sf_mex_lw_sub_assign_size_check_nd 0000000180031860 f   sfc_mex:sfc_mex.obj
 0001:00030a90       sf_mex_lw_runtime_error_msgid 0000000180031a90 f   sfc_mex:sfc_mex.obj
 0001:00030b80       sf_mex_lw_matrix_matrix_index_check 0000000180031b80 f   sfc_mex:sfc_mex.obj
 0001:00030ba0       sf_mex_lw_vector_vector_index_check 0000000180031ba0 f   sfc_mex:sfc_mex.obj
 0001:00030be0       sf_mex_lw_for_loop_vector_check 0000000180031be0 f   sfc_mex:sfc_mex.obj
 0001:00030c60       sf_mex_lw_non_negative_check 0000000180031c60 f   sfc_mex:sfc_mex.obj
 0001:00030ca0       sf_mex_overflow_error      0000000180031ca0 f   sfc_mex:sfc_mex.obj
 0001:00030cb0       sf_mex_dividebyzero_error  0000000180031cb0 f   sfc_mex:sfc_mex.obj
 0001:00030cc0       sf_mex_unsafe_enum_error   0000000180031cc0 f   sfc_mex:sfc_mex.obj
 0001:00030cd0       sf_emlrtErrHandler         0000000180031cd0 f   sfc_mex:sfc_mex.obj
 0001:00030db0       sf_mex_size_one_check      0000000180031db0 f   sfc_mex:sfc_mex.obj
 0001:00030dd0       sf_mex_printf              0000000180031dd0 f   sfc_mex:sfc_mex.obj
 0001:00030fa0       sf_mex_check_size          0000000180031fa0 f   sfc_mex:sfc_mex.obj
 0001:00031270       sf_mex_check_struct        0000000180032270 f   sfc_mex:sfc_mex.obj
 0001:000314d0       sf_mex_check_struct_vs     00000001800324d0 f   sfc_mex:sfc_mex.obj
 0001:00031560       sf_mex_check_fi            0000000180032560 f   sfc_mex:sfc_mex.obj
 0001:00031660       sf_mex_check_fi_vs         0000000180032660 f   sfc_mex:sfc_mex.obj
 0001:00031700       sf_echo_expression         0000000180032700 f   sfc_mex:sfc_mex.obj
 0001:00031760       sf_assertion_failed        0000000180032760 f   sfc_mex:sfc_mex.obj
 0001:00031a40       sf_mex_evalin              0000000180032a40 f   sfc_mex:sfc_mex.obj
 0001:00031cb0       sf_mex_export              0000000180032cb0 f   sfc_mex:sfc_mex.obj
 0001:00031d70       sf_mex_get_ml_var_no_error 0000000180032d70 f   sfc_mex:sfc_mex.obj
 0001:00031f10       sf_mex_get_ml_var          0000000180032f10 f   sfc_mex:sfc_mex.obj
 0001:000323b0       ml_set_element_value_in_array 00000001800333b0 f   sfc_mex:sfc_mex.obj
 0001:00033a80       sf_mex_call_impl           0000000180034a80 f   sfc_mex:sfc_mex.obj
 0001:00033fb0       sf_mex_call_debug          0000000180034fb0 f   sfc_mex:sfc_mex.obj
 0001:00033fe0       sf_mex_call                0000000180034fe0 f   sfc_mex:sfc_mex.obj
 0001:00034630       sf_mex_createstruct        0000000180035630 f   sfc_mex:sfc_mex.obj
 0001:00034720       sf_mex_createstructarray   0000000180035720 f   sfc_mex:sfc_mex.obj
 0001:000347a0       sf_mex_get_mx_datatype_from_sf_datatype 00000001800357a0 f   sfc_mex:sfc_mex.obj
 0001:00034ab0       sf_mex_ml_var_sub          0000000180035ab0 f   sfc_mex:sfc_mex.obj
 0001:00034c80       sf_mex_ml_var_subsasgn     0000000180035c80 f   sfc_mex:sfc_mex.obj
 0001:00035070       sf_mex_sub                 0000000180036070 f   sfc_mex:sfc_mex.obj
 0001:00035270       sf_mex_subsasgn            0000000180036270 f   sfc_mex:sfc_mex.obj
 0001:00035750       sf_mex_create              0000000180036750 f   sfc_mex:sfc_mex.obj
 0001:000361a0       sf_mex_import_named        00000001800371a0 f   sfc_mex:sfc_mex.obj
 0001:00036200       sf_mex_import              0000000180037200 f   sfc_mex:sfc_mex.obj
 0001:00036250       sf_mex_import_vs           0000000180037250 f   sfc_mex:sfc_mex.obj
 0001:00036360       sf_mex_lower_fixpt_mx_array 0000000180037360 f   sfc_mex:sfc_mex.obj
 0001:00036650       sf_send_message_wrapper    0000000180037650 f   sfc_mex:sfc_sf.obj
 0001:00036680       sf_receive_message_wrapper 0000000180037680 f   sfc_mex:sfc_sf.obj
 0001:000366c0       sf_check_out_message_wrapper 00000001800376c0 f   sfc_mex:sfc_sf.obj
 0001:00036700       sf_check_in_message_wrapper 0000000180037700 f   sfc_mex:sfc_sf.obj
 0001:00036740       sf_no_message_wrapper      0000000180037740 f   sfc_mex:sfc_sf.obj
 0001:00036ad0       sim_mode_is_rtw_gen        0000000180037ad0 f   sfc_mex:sfc_sf.obj
 0001:00036b00       sim_mode_is_external       0000000180037b00 f   sfc_mex:sfc_sf.obj
 0001:00036b10       sim_mode_is_modelref_sim   0000000180037b10 f   sfc_mex:sfc_sf.obj
 0001:00036b30       mdlInitializeSizes         0000000180037b30 f   sfc_mex:sfc_sf.obj
 0001:00036b50       mdlInitializeSampleTimes   0000000180037b50 f   sfc_mex:sfc_sf.obj
 0001:00036b90       mdlZeroCrossings           0000000180037b90 f   sfc_mex:sfc_sf.obj
 0001:00036c70       mdlDerivatives             0000000180037c70 f   sfc_mex:sfc_sf.obj
 0001:00036d20       mdl_initialize_conditions_processing 0000000180037d20 f   sfc_mex:sfc_sf.obj
 0001:00036d50       mdlInitializeConditions    0000000180037d50 f   sfc_mex:sfc_sf.obj
 0001:00036e10       mdlGetSimState             0000000180037e10 f   sfc_mex:sfc_sf.obj
 0001:00036e20       mdlSetSimState             0000000180037e20 f   sfc_mex:sfc_sf.obj
 0001:00036e30       mdl_ext_mode_exec_processing 0000000180037e30 f   sfc_mex:sfc_sf.obj
 0001:00036e50       mdlExtModeExec             0000000180037e50 f   sfc_mex:sfc_sf.obj
 0001:00036fe0       mdlTerminate               0000000180037fe0 f   sfc_mex:sfc_sf.obj
 0001:00037050       mdlRTW                     0000000180038050 f   sfc_mex:sfc_sf.obj
 0001:00037080       mdlSetWorkWidths           0000000180038080 f   sfc_mex:sfc_sf.obj
 0001:00037090       mdlProcessParameters       0000000180038090 f   sfc_mex:sfc_sf.obj
 0001:000370a0       mdl_start_processing       00000001800380a0 f   sfc_mex:sfc_sf.obj
 0001:000370e0       mdlStart                   00000001800380e0 f   sfc_mex:sfc_sf.obj
 0001:000371d0       mdlEnable                  00000001800381d0 f   sfc_mex:sfc_sf.obj
 0001:000372a0       mdlDisable                 00000001800382a0 f   sfc_mex:sfc_sf.obj
 0001:00037350       sf_get_chart_instance_ptr  0000000180038350 f   sfc_mex:sfc_sf.obj
 0001:00037370       sf_load_rtw_optimization_info 0000000180038370 f   sfc_mex:sfc_sf.obj
 0001:00037440       sf_rtw_info_uint_prop      0000000180038440 f   sfc_mex:sfc_sf.obj
 0001:00037580       sf_is_chart_inlinable      0000000180038580 f   sfc_mex:sfc_sf.obj
 0001:000375a0       sf_mark_output_events_with_multiple_callers 00000001800385a0 f   sfc_mex:sfc_sf.obj
 0001:00037730       sf_mark_chart_reusable_outputs 0000000180038730 f   sfc_mex:sfc_sf.obj
 0001:00037990       sf_mark_chart_expressionable_inputs 0000000180038990 f   sfc_mex:sfc_sf.obj
 0001:00037bf0       sf_get_subchart_simstruct  0000000180038bf0 f   sfc_mex:sfc_sf.obj
 0001:00037c40       sf_get_fixpt_data_type_id  0000000180038c40 f   sfc_mex:sfc_sf.obj
 0001:00037c80       sf_get_enum_data_type_id   0000000180038c80 f   sfc_mex:sfc_sf.obj
 0001:00037cc0       sf_get_param_data_type_id  0000000180038cc0 f   sfc_mex:sfc_sf.obj
 0001:00037cf0       sf_mex_listen_for_ctrl_c_force 0000000180038cf0 f   sfc_mex:sfc_sf.obj
 0001:00037e00       sf_mex_draw_now            0000000180038e00 f   sfc_mex:sfc_sf.obj
 0001:00037e40       sf_mex_set_debugger_sim_status_listener_fcn 0000000180038e40 f   sfc_mex:sfc_sf.obj
 0001:00037e50       sf_mex_listen_for_ctrl_c   0000000180038e50 f   sfc_mex:sfc_sf.obj
 0001:00037ee0       sf_mex_get_sfun_param      0000000180038ee0 f   sfc_mex:sfc_sf.obj
 0001:00037f30       sf_get_runtime_param_data  0000000180038f30 f   sfc_mex:sfc_sf.obj
 0001:00037f70       sf_call_output_fcn_call    0000000180038f70 f   sfc_mex:sfc_sf.obj
 0001:000380b0       sf_call_output_fcn_enable  00000001800390b0 f   sfc_mex:sfc_sf.obj
 0001:00038140       sf_call_output_fcn_disable 0000000180039140 f   sfc_mex:sfc_sf.obj
 0001:000381d0       sf_clear_rtw_identifier    00000001800391d0 f   sfc_mex:sfc_sf.obj
 0001:000389c0       sf_set_encoded_dwork_info  00000001800399c0 f   sfc_mex:sfc_sf.obj
 0001:00038a10       sf_get_dwork_info_from_mat_file 0000000180039a10 f   sfc_mex:sfc_sf.obj
 0001:00038bd0       sf_set_rtw_dwork_info      0000000180039bd0 f   sfc_mex:sfc_sf.obj
 0001:00038d40       mdlOutputs                 0000000180039d40 f   sfc_mex:sfc_sf.obj
 0001:00038ee0       sf_debug_disp              0000000180039ee0 f   sfc_debug:sfcdebug.obj
 0001:00039140       sf_debug_data_runtime_size_mismatch_error_check 000000018003a140 f   sfc_debug:sfcdebug.obj
 0001:000391e0       sf_debug_try_loading_machine 000000018003a1e0 f   sfc_debug:sfcdebug.obj
 0001:000392e0       sf_debug_reset_current_state_configuration 000000018003a2e0 f   sfc_debug:sfcdebug.obj
 0001:00039370       sf_debug_store_current_state_configuration 000000018003a370 f   sfc_debug:sfcdebug.obj
 0001:00039400       sf_debug_restore_previous_state_configuration 000000018003a400 f   sfc_debug:sfcdebug.obj
 0001:00039490       sf_debug_restore_previous_state_configuration2 000000018003a490 f   sfc_debug:sfcdebug.obj
 0001:00039520       sf_debug_get_event_scope   000000018003a520 f   sfc_debug:sfcdebug.obj
 0001:00039690       use_debugger_step_animation 000000018003a690 f   sfc_debug:sfcdebug.obj
 0001:000396b0       sf_debug_get_script_id     000000018003a6b0 f   sfc_debug:sfcdebug.obj
 0001:00039740       sf_debug_set_script_translation 000000018003a740 f   sfc_debug:sfcdebug.obj
 0001:000398c0       sf_debug_extract_message_post_receive_info 000000018003a8c0 f   sfc_debug:sfcdebug.obj
 0001:000399c0       sf_debug_get_current_machine_id 000000018003a9c0 f   sfc_debug:sfcdebug.obj
 0001:000399e0       sf_debug_get_current_optional_integer 000000018003a9e0 f   sfc_debug:sfcdebug.obj
 0001:000399f0       sf_debug_get_current_machine_number 000000018003a9f0 f   sfc_debug:sfcdebug.obj
 0001:00039a10       sf_debug_get_current_machine_name 000000018003aa10 f   sfc_debug:sfcdebug.obj
 0001:00039a30       sf_debug_get_current_chart_id 000000018003aa30 f   sfc_debug:sfcdebug.obj
 0001:00039a80       sf_debug_get_current_chart_number 000000018003aa80 f   sfc_debug:sfcdebug.obj
 0001:00039a90       sf_debug_get_current_instance_number 000000018003aa90 f   sfc_debug:sfcdebug.obj
 0001:00039aa0       sf_debug_get_current_is_minor_time_step 000000018003aaa0 f   sfc_debug:sfcdebug.obj
 0001:00039b20       sf_debug_get_current_object_type 000000018003ab20 f   sfc_debug:sfcdebug.obj
 0001:00039b30       sf_debug_get_current_instance_handle 000000018003ab30 f   sfc_debug:sfcdebug.obj
 0001:00039b90       sf_debug_get_current_event_type 000000018003ab90 f   sfc_debug:sfcdebug.obj
 0001:00039ba0       sf_debug_get_current_object_id 000000018003aba0 f   sfc_debug:sfcdebug.obj
 0001:00039be0       sf_debug_get_current_active_event_type 000000018003abe0 f   sfc_debug:sfcdebug.obj
 0001:00039bf0       sf_debug_get_current_active_event_id 000000018003abf0 f   sfc_debug:sfcdebug.obj
 0001:00039c30       sf_debug_get_current_tag_type 000000018003ac30 f   sfc_debug:sfcdebug.obj
 0001:00039c40       sf_debug_get_current_simulation_time 000000018003ac40 f   sfc_debug:sfcdebug.obj
 0001:00039c50       sf_debug_get_current_coverage_percentage 000000018003ac50 f   sfc_debug:sfcdebug.obj
 0001:00039c60       sf_debug_current_statement_context 000000018003ac60 f   sfc_debug:sfcdebug.obj
 0001:00039cf0       sf_debug_get_current_statement_info 000000018003acf0 f   sfc_debug:sfcdebug.obj
 0001:00039e70       sf_debug_terminate_instance 000000018003ae70 f   sfc_debug:sfcdebug.obj
 0001:0003a1b0       sf_debug_assertion_failed  000000018003b1b0 f   sfc_debug:sfcdebug.obj
 0001:0003a360       sf_debug_set_number_of_data_with_change_event_for_machine 000000018003b360 f   sfc_debug:sfcdebug.obj
 0001:0003a3a0       sf_debug_set_machine_event_thresholds 000000018003b3a0 f   sfc_debug:sfcdebug.obj
 0001:0003a3c0       sf_debug_set_machine_event_scope 000000018003b3c0 f   sfc_debug:sfcdebug.obj
 0001:0003a400       sf_debug_set_machine_data_thresholds 000000018003b400 f   sfc_debug:sfcdebug.obj
 0001:0003a440       sf_debug_set_machine_data_scope 000000018003b440 f   sfc_debug:sfcdebug.obj
 0001:0003a4d0       sf_debug_set_machine_data_name 000000018003b4d0 f   sfc_debug:sfcdebug.obj
 0001:0003a570       sf_debug_set_machine_data_size 000000018003b570 f   sfc_debug:sfcdebug.obj
 0001:0003a6b0       sf_debug_set_machine_data_type 000000018003b6b0 f   sfc_debug:sfcdebug.obj
 0001:0003a820       sf_debug_get_chart_data_number 000000018003b820 f   sfc_debug:sfcdebug.obj
 0001:0003a840       sf_debug_get_chart_event_number 000000018003b840 f   sfc_debug:sfcdebug.obj
 0001:0003a860       sf_debug_set_chart_state_info 000000018003b860 f   sfc_debug:sfcdebug.obj
 0001:0003a8e0       sf_debug_set_chart_decomposition 000000018003b8e0 f   sfc_debug:sfcdebug.obj
 0001:0003a950       sf_debug_set_chart_substate_count 000000018003b950 f   sfc_debug:sfcdebug.obj
 0001:0003aa30       sf_debug_set_chart_substate_index 000000018003ba30 f   sfc_debug:sfcdebug.obj
 0001:0003aaa0       sf_debug_set_chart_state_substate_count 000000018003baa0 f   sfc_debug:sfcdebug.obj
 0001:0003abb0       sf_debug_set_chart_state_substate_index 000000018003bbb0 f   sfc_debug:sfcdebug.obj
 0001:0003ac30       sf_debug_set_number_of_data_with_change_event_for_chart 000000018003bc30 f   sfc_debug:sfcdebug.obj
 0001:0003acb0       sf_debug_set_number_of_states_with_entry_event_for_chart 000000018003bcb0 f   sfc_debug:sfcdebug.obj
 0001:0003ad20       sf_debug_set_number_of_states_with_exit_event_for_chart 000000018003bd20 f   sfc_debug:sfcdebug.obj
 0001:0003ad90       sf_debug_set_chart_disable_implicit_casting 000000018003bd90 f   sfc_debug:sfcdebug.obj
 0001:0003ae00       sf_debug_set_chart_event_thresholds 000000018003be00 f   sfc_debug:sfcdebug.obj
 0001:0003ae70       sf_debug_set_chart_data_compiled_props 000000018003be70 f   sfc_debug:sfcdebug.obj
 0001:0003b1c0       sf_debug_set_chart_data_props 000000018003c1c0 f   sfc_debug:sfcdebug.obj
 0001:0003b4e0       sf_debug_check_fi_license  000000018003c4e0 f   sfc_debug:sfcdebug.obj
 0001:0003b6d0       sf_debug_symbol_scope_push 000000018003c6d0 f   sfc_debug:sfcdebug.obj
 0001:0003b710       sf_debug_symbol_scope_push_eml 000000018003c710 f   sfc_debug:sfcdebug.obj
 0001:0003b760       sf_debug_symbol_scope_pop  000000018003c760 f   sfc_debug:sfcdebug.obj
 0001:0003b7a0       sf_debug_symbol_scope_add_importable 000000018003c7a0 f   sfc_debug:sfcdebug.obj
 0001:0003b820       sf_debug_symbol_scope_add  000000018003c820 f   sfc_debug:sfcdebug.obj
 0001:0003b8a0       sf_debug_symbol_scope_add_dyn_importable 000000018003c8a0 f   sfc_debug:sfcdebug.obj
 0001:0003b960       sf_debug_symbol_scope_add_dyn 000000018003c960 f   sfc_debug:sfcdebug.obj
 0001:0003b990       sf_debug_symbol_scope_add_eml_importable 000000018003c990 f   sfc_debug:sfcdebug.obj
 0001:0003b9d0       sf_debug_symbol_scope_add_eml 000000018003c9d0 f   sfc_debug:sfcdebug.obj
 0001:0003ba10       sf_debug_symbol_scope_add_eml_dyn_importable 000000018003ca10 f   sfc_debug:sfcdebug.obj
 0001:0003ba80       sf_debug_symbol_scope_add_eml_dyn 000000018003ca80 f   sfc_debug:sfcdebug.obj
 0001:0003bae0       sf_debug_symbol_switch     000000018003cae0 f   sfc_debug:sfcdebug.obj
 0001:0003bb00       sf_debug_symbol_scope_add_verbose 000000018003cb00 f   sfc_debug:sfcdebug.obj
 0001:0003bbd0       sf_debug_set_machine_data_value_ptr 000000018003cbd0 f   sfc_debug:sfcdebug.obj
 0001:0003bc10       sf_debug_set_instance_data_value_ptr 000000018003cc10 f   sfc_debug:sfcdebug.obj
 0001:0003bcd0       sf_debug_unset_instance_data_value_ptr 000000018003ccd0 f   sfc_debug:sfcdebug.obj
 0001:0003bd80       sf_debug_set_chart_event_scope 000000018003cd80 f   sfc_debug:sfcdebug.obj
 0001:0003be00       sf_debug_set_chart_transition_coverage_maps 000000018003ce00 f   sfc_debug:sfcdebug.obj
 0001:0003bf10       sf_debug_set_chart_state_coverage_maps 000000018003cf10 f   sfc_debug:sfcdebug.obj
 0001:0003bff0       sf_debug_set_instance_transition_coverage_weights 000000018003cff0 f   sfc_debug:sfcdebug.obj
 0001:0003c090       sf_debug_set_instance_state_coverage_weights 000000018003d090 f   sfc_debug:sfcdebug.obj
 0001:0003c2e0       sf_debug_unload_machine    000000018003d2e0 f   sfc_debug:sfcdebug.obj
 0001:0003c330       sf_debug_load_machine      000000018003d330 f   sfc_debug:sfcdebug.obj
 0001:0003c430       sf_debug_set_active_instance_in_data_dictionary 000000018003d430 f   sfc_debug:sfcdebug.obj
 0001:0003c610       sf_debug_set_active_instance 000000018003d610 f   sfc_debug:sfcdebug.obj
 0001:0003c750       sf_debug_chart_visiblity_change 000000018003d750 f   sfc_debug:sfcdebug.obj
 0001:0003c830       sf_debug_select_chart      000000018003d830 f   sfc_debug:sfcdebug.obj
 0001:0003c900       sf_debug_set_instance_cv_ids 000000018003d900 f   sfc_debug:sfcdebug.obj
 0001:0003cc10       sf_debug_select_charts     000000018003dc10 f   sfc_debug:sfcdebug.obj
 0001:0003cd50       sf_debug_initialized       000000018003dd50 f   sfc_debug:sfcdebug.obj
 0001:0003cd60       sf_debug_is_uninterruptible 000000018003dd60 f   sfc_debug:sfcdebug.obj
 0001:0003cd90       sf_debug_initialize_debugger_gui 000000018003dd90 f   sfc_debug:sfcdebug.obj
 0001:0003d180       sf_debug_resume            000000018003e180 f   sfc_debug:sfcdebug.obj
 0001:0003d1a0       sf_debug_go                000000018003e1a0 f   sfc_debug:sfcdebug.obj
 0001:0003d1b0       sf_debug_break             000000018003e1b0 f   sfc_debug:sfcdebug.obj
 0001:0003d1c0       sf_debug_step_over         000000018003e1c0 f   sfc_debug:sfcdebug.obj
 0001:0003d1d0       sf_debug_step_out          000000018003e1d0 f   sfc_debug:sfcdebug.obj
 0001:0003d1e0       sf_debug_set_disable_all_breakpoints 000000018003e1e0 f   sfc_debug:sfcdebug.obj
 0001:0003d1f0       sf_debug_disable_all_breakpoints_and_go 000000018003e1f0 f   sfc_debug:sfcdebug.obj
 0001:0003d200       sf_debug_break_on_chart_entry 000000018003e200 f   sfc_debug:sfcdebug.obj
 0001:0003d210       sf_debug_break_on_event_broadcast 000000018003e210 f   sfc_debug:sfcdebug.obj
 0001:0003d220       sf_debug_break_on_state_entry 000000018003e220 f   sfc_debug:sfcdebug.obj
 0001:0003d230       sf_debug_break_between_times 000000018003e230 f   sfc_debug:sfcdebug.obj
 0001:0003d250       sf_debug_browse_data       000000018003e250 f   sfc_debug:sfcdebug.obj
 0001:0003d270       sf_debug_watch_data        000000018003e270 f   sfc_debug:sfcdebug.obj
 0001:0003d290       sf_debug_assign_data       000000018003e290 f   sfc_debug:sfcdebug.obj
 0001:0003d2b0       sf_debug_whos              000000018003e2b0 f   sfc_debug:sfcdebug.obj
 0001:0003d2d0       sf_debug_get_consistency_info 000000018003e2d0 f   sfc_debug:sfcdebug.obj
 0001:0003d2e0       sf_debug_browse_trace      000000018003e2e0 f   sfc_debug:sfcdebug.obj
 0001:0003d2f0       sf_debug_set_breakpoints   000000018003e2f0 f   sfc_debug:sfcdebug.obj
 0001:0003d450       sf_debug_set_eml_breakpoints 000000018003e450 f   sfc_debug:sfcdebug.obj
 0001:0003d5b0       sf_debug_set_script_breakpoints 000000018003e5b0 f   sfc_debug:sfcdebug.obj
 0001:0003d630       sf_debug_add_script_breakpoints 000000018003e630 f   sfc_debug:sfcdebug.obj
 0001:0003d6a0       sf_debug_clear_script_breakpoints 000000018003e6a0 f   sfc_debug:sfcdebug.obj
 0001:0003d710       sf_debug_query_script_breakpoints 000000018003e710 f   sfc_debug:sfcdebug.obj
 0001:0003d7d0       sf_debug_get_eml_script_id 000000018003e7d0 f   sfc_debug:sfcdebug.obj
 0001:0003d820       sf_debug_set_watch         000000018003e820 f   sfc_debug:sfcdebug.obj
 0001:0003da50       sf_debug_get_instance_handle 000000018003ea50 f   sfc_debug:sfcdebug.obj
 0001:0003dae0       sf_debug_get_active_states 000000018003eae0 f   sfc_debug:sfcdebug.obj
 0001:0003daf0       sf_debug_get_animation     000000018003eaf0 f   sfc_debug:sfcdebug.obj
 0001:0003db00       sf_debug_set_animation     000000018003eb00 f   sfc_debug:sfcdebug.obj
 0001:0003db10       sf_debug_animate           000000018003eb10 f   sfc_debug:sfcdebug.obj
 0001:0003db40       sf_debug_cycle_detection_check 000000018003eb40 f   sfc_debug:sfcdebug.obj
 0001:0003db50       sf_debug_data_range_check  000000018003eb50 f   sfc_debug:sfcdebug.obj
 0001:0003db60       sf_debug_transition_conflict_check 000000018003eb60 f   sfc_debug:sfcdebug.obj
 0001:0003db70       sf_debug_state_consistency_check 000000018003eb70 f   sfc_debug:sfcdebug.obj
 0001:0003db80       sf_debug_data_range_check_enabled 000000018003eb80 f   sfc_debug:sfcdebug.obj
 0001:0003dba0       sf_debug_transition_conflict_check_enabled 000000018003eba0 f   sfc_debug:sfcdebug.obj
 0001:0003dbc0       sf_debug_transition_conflict_check_begin 000000018003ebc0 f   sfc_debug:sfcdebug.obj
 0001:0003dbe0       sf_debug_transition_conflict_check_end 000000018003ebe0 f   sfc_debug:sfcdebug.obj
 0001:0003dc00       sf_debug_stop_debugging    000000018003ec00 f   sfc_debug:sfcdebug.obj
 0001:0003dc30       sf_debug_is_cycle_detected 000000018003ec30 f   sfc_debug:sfcdebug.obj
 0001:0003dc40       sf_debug_is_array_bounds_detected 000000018003ec40 f   sfc_debug:sfcdebug.obj
 0001:0003dc50       sf_debug_get_state_vectors_data_size 000000018003ec50 f   sfc_debug:sfcdebug.obj
 0001:0003dc90       sf_debug_get_state_vectors_data 000000018003ec90 f   sfc_debug:sfcdebug.obj
 0001:0003dd90       sf_debug_set_state_vectors_data 000000018003ed90 f   sfc_debug:sfcdebug.obj
 0001:0003e050       sf_debug_get_script_index  000000018003f050 f   sfc_debug:sfcdebug.obj
 0001:0003e1e0       sf_debug_add_script        000000018003f1e0 f   sfc_debug:sfcdebug.obj
 0001:0003e370       cv_eval_point              000000018003f370 f   sfc_debug:sfcdebug.obj
 0001:0003e4e0       cv_eval_testobjective      000000018003f4e0 f   sfc_debug:sfcdebug.obj
 0001:0003e600       sf_debug_cv_init_state     000000018003f600 f   sfc_debug:sfcdebug.obj
 0001:0003e720       sf_debug_cv_init_chart     000000018003f720 f   sfc_debug:sfcdebug.obj
 0001:0003e800       sf_debug_cv_init_trans     000000018003f800 f   sfc_debug:sfcdebug.obj
 0001:0003e900       sf_debug_cv_init_testobjectives 000000018003f900 f   sfc_debug:sfcdebug.obj
 0001:0003eae0       cv_eml_init_script         000000018003fae0 f   sfc_debug:sfcdebug.obj
 0001:0003ebe0       cv_eml_init_fcn            000000018003fbe0 f   sfc_debug:sfcdebug.obj
 0001:0003ec90       cv_eml_init_testobjective  000000018003fc90 f   sfc_debug:sfcdebug.obj
 0001:0003ed60       cv_eml_init_if             000000018003fd60 f   sfc_debug:sfcdebug.obj
 0001:0003ee30       cv_eml_init_for            000000018003fe30 f   sfc_debug:sfcdebug.obj
 0001:0003eef0       cv_eml_init_while          000000018003fef0 f   sfc_debug:sfcdebug.obj
 0001:0003efb0       cv_eml_init_mcdc           000000018003ffb0 f   sfc_debug:sfcdebug.obj
 0001:0003f0c0       cv_eml_init_switch         00000001800400c0 f   sfc_debug:sfcdebug.obj
 0001:0003f1b0       cv_eml_eval                00000001800401b0 f   sfc_debug:sfcdebug.obj
 0001:0003f290       sf_debug_bm_is_a_eml_breakpoint 0000000180040290 f   sfc_debug:sfcdebug.obj
 0001:0003f3e0       sf_debug_temporal_threshold 00000001800403e0 f   sfc_debug:sfcdebug.obj
 0001:0003f740       sf_debug_transition_conflict_error 0000000180040740 f   sfc_debug:sfcdebug.obj
 0001:0003fac0       sf_debug_state_inconsistency_error 0000000180040ac0 f   sfc_debug:sfcdebug.obj
 0001:0003fbe0       sf_debug_check_for_state_inconsistency 0000000180040be0 f   sfc_debug:sfcdebug.obj
 0001:0003fc10       sf_debug_cycle_detecton_error 0000000180040c10 f   sfc_debug:sfcdebug.obj
 0001:00040400       sf_debug_size_eq_check_1d  0000000180041400 f   sfc_debug:sfcdebug.obj
 0001:00040420       sf_debug_size_eq_check_nd  0000000180041420 f   sfc_debug:sfcdebug.obj
 0001:00040600       sf_debug_dim_size_eq_check 0000000180041600 f   sfc_debug:sfcdebug.obj
 0001:00040630       sf_debug_dim_size_geq_check 0000000180041630 f   sfc_debug:sfcdebug.obj
 0001:00040660       sf_debug_sub_assign_size_check_nd 0000000180041660 f   sfc_debug:sfcdebug.obj
 0001:000408a0       sf_debug_matrix_matrix_index_check 00000001800418a0 f   sfc_debug:sfcdebug.obj
 0001:000408d0       sf_debug_vector_vector_index_check 00000001800418d0 f   sfc_debug:sfcdebug.obj
 0001:00040900       sf_debug_for_loop_vector_check 0000000180041900 f   sfc_debug:sfcdebug.obj
 0001:00040980       sf_debug_runtime_error_msgid 0000000180041980 f   sfc_debug:sfcdebug.obj
 0001:00040a10       sf_debug_data_array_bounds_error_check 0000000180041a10 f   sfc_debug:sfcdebug.obj
 0001:00040b20       sf_debug_eml_data_array_bounds_error_check 0000000180041b20 f   sfc_debug:sfcdebug.obj
 0001:00041000       sf_debug_integer_check     0000000180042000 f   sfc_debug:sfcdebug.obj
 0001:000410e0       sf_debug_not_nan_check     00000001800420e0 f   sfc_debug:sfcdebug.obj
 0001:000411a0       sf_debug_non_negative_check 00000001800421a0 f   sfc_debug:sfcdebug.obj
 0001:00041260       sf_debug_overflow_detection 0000000180042260 f   sfc_debug:sfcdebug.obj
 0001:00041950       sf_debug_cast_to_real32_T  0000000180042950 f   sfc_debug:sfcdebug.obj
 0001:00041a10       sf_debug_cast_to_int8_T    0000000180042a10 f   sfc_debug:sfcdebug.obj
 0001:00041ad0       sf_debug_cast_to_uint8_T   0000000180042ad0 f   sfc_debug:sfcdebug.obj
 0001:00041b90       sf_debug_cast_to_int16_T   0000000180042b90 f   sfc_debug:sfcdebug.obj
 0001:00041c50       sf_debug_cast_to_uint16_T  0000000180042c50 f   sfc_debug:sfcdebug.obj
 0001:00041d10       sf_debug_cast_to_int32_T   0000000180042d10 f   sfc_debug:sfcdebug.obj
 0001:00041dd0       sf_debug_cast_to_uint32_T  0000000180042dd0 f   sfc_debug:sfcdebug.obj
 0001:00041e90       sf_debug_data_range_error  0000000180042e90 f   sfc_debug:sfcdebug.obj
 0001:000421e0       sf_debug_read_before_write_check 00000001800431e0 f   sfc_debug:sfcdebug.obj
 0001:000425d0       sf_debug_data_range_error_wrapper_min_max 00000001800435d0 f   sfc_debug:sfcdebug.obj
 0001:000426c0       sf_debug_data_range_error_wrapper_min 00000001800436c0 f   sfc_debug:sfcdebug.obj
 0001:000427a0       sf_debug_data_range_error_wrapper_max 00000001800437a0 f   sfc_debug:sfcdebug.obj
 0001:00042880       sf_debug_data_range_wrapper 0000000180043880 f   sfc_debug:sfcdebug.obj
 0001:00042930       sf_debug_set_current_status_info 0000000180043930 f   sfc_debug:sfcdebug.obj
 0001:00042ce0       sf_debug_register_message_post_receive_info 0000000180043ce0 f   sfc_debug:sfcdebug.obj
 0001:00042f50       sf_debug_call              0000000180043f50 f   sfc_debug:sfcdebug.obj
 0001:00043e10       sf_debug_initialize_machine 0000000180044e10 f   sfc_debug:sfcdebug.obj
 0001:00044120       sf_debug_initialize_chart  0000000180045120 f   sfc_debug:sfcdebug.obj
 0001:00044600       sf_debug_ensure_script     0000000180045600 f   sfc_debug:sfcdebug.obj
 0001:000446c0       cv_script_init_script      00000001800456c0 f   sfc_debug:sfcdebug.obj
 0001:000447a0       cv_script_init_fcn         00000001800457a0 f   sfc_debug:sfcdebug.obj
 0001:00044850       cv_script_init_testobjective 0000000180045850 f   sfc_debug:sfcdebug.obj
 0001:00044900       cv_script_init_if          0000000180045900 f   sfc_debug:sfcdebug.obj
 0001:000449b0       cv_script_init_for         00000001800459b0 f   sfc_debug:sfcdebug.obj
 0001:00044a60       cv_script_init_while       0000000180045a60 f   sfc_debug:sfcdebug.obj
 0001:00044b10       cv_script_init_mcdc        0000000180045b10 f   sfc_debug:sfcdebug.obj
 0001:00044c10       cv_script_init_switch      0000000180045c10 f   sfc_debug:sfcdebug.obj
 0001:00044cf0       cv_script_eval             0000000180045cf0 f   sfc_debug:sfcdebug.obj
 0001:00044dd0       eml_debug_line_call        0000000180045dd0 f   sfc_debug:sfcdebug.obj
 0001:00044f80       sf_debug_terminate         0000000180045f80 f   sfc_debug:sfcdebug.obj
 0001:000450f0       sf_debug_set_script_cv_ids 00000001800460f0 f   sfc_debug:sfcdebug.obj
 0001:00045220       sf_debug_api               0000000180046220 f   sfc_debug:sfc_api.obj
 0001:00046a00       sf_debug_sm_terminate      0000000180047a00 f   sfc_debug:sfdb_animation.obj
 0001:00046bc0       sf_debug_reset_path_objects 0000000180047bc0 f   sfc_debug:sfdb_animation.obj
 0001:00046c40       sf_debug_sm_reset_object_selection_status 0000000180047c40 f   sfc_debug:sfdb_animation.obj
 0001:00046ce0       sf_debug_sm_reset_state_buffer 0000000180047ce0 f   sfc_debug:sfdb_animation.obj
 0001:00046db0       sf_debug_sm_store_state_buffer 0000000180047db0 f   sfc_debug:sfdb_animation.obj
 0001:00046e30       sf_debug_sm_restore_state_buffer1 0000000180047e30 f   sfc_debug:sfdb_animation.obj
 0001:00046ea0       sf_debug_sm_restore_state_buffer2 0000000180047ea0 f   sfc_debug:sfdb_animation.obj
 0001:00046f10       sf_debug_sm_chart_active   0000000180047f10 f   sfc_debug:sfdb_animation.obj
 0001:00046f60       sf_debug_sm_select_active_objects 0000000180047f60 f   sfc_debug:sfdb_animation.obj
 0001:00047410       sf_debug_sm_is_chart_active 0000000180048410 f   sfc_debug:sfdb_animation.obj
 0001:00047450       sf_debug_sm_is_state_active 0000000180048450 f   sfc_debug:sfdb_animation.obj
 0001:00047690       sf_debug_sm_get_active_states 0000000180048690 f   sfc_debug:sfdb_animation.obj
 0001:00047c50       sf_debug_sm_initialize_instance 0000000180048c50 f   sfc_debug:sfdb_animation.obj
 0001:00047ea0       sf_debug_sm_change_object_selection_status 0000000180048ea0 f   sfc_debug:sfdb_animation.obj
 0001:00048190       cv_create_interface        0000000180049190 f   sfc_debug:cv_sfinterface.obj
 0001:000484f0       cv_init_trans              00000001800494f0 f   sfc_debug:cv_sfinterface.obj
 0001:00048540       cv_init_testobjective      0000000180049540 f   sfc_debug:cv_sfinterface.obj
 0001:00048580       cv_init_state              0000000180049580 f   sfc_debug:cv_sfinterface.obj
 0001:000485f0       cv_init_chart              00000001800495f0 f   sfc_debug:cv_sfinterface.obj
 0001:00048640       cv_dec_update_call         0000000180049640 f   sfc_debug:cv_sfinterface.obj
 0001:00048680       cv_cond_update_call        0000000180049680 f   sfc_debug:cv_sfinterface.obj
 0001:000486c0       cv_testobjective_update_call 00000001800496c0 f   sfc_debug:cv_sfinterface.obj
 0001:00048700       cv_sigrange_update         0000000180049700 f   sfc_debug:cv_sfinterface.obj
 0001:00048740       cvsf_eml_eval              0000000180049740 f   sfc_debug:cv_sfinterface.obj
 0001:00048820       cvsf_eml_init_script       0000000180049820 f   sfc_debug:cv_sfinterface.obj
 0001:000488a0       cvsf_eml_init_fcn          00000001800498a0 f   sfc_debug:cv_sfinterface.obj
 0001:00048900       cvsf_eml_init_testobjective 0000000180049900 f   sfc_debug:cv_sfinterface.obj
 0001:00048960       cvsf_eml_init_if           0000000180049960 f   sfc_debug:cv_sfinterface.obj
 0001:000489c0       cvsf_eml_init_for          00000001800499c0 f   sfc_debug:cv_sfinterface.obj
 0001:00048a10       cvsf_eml_init_while        0000000180049a10 f   sfc_debug:cv_sfinterface.obj
 0001:00048a60       cvsf_eml_init_mcdc         0000000180049a60 f   sfc_debug:cv_sfinterface.obj
 0001:00048af0       cvsf_eml_init_switch       0000000180049af0 f   sfc_debug:cv_sfinterface.obj
 0001:00048b60       cvsf_script_eval           0000000180049b60 f   sfc_debug:cv_sfinterface.obj
 0001:00048c40       cvsf_script_init_script    0000000180049c40 f   sfc_debug:cv_sfinterface.obj
 0001:00048cc0       cvsf_script_init_fcn       0000000180049cc0 f   sfc_debug:cv_sfinterface.obj
 0001:00048d20       cvsf_script_init_testobjective 0000000180049d20 f   sfc_debug:cv_sfinterface.obj
 0001:00048d80       cvsf_script_init_if        0000000180049d80 f   sfc_debug:cv_sfinterface.obj
 0001:00048de0       cvsf_script_init_for       0000000180049de0 f   sfc_debug:cv_sfinterface.obj
 0001:00048e30       cvsf_script_init_while     0000000180049e30 f   sfc_debug:cv_sfinterface.obj
 0001:00048e80       cvsf_script_init_mcdc      0000000180049e80 f   sfc_debug:cv_sfinterface.obj
 0001:00048f10       cvsf_script_init_switch    0000000180049f10 f   sfc_debug:cv_sfinterface.obj
 0001:00048f80       cv_destroy_interface       0000000180049f80 f   sfc_debug:cv_sfinterface.obj
 0001:00048fa0       cv_create_instance_objects 0000000180049fa0 f   sfc_debug:cv_sfinterface.obj
 0001:00049450       cv_is_enabled              000000018004a450 f   sfc_debug:cv_sfinterface.obj
 0001:00049460       sf_debug_cv_initialize_script 000000018004a460 f   sfc_debug:cv_sfinterface.obj
 0001:00049610       sf_debug_cv_initialize_instance 000000018004a610 f   sfc_debug:cv_sfinterface.obj
 0001:000499b0       sf_debug_cv_terminate_chart 000000018004a9b0 f   sfc_debug:cv_sfinterface.obj
 0001:00049af0       cv_call_trans_test         000000018004aaf0 f   sfc_debug:cv_sfinterface.obj
 0001:00049b00       cv_call_sub_cond_test      000000018004ab00 f   sfc_debug:cv_sfinterface.obj
 0001:00049b40       sf_debug_st_initialize_machine 000000018004ab40 f   sfc_debug:sfdb_data_browse.obj
 0001:00049c00       sf_debug_st_initialize_instance 000000018004ac00 f   sfc_debug:sfdb_data_browse.obj
 0001:00049e30       sf_debug_st_terminate      000000018004ae30 f   sfc_debug:sfdb_data_browse.obj
 0001:0004a1d0       sf_debug_st_set_data_value_ptr_in_machine 000000018004b1d0 f   sfc_debug:sfdb_data_browse.obj
 0001:0004a260       sf_debug_st_set_data_value_ptr_in_instance 000000018004b260 f   sfc_debug:sfdb_data_browse.obj
 0001:0004a340       sf_debug_st_unset_data_value_ptr_in_machine 000000018004b340 f   sfc_debug:sfdb_data_browse.obj
 0001:0004a3b0       sf_debug_st_unset_data_value_ptr_in_instance 000000018004b3b0 f   sfc_debug:sfdb_data_browse.obj
 0001:0004a6c0       sf_debug_mx_value          000000018004b6c0 f   sfc_debug:sfdb_data_browse.obj
 0001:0004a720       sf_debug_mx_packed_vector  000000018004b720 f   sfc_debug:sfdb_data_browse.obj
 0001:0004a800       sf_debug_mx_uint_vector    000000018004b800 f   sfc_debug:sfdb_data_browse.obj
 0001:0004a8c0       sf_debug_st_get_double_value_from_void_ptr_vector 000000018004b8c0 f   sfc_debug:sfdb_data_browse.obj
 0001:0004b3b0       sf_debug_st_browse_data    000000018004c3b0 f   sfc_debug:sfdb_data_browse.obj
 0001:0004bc40       sf_debug_hm_initialize_instance 000000018004cc40 f   sfc_debug:sfdb_handle_management.obj
 0001:0004c1c0       sf_debug_hm_get_object_id  000000018004d1c0 f   sfc_debug:sfdb_handle_management.obj
 0001:0004e130       sf_debug_object_is_eml_function 000000018004f130 f   sfc_debug:sfdb_handle_management.obj
 0001:0004e1a0       sf_debug_hm_initialize_ids_in_machine 000000018004f1a0 f   sfc_debug:sfdb_handle_management.obj
 0001:0004e310       sf_debug_hm_initialize_ids_in_chart 000000018004f310 f   sfc_debug:sfdb_handle_management.obj
 0001:0004e450       sf_debug_hm_initialize_chart 000000018004f450 f   sfc_debug:sfdb_handle_management.obj
 0001:0004ec00       sf_debug_hm_terminate      000000018004fc00 f   sfc_debug:sfdb_handle_management.obj
 0001:0004ec60       sf_debug_hm_initialize_machine 000000018004fc60 f   sfc_debug:sfdb_handle_management.obj
 0001:0004f410       sf_debug_ss_initialize     0000000180050410 f   sfc_debug:sfdb_symbol_scope.obj
 0001:0004f430       sf_debug_ss_terminate      0000000180050430 f   sfc_debug:sfdb_symbol_scope.obj
 0001:0004f4c0       sf_debug_ss_push_symbol_scope 00000001800504c0 f   sfc_debug:sfdb_symbol_scope.obj
 0001:0004f5c0       sf_debug_ss_push_symbol_scope_eml 00000001800505c0 f   sfc_debug:sfdb_symbol_scope.obj
 0001:0004f620       sf_debug_ss_pop_symbol_scope 0000000180050620 f   sfc_debug:sfdb_symbol_scope.obj
 0001:0004f6d0       sf_debug_ss_add_symbol     00000001800506d0 f   sfc_debug:sfdb_symbol_scope.obj
 0001:0004f830       sf_debug_ss_add_symbol_eml 0000000180050830 f   sfc_debug:sfdb_symbol_scope.obj
 0001:00050510       sf_debug_ss_set_data_value 0000000180051510 f   sfc_debug:sfdb_symbol_scope.obj
 0001:000509b0       sf_debug_ss_watch_data     00000001800519b0 f   sfc_debug:sfdb_symbol_scope.obj
 0001:00050a50       sf_debug_ss_assign_data    0000000180051a50 f   sfc_debug:sfdb_symbol_scope.obj
 0001:00051450       get_data_entry_name        0000000180052450 f   sfc_debug:sfdb_symbol_scope.obj
 0001:000514a0       sf_debug_ss_whos           00000001800524a0 f   sfc_debug:sfdb_symbol_scope.obj
 0001:00051bb0       sf_debug_cc_initialize_chart 0000000180052bb0 f   sfc_debug:sfdb_coverage.obj
 0001:000525a0       sf_debug_cc_initialize_instance 00000001800535a0 f   sfc_debug:sfdb_coverage.obj
 0001:000533a0       sf_debug_cc_terminate      00000001800543a0 f   sfc_debug:sfdb_coverage.obj
 0001:00053490       sf_debug_cc_set_transition_maps 0000000180054490 f   sfc_debug:sfdb_coverage.obj
 0001:000535c0       sf_debug_cc_set_state_maps 00000001800545c0 f   sfc_debug:sfdb_coverage.obj
 0001:000536a0       sf_debug_cc_set_transition_weights 00000001800546a0 f   sfc_debug:sfdb_coverage.obj
 0001:00053970       sf_debug_cc_set_state_weights 0000000180054970 f   sfc_debug:sfdb_coverage.obj
 0001:00053c40       sf_debug_cc_mark_transition_guard 0000000180054c40 f   sfc_debug:sfdb_coverage.obj
 0001:00053cd0       sf_debug_cc_mark_transition_trigger 0000000180054cd0 f   sfc_debug:sfdb_coverage.obj
 0001:00053d60       sf_debug_cc_mark_transition_decision 0000000180054d60 f   sfc_debug:sfdb_coverage.obj
 0001:00053dd0       sf_debug_cc_mark_transition_condition_action 0000000180054dd0 f   sfc_debug:sfdb_coverage.obj
 0001:00053e20       sf_debug_cc_mark_transition_transition_action 0000000180054e20 f   sfc_debug:sfdb_coverage.obj
 0001:00053e70       sf_debug_cc_mark_state_entry 0000000180054e70 f   sfc_debug:sfdb_coverage.obj
 0001:00053ec0       sf_debug_cc_mark_state_during 0000000180054ec0 f   sfc_debug:sfdb_coverage.obj
 0001:00053f10       sf_debug_cc_mark_state_exit 0000000180054f10 f   sfc_debug:sfdb_coverage.obj
 0001:00053f60       sf_debug_bm_clear_script_breakpoints 0000000180054f60 f   sfc_debug:sfdb_breakpoints.obj
 0001:00053f90       sf_debug_bm_set_script_breakpoint 0000000180054f90 f   sfc_debug:sfdb_breakpoints.obj
 0001:00054010       sf_debug_bm_clear_single_script_breakpoint 0000000180055010 f   sfc_debug:sfdb_breakpoints.obj
 0001:00054090       sf_debug_bm_query_script_breakpoint 0000000180055090 f   sfc_debug:sfdb_breakpoints.obj
 0001:000540e0       sf_debug_bm_initialize_scripts 00000001800550e0 f   sfc_debug:sfdb_breakpoints.obj
 0001:00054800       sf_debug_bm_terminate      0000000180055800 f   sfc_debug:sfdb_breakpoints.obj
 0001:00054af0       sf_debug_bm_remove_all_breakpoints_in_machine 0000000180055af0 f   sfc_debug:sfdb_breakpoints.obj
 0001:00054b60       sf_debug_bm_remove_all_breakpoints_in_chart 0000000180055b60 f   sfc_debug:sfdb_breakpoints.obj
 0001:00054cb0       sf_debug_bm_initialize_global_breakpoints 0000000180055cb0 f   sfc_debug:sfdb_breakpoints.obj
 0001:00054e30       sf_debug_bm_set_breakpoint 0000000180055e30 f   sfc_debug:sfdb_breakpoints.obj
 0001:00055460       sf_debug_bm_set_eml_breakpoint 0000000180056460 f   sfc_debug:sfdb_breakpoints.obj
 0001:00055500       sf_debug_bm_initialize_machine_breakpoint_map 0000000180056500 f   sfc_debug:sfdb_breakpoints.obj
 0001:00055920       sf_debug_bm_is_a_breakpoint 0000000180056920 f   sfc_debug:sfdb_breakpoints.obj
 0001:00055e40       sf_debug_bm_get_all_breakpoints_in_machine 0000000180056e40 f   sfc_debug:sfdb_breakpoints.obj
 0001:00056140       sf_debug_bm_get_all_breakpoints_in_chart 0000000180057140 f   sfc_debug:sfdb_breakpoints.obj
 0001:00056e00       sf_debug_bm_initialize_machine 0000000180057e00 f   sfc_debug:sfdb_breakpoints.obj
 0001:00056ed0       sf_debug_bm_initialize_chart 0000000180057ed0 f   sfc_debug:sfdb_breakpoints.obj
 0001:000572f0       sf_debug_sc_terminate      00000001800582f0 f   sfc_debug:sfdb_state_consistency.obj
 0001:00057620       sf_debug_sc_is_chart_consistent 0000000180058620 f   sfc_debug:sfdb_state_consistency.obj
 0001:000578d0       sf_debug_sc_get_consistency_error_info 00000001800588d0 f   sfc_debug:sfdb_state_consistency.obj
 0001:00057d20       sf_debug_tm_terminate      0000000180058d20 f   sfc_debug:sfdb_call_stack.obj
 0001:00057de0       sf_debug_tm_push_chart_instance 0000000180058de0 f   sfc_debug:sfdb_call_stack.obj
 0001:00057f30       sf_debug_tm_pop_chart_instance 0000000180058f30 f   sfc_debug:sfdb_call_stack.obj
 0001:00057f90       sf_debug_tm_push_trace_node 0000000180058f90 f   sfc_debug:sfdb_call_stack.obj
 0001:00058120       sf_debug_tm_pop_trace_node 0000000180059120 f   sfc_debug:sfdb_call_stack.obj
 0001:000581a0       sf_debug_tm_get_current_global_trace_index 00000001800591a0 f   sfc_debug:sfdb_call_stack.obj
 0001:000581b0       sf_debug_tm_get_current_local_trace_index 00000001800591b0 f   sfc_debug:sfdb_call_stack.obj
 0001:000581e0       sf_debug_tm_set_cycle_detected_flag 00000001800591e0 f   sfc_debug:sfdb_call_stack.obj
 0001:00058220       sf_debug_tm_set_cycle_started_flag 0000000180059220 f   sfc_debug:sfdb_call_stack.obj
 0001:00058260       sf_debug_tm_get_chart_number_from_stack 0000000180059260 f   sfc_debug:sfdb_call_stack.obj
 0001:00058460       sf_debug_tm_browse_trace   0000000180059460 f   sfc_debug:sfdb_call_stack.obj
 0001:000587a0       sf_debug_cd_initialize_instance 00000001800597a0 f   sfc_debug:sfdb_cycle_detection.obj
 0001:00058a50       sf_debug_cd_mark_processed_transition_in_instance 0000000180059a50 f   sfc_debug:sfdb_cycle_detection.obj
 0001:00058af0       sf_debug_cd_checksum_push  0000000180059af0 f   sfc_debug:sfdb_cycle_detection.obj
 0001:00058db0       sf_debug_cd_checksum_pop   0000000180059db0 f   sfc_debug:sfdb_cycle_detection.obj
 0001:00058e20       sf_debug_cd_turn_off_cycle_detection 0000000180059e20 f   sfc_debug:sfdb_cycle_detection.obj
 0001:00058e70       sf_debug_cd_terminate      0000000180059e70 f   sfc_debug:sfdb_cycle_detection.obj
 0001:000590b0       md5_initialize_state       000000018005a0b0 f   sfc_debug:ckmd5.obj
 0001:00059b20       md5_update_state           000000018005ab20 f   sfc_debug:ckmd5.obj
 0001:00059b40       md5_get_hash               000000018005ab40 f   sfc_debug:ckmd5.obj
 0001:00059b70       md5_get_hash_for_a_single_string 000000018005ab70 f   sfc_debug:ckmd5.obj
 0001:00059bd4       mxGetPr                    000000018005abd4 f   libmx:libmx.dll
 0001:00059bda       mxCreateDoubleScalar       000000018005abda f   libmx:libmx.dll
 0001:00059be0       mxCreateDoubleMatrix_730   000000018005abe0 f   libmx:libmx.dll
 0001:00059be6       mxSetField_730             000000018005abe6 f   libmx:libmx.dll
 0001:00059bec       mxCreateString             000000018005abec f   libmx:libmx.dll
 0001:00059bf2       mxCreateStructMatrix_730   000000018005abf2 f   libmx:libmx.dll
 0001:00059bf8       mxDestroyArray             000000018005abf8 f   libmx:libmx.dll
 0001:00059bfe       mxDuplicateArray           000000018005abfe f   libmx:libmx.dll
 0001:00059c04       mxGetNaN                   000000018005ac04 f   libmx:libmx.dll
 0001:00059c0a       mxGetString_730            000000018005ac0a f   libmx:libmx.dll
 0001:00059c10       mxIsChar                   000000018005ac10 f   libmx:libmx.dll
 0001:00059c16       mxGetClassID               000000018005ac16 f   libmx:libmx.dll
 0001:00059c1c       mxIsNumeric                000000018005ac1c f   libmx:libmx.dll
 0001:00059c22       mxIsComplex                000000018005ac22 f   libmx:libmx.dll
 0001:00059c28       mxGetN                     000000018005ac28 f   libmx:libmx.dll
 0001:00059c2e       mxGetM                     000000018005ac2e f   libmx:libmx.dll
 0001:00059c34       mxCalloc                   000000018005ac34 f   libmx:libmx.dll
 0001:00059c3a       mxGetScalar                000000018005ac3a f   libmx:libmx.dll
 0001:00059c40       mxIsLogical                000000018005ac40 f   libmx:libmx.dll
 0001:00059c46       mxCreateDoubleMatrix_700   000000018005ac46 f   libmx:libmx.dll
 0001:00059c4c       mxFree                     000000018005ac4c f   libmx:libmx.dll
 0001:00059c52       mxArrayToString            000000018005ac52 f   libmx:libmx.dll
 0001:00059c58       mxCreateCellMatrix_700     000000018005ac58 f   libmx:libmx.dll
 0001:00059c5e       mxSetCell_700              000000018005ac5e f   libmx:libmx.dll
 0001:00059c64       mxGetCell_700              000000018005ac64 f   libmx:libmx.dll
 0001:00059c6a       mxGetClassName             000000018005ac6a f   libmx:libmx.dll
 0001:00059c70       mxSetField_700             000000018005ac70 f   libmx:libmx.dll
 0001:00059c76       mxAddField                 000000018005ac76 f   libmx:libmx.dll
 0001:00059c7c       mxGetField_700             000000018005ac7c f   libmx:libmx.dll
 0001:00059c82       mxGetNumberOfElements      000000018005ac82 f   libmx:libmx.dll
 0001:00059c88       mxIsStruct                 000000018005ac88 f   libmx:libmx.dll
 0001:00059c8e       mxIsA                      000000018005ac8e f   libmx:libmx.dll
 0001:00059c94       mxIsClass                  000000018005ac94 f   libmx:libmx.dll
 0001:00059c9a       mxGetLogicals              000000018005ac9a f   libmx:libmx.dll
 0001:00059ca0       mxIsSparse                 000000018005aca0 f   libmx:libmx.dll
 0001:00059ca6       mxSetFieldByNumber_700     000000018005aca6 f   libmx:libmx.dll
 0001:00059cac       mxGetFieldByNumber_700     000000018005acac f   libmx:libmx.dll
 0001:00059cb2       mxGetFieldNameByNumber     000000018005acb2 f   libmx:libmx.dll
 0001:00059cb8       mxGetNumberOfFields        000000018005acb8 f   libmx:libmx.dll
 0001:00059cbe       mxCreateStructMatrix_700   000000018005acbe f   libmx:libmx.dll
 0001:00059cc4       mxGetFieldNumber           000000018005acc4 f   libmx:libmx.dll
 0001:00059cca       mxIsNaN                    000000018005acca f   libmx:libmx.dll
 0001:00059cd0       mxIsEmpty                  000000018005acd0 f   libmx:libmx.dll
 0001:00059cd6       mxGetData                  000000018005acd6 f   libmx:libmx.dll
 0001:00059cdc       mxGetImagData              000000018005acdc f   libmx:libmx.dll
 0001:00059ce2       mxArrayClassIDName         000000018005ace2 f   libmx:libmx.dll
 0001:00059ce8       mxCreateNumericMatrix_700  000000018005ace8 f   libmx:libmx.dll
 0001:00059cee       mxCreateStructArray_700    000000018005acee f   libmx:libmx.dll
 0001:00059cf4       mxCalcSingleSubscript_700  000000018005acf4 f   libmx:libmx.dll
 0001:00059cfa       mxGetDimensions_700        000000018005acfa f   libmx:libmx.dll
 0001:00059d00       mxGetNumberOfDimensions_700 000000018005ad00 f   libmx:libmx.dll
 0001:00059d06       mxCreateNumericArray_700   000000018005ad06 f   libmx:libmx.dll
 0001:00059d0c       mxGetElementSize           000000018005ad0c f   libmx:libmx.dll
 0001:00059d12       mxCreateStringFromNChars_700 000000018005ad12 f   libmx:libmx.dll
 0001:00059d18       mxGetString_700            000000018005ad18 f   libmx:libmx.dll
 0001:00059d1e       mxIsLogicalScalarTrue      000000018005ad1e f   libmx:libmx.dll
 0001:00059d24       mxCreateLogicalScalar      000000018005ad24 f   libmx:libmx.dll
 0001:00059d2a       mexUnlock                  000000018005ad2a f   libmex:libmex.dll
 0001:00059d30       mexIsLocked                000000018005ad30 f   libmex:libmex.dll
 0001:00059d36       mexWarnMsgTxt              000000018005ad36 f   libmex:libmex.dll
 0001:00059d3c       mexCallMATLAB              000000018005ad3c f   libmex:libmex.dll
 0001:00059d42       mexErrMsgTxt               000000018005ad42 f   libmex:libmex.dll
 0001:00059d48       mexMakeArrayPersistent     000000018005ad48 f   libmex:libmex.dll
 0001:00059d4e       mexSetTrapFlag             000000018005ad4e f   libmex:libmex.dll
 0001:00059d54       mexPutVariable             000000018005ad54 f   libmex:libmex.dll
 0001:00059d5a       mexGetVariable             000000018005ad5a f   libmex:libmex.dll
 0001:00059d60       mexLock                    000000018005ad60 f   libmex:libmex.dll
 0001:00059d66       mexMakeMemoryPersistent    000000018005ad66 f   libmex:libmex.dll
 0001:00059d6c       mexFunctionName            000000018005ad6c f   libmex:libmex.dll
 0001:00059d72       ssRegisterDataTypeFxpFSlopeFixExpBias 000000018005ad72 f   libfixedpoint:libfixedpoint.dll
 0001:00059d78       utVSNprintf                000000018005ad78 f   libut:libut.dll
 0001:00059d7e       utCPUtime                  000000018005ad7e f   libut:libut.dll
 0001:00059d84       utFree                     000000018005ad84 f   libut:libut.dll
 0001:00059d8a       utMalloc                   000000018005ad8a f   libut:libut.dll
 0001:00059d90       muDoubleScalarPower        000000018005ad90 f   libmwmathutil:libmwmathutil.dll
 0001:00059d96       muDoubleScalarIsNaN        000000018005ad96 f   libmwmathutil:libmwmathutil.dll
 0001:00059d9c       muDoubleScalarAbs          000000018005ad9c f   libmwmathutil:libmwmathutil.dll
 0001:00059da2       emlrtCheckBuiltInCtxR2011a 000000018005ada2 f   libemlrt:libemlrt.dll
 0001:00059da8       emlrtCheckVsBuiltInCtxR2011a 000000018005ada8 f   libemlrt:libemlrt.dll
 0001:00059dae       emlrtCheckEnumR2009a       000000018005adae f   libemlrt:libemlrt.dll
 0001:00059db4       emlrtCreateEnumR2010a      000000018005adb4 f   libemlrt:libemlrt.dll
 0001:00059dba       emlrtGetEnumElementR2009a  000000018005adba f   libemlrt:libemlrt.dll
 0001:00059dc0       emlrtCreateReference       000000018005adc0 f   libemlrt:libemlrt.dll
 0001:00059dc6       emlrtImportVsFiArrayR2009b 000000018005adc6 f   libemlrt:libemlrt.dll
 0001:00059dcc       emlrtNameCapturePostProcessR2012a 000000018005adcc f   libemlrt:libemlrt.dll
 0001:00059dd2       emlrtExtractMessageId      000000018005add2 f   libemlrt:libemlrt.dll
 0001:00059dd8       emlrtTranslateMessageIDtoLCPstring 000000018005add8 f   libemlrt:libemlrt.dll
 0001:00059dde       emlrtForLoopVectorIsValidR2011b 000000018005adde f   libemlrt:libemlrt.dll
 0001:00059de4       emlrtTranslateUTF16MessagetoLCPstring 000000018005ade4 f   libemlrt:libemlrt.dll
 0001:00059dea       emlrtGetEnumUnderlyingArrayR2009a 000000018005adea f   libemlrt:libemlrt.dll
 0001:00059df0       emlrtIsEnumR2009a          000000018005adf0 f   libemlrt:libemlrt.dll
 0001:00059df8       __GSHandlerCheckCommon     000000018005adf8 f   MSVCRT:gshandler.obj
 0001:00059e5c       __GSHandlerCheck           000000018005ae5c f   MSVCRT:gshandler.obj
 0001:00059e7a       strlen                     000000018005ae7a f   MSVCRT:MSVCR100.dll
 0001:00059e90       __security_check_cookie    000000018005ae90 f   MSVCRT:amdsecgs.obj
 0001:00059eb0       memset                     000000018005aeb0 f   MSVCRT:MSVCR100.dll
 0001:00059eb6       malloc                     000000018005aeb6 f   MSVCRT:MSVCR100.dll
 0001:00059ebc       free                       000000018005aebc f   MSVCRT:MSVCR100.dll
 0001:00059ee0       _alloca_probe              000000018005aee0     MSVCRT:chkstk.obj
 0001:00059ee0       __chkstk                   000000018005aee0 f   MSVCRT:chkstk.obj
 0001:00059f2e       strcmp                     000000018005af2e f   MSVCRT:MSVCR100.dll
 0001:00059f34       sprintf                    000000018005af34 f   MSVCRT:MSVCR100.dll
 0001:00059f3a       strcat                     000000018005af3a f   MSVCRT:MSVCR100.dll
 0001:00059f40       memcpy                     000000018005af40 f   MSVCRT:MSVCR100.dll
 0001:00059f48       NtCurrentTeb               000000018005af48 f i MSVCRT:crtdll.obj
 0001:00059fb4       _CRT_INIT                  000000018005afb4 f   MSVCRT:crtdll.obj
 0001:0005a34c       _DllMainCRTStartup         000000018005b34c f   MSVCRT:crtdll.obj
 0001:0005a38a       strncpy                    000000018005b38a f   MSVCRT:MSVCR100.dll
 0001:0005a390       longjmp                    000000018005b390 f   MSVCRT:MSVCR100.dll
 0001:0005a396       strncmp                    000000018005b396 f   MSVCRT:MSVCR100.dll
 0001:0005a39c       ceil                       000000018005b39c f   MSVCRT:MSVCR100.dll
 0001:0005a3a2       strrchr                    000000018005b3a2 f   MSVCRT:MSVCR100.dll
 0001:0005a3a8       _setjmp                    000000018005b3a8 f   MSVCRT:MSVCR100.dll
 0001:0005a3ae       calloc                     000000018005b3ae f   MSVCRT:MSVCR100.dll
 0001:0005a3b4       realloc                    000000018005b3b4 f   MSVCRT:MSVCR100.dll
 0001:0005a3ba       ldexp                      000000018005b3ba f   MSVCRT:MSVCR100.dll
 0001:0005a3c0       __report_gsfailure         000000018005b3c0 f   MSVCRT:gs_report.obj
 0001:0005a50c       __clean_type_info_names    000000018005b50c f   MSVCRT:tncleanup.obj
 0001:0005a518       _onexit                    000000018005b518 f   MSVCRT:atonexit.obj
 0001:0005a5c8       atexit                     000000018005b5c8 f   MSVCRT:atonexit.obj
 0001:0005a5e0       _RTC_Initialize            000000018005b5e0 f   MSVCRT:_initsect_.obj
 0001:0005a618       _RTC_Terminate             000000018005b618 f   MSVCRT:_initsect_.obj
 0001:0005a650       _malloc_crt                000000018005b650 f   MSVCRT:MSVCR100.dll
 0001:0005a660       _ValidateImageBase         000000018005b660 f   MSVCRT:pesect.obj
 0001:0005a690       _FindPESection             000000018005b690 f   MSVCRT:pesect.obj
 0001:0005a6e0       _IsNonwritableInCurrentImage 000000018005b6e0 f   MSVCRT:pesect.obj
 0001:0005a722       _initterm                  000000018005b722 f   MSVCRT:MSVCR100.dll
 0001:0005a728       _initterm_e                000000018005b728 f   MSVCRT:MSVCR100.dll
 0001:0005a72e       _encoded_null              000000018005b72e f   MSVCRT:MSVCR100.dll
 0001:0005a734       _amsg_exit                 000000018005b734 f   MSVCRT:MSVCR100.dll
 0001:0005a73a       __C_specific_handler       000000018005b73a f   MSVCRT:MSVCR100.dll
 0001:0005a740       __CppXcptFilter            000000018005b740 f   MSVCRT:MSVCR100.dll
 0001:0005a748       DllMain                    000000018005b748 f   MSVCRT:dllmain.obj
 0001:0005a76c       __security_init_cookie     000000018005b76c f   MSVCRT:gs_support.obj
 0001:0005a820       __crt_debugger_hook        000000018005b820 f   MSVCRT:MSVCR100.dll
 0001:0005a826       __clean_type_info_names_internal 000000018005b826 f   MSVCRT:MSVCR100.dll
 0001:0005a82c       _unlock                    000000018005b82c f   MSVCRT:MSVCR100.dll
 0001:0005a832       __dllonexit                000000018005b832 f   MSVCRT:MSVCR100.dll
 0001:0005a838       _lock                      000000018005b838 f   MSVCRT:MSVCR100.dll
 0001:0005a83e       EncodePointer              000000018005b83e f   kernel32:KERNEL32.dll
 0001:0005a844       DecodePointer              000000018005b844 f   kernel32:KERNEL32.dll
 0001:0005a84a       Sleep                      000000018005b84a f   kernel32:KERNEL32.dll
 0001:0005a850       TerminateProcess           000000018005b850 f   kernel32:KERNEL32.dll
 0001:0005a856       GetCurrentProcess          000000018005b856 f   kernel32:KERNEL32.dll
 0001:0005a85c       UnhandledExceptionFilter   000000018005b85c f   kernel32:KERNEL32.dll
 0001:0005a862       SetUnhandledExceptionFilter 000000018005b862 f   kernel32:KERNEL32.dll
 0001:0005a868       IsDebuggerPresent          000000018005b868 f   kernel32:KERNEL32.dll
 0001:0005a86e       RtlVirtualUnwind           000000018005b86e f   kernel32:KERNEL32.dll
 0001:0005a874       RtlLookupFunctionEntry     000000018005b874 f   kernel32:KERNEL32.dll
 0001:0005a87a       RtlCaptureContext          000000018005b87a f   kernel32:KERNEL32.dll
 0001:0005a880       DisableThreadLibraryCalls  000000018005b880 f   kernel32:KERNEL32.dll
 0001:0005a886       QueryPerformanceCounter    000000018005b886 f   kernel32:KERNEL32.dll
 0001:0005a88c       GetTickCount               000000018005b88c f   kernel32:KERNEL32.dll
 0001:0005a892       GetCurrentThreadId         000000018005b892 f   kernel32:KERNEL32.dll
 0001:0005a898       GetCurrentProcessId        000000018005b898 f   kernel32:KERNEL32.dll
 0001:0005a89e       GetSystemTimeAsFileTime    000000018005b89e f   kernel32:KERNEL32.dll
 0002:00000000       __imp_DisableThreadLibraryCalls 000000018005c000     kernel32:KERNEL32.dll
 0002:00000008       __imp_RtlCaptureContext    000000018005c008     kernel32:KERNEL32.dll
 0002:00000010       __imp_RtlLookupFunctionEntry 000000018005c010     kernel32:KERNEL32.dll
 0002:00000018       __imp_RtlVirtualUnwind     000000018005c018     kernel32:KERNEL32.dll
 0002:00000020       __imp_IsDebuggerPresent    000000018005c020     kernel32:KERNEL32.dll
 0002:00000028       __imp_SetUnhandledExceptionFilter 000000018005c028     kernel32:KERNEL32.dll
 0002:00000030       __imp_UnhandledExceptionFilter 000000018005c030     kernel32:KERNEL32.dll
 0002:00000038       __imp_GetCurrentProcess    000000018005c038     kernel32:KERNEL32.dll
 0002:00000040       __imp_TerminateProcess     000000018005c040     kernel32:KERNEL32.dll
 0002:00000048       __imp_Sleep                000000018005c048     kernel32:KERNEL32.dll
 0002:00000050       __imp_DecodePointer        000000018005c050     kernel32:KERNEL32.dll
 0002:00000058       __imp_EncodePointer        000000018005c058     kernel32:KERNEL32.dll
 0002:00000060       __imp_GetTickCount         000000018005c060     kernel32:KERNEL32.dll
 0002:00000068       __imp_GetCurrentThreadId   000000018005c068     kernel32:KERNEL32.dll
 0002:00000070       __imp_GetCurrentProcessId  000000018005c070     kernel32:KERNEL32.dll
 0002:00000078       __imp_GetSystemTimeAsFileTime 000000018005c078     kernel32:KERNEL32.dll
 0002:00000080       __imp_QueryPerformanceCounter 000000018005c080     kernel32:KERNEL32.dll
 0002:00000088       \177KERNEL32_NULL_THUNK_DATA 000000018005c088     kernel32:KERNEL32.dll
 0002:00000090       __imp_realloc              000000018005c090     MSVCRT:MSVCR100.dll
 0002:00000098       __imp__onexit              000000018005c098     MSVCRT:MSVCR100.dll
 0002:000000a0       __imp__lock                000000018005c0a0     MSVCRT:MSVCR100.dll
 0002:000000a8       __imp___dllonexit          000000018005c0a8     MSVCRT:MSVCR100.dll
 0002:000000b0       __imp__unlock              000000018005c0b0     MSVCRT:MSVCR100.dll
 0002:000000b8       __imp___clean_type_info_names_internal 000000018005c0b8     MSVCRT:MSVCR100.dll
 0002:000000c0       __imp___crt_debugger_hook  000000018005c0c0     MSVCRT:MSVCR100.dll
 0002:000000c8       __imp___CppXcptFilter      000000018005c0c8     MSVCRT:MSVCR100.dll
 0002:000000d0       __imp___C_specific_handler 000000018005c0d0     MSVCRT:MSVCR100.dll
 0002:000000d8       __imp__amsg_exit           000000018005c0d8     MSVCRT:MSVCR100.dll
 0002:000000e0       __imp__encoded_null        000000018005c0e0     MSVCRT:MSVCR100.dll
 0002:000000e8       __imp__initterm_e          000000018005c0e8     MSVCRT:MSVCR100.dll
 0002:000000f0       __imp__initterm            000000018005c0f0     MSVCRT:MSVCR100.dll
 0002:000000f8       __imp__malloc_crt          000000018005c0f8     MSVCRT:MSVCR100.dll
 0002:00000100       __imp_ldexp                000000018005c100     MSVCRT:MSVCR100.dll
 0002:00000108       __imp_strlen               000000018005c108     MSVCRT:MSVCR100.dll
 0002:00000110       __imp_calloc               000000018005c110     MSVCRT:MSVCR100.dll
 0002:00000118       __imp__setjmp              000000018005c118     MSVCRT:MSVCR100.dll
 0002:00000120       __imp_strrchr              000000018005c120     MSVCRT:MSVCR100.dll
 0002:00000128       __imp_ceil                 000000018005c128     MSVCRT:MSVCR100.dll
 0002:00000130       __imp_strncmp              000000018005c130     MSVCRT:MSVCR100.dll
 0002:00000138       __imp_longjmp              000000018005c138     MSVCRT:MSVCR100.dll
 0002:00000140       __imp_strncpy              000000018005c140     MSVCRT:MSVCR100.dll
 0002:00000148       __imp_memcpy               000000018005c148     MSVCRT:MSVCR100.dll
 0002:00000150       __imp_strcat               000000018005c150     MSVCRT:MSVCR100.dll
 0002:00000158       __imp_sprintf              000000018005c158     MSVCRT:MSVCR100.dll
 0002:00000160       __imp_strcmp               000000018005c160     MSVCRT:MSVCR100.dll
 0002:00000168       __imp_free                 000000018005c168     MSVCRT:MSVCR100.dll
 0002:00000170       __imp_malloc               000000018005c170     MSVCRT:MSVCR100.dll
 0002:00000178       __imp_memset               000000018005c178     MSVCRT:MSVCR100.dll
 0002:00000180       \177MSVCR100_NULL_THUNK_DATA 000000018005c180     MSVCRT:MSVCR100.dll
 0002:00000188       __imp_emlrtCheckBuiltInCtxR2011a 000000018005c188     libemlrt:libemlrt.dll
 0002:00000190       __imp_emlrtIsEnumR2009a    000000018005c190     libemlrt:libemlrt.dll
 0002:00000198       __imp_emlrtGetEnumUnderlyingArrayR2009a 000000018005c198     libemlrt:libemlrt.dll
 0002:000001a0       __imp_emlrtTranslateUTF16MessagetoLCPstring 000000018005c1a0     libemlrt:libemlrt.dll
 0002:000001a8       __imp_emlrtForLoopVectorIsValidR2011b 000000018005c1a8     libemlrt:libemlrt.dll
 0002:000001b0       __imp_emlrtTranslateMessageIDtoLCPstring 000000018005c1b0     libemlrt:libemlrt.dll
 0002:000001b8       __imp_emlrtExtractMessageId 000000018005c1b8     libemlrt:libemlrt.dll
 0002:000001c0       __imp_emlrtNameCapturePostProcessR2012a 000000018005c1c0     libemlrt:libemlrt.dll
 0002:000001c8       __imp_emlrtCheckVsBuiltInCtxR2011a 000000018005c1c8     libemlrt:libemlrt.dll
 0002:000001d0       __imp_emlrtCheckEnumR2009a 000000018005c1d0     libemlrt:libemlrt.dll
 0002:000001d8       __imp_emlrtCreateEnumR2010a 000000018005c1d8     libemlrt:libemlrt.dll
 0002:000001e0       __imp_emlrtGetEnumElementR2009a 000000018005c1e0     libemlrt:libemlrt.dll
 0002:000001e8       __imp_emlrtCreateReference 000000018005c1e8     libemlrt:libemlrt.dll
 0002:000001f0       __imp_emlrtImportVsFiArrayR2009b 000000018005c1f0     libemlrt:libemlrt.dll
 0002:000001f8       \177libemlrt_NULL_THUNK_DATA 000000018005c1f8     libemlrt:libemlrt.dll
 0002:00000200       __imp_ssRegisterDataTypeFxpFSlopeFixExpBias 000000018005c200     libfixedpoint:libfixedpoint.dll
 0002:00000208       \177libfixedpoint_NULL_THUNK_DATA 000000018005c208     libfixedpoint:libfixedpoint.dll
 0002:00000210       __imp_mexLock              000000018005c210     libmex:libmex.dll
 0002:00000218       __imp_mexMakeMemoryPersistent 000000018005c218     libmex:libmex.dll
 0002:00000220       __imp_mexFunctionName      000000018005c220     libmex:libmex.dll
 0002:00000228       __imp_mexMakeArrayPersistent 000000018005c228     libmex:libmex.dll
 0002:00000230       __imp_mexGetVariable       000000018005c230     libmex:libmex.dll
[...]
 0001:00031f50       sf_numeric_value_to_double 0000000180032f50 f   sfc_mex:sfc_mex.obj
 0001:00031fa0       ml_generic_out_of_bounds_check 0000000180032fa0 f   sfc_mex:sfc_mex.obj
 0001:00032170       ml_get_element_value_from_array 0000000180033170 f   sfc_mex:sfc_mex.obj
 0001:00032510       _ml_generic_castability_check 0000000180033510 f   sfc_mex:sfc_mex.obj
 0001:00033270       ml_generic_castability_check 0000000180034270 f   sfc_mex:sfc_mex.obj
 0001:00033310       ml_check_mx_array_for_single_castability 0000000180034310 f   sfc_mex:sfc_mex.obj
 0001:000333b0       ml_check_mx_array_for_logical_castability 00000001800343b0 f   sfc_mex:sfc_mex.obj
 0001:00033450       ml_check_mx_array_for_int8_castability 0000000180034450 f   sfc_mex:sfc_mex.obj
 0001:00033500       ml_check_mx_array_for_uint8_castability 0000000180034500 f   sfc_mex:sfc_mex.obj
 0001:00033560       ml_check_mx_array_for_int16_castability 0000000180034560 f   sfc_mex:sfc_mex.obj
 0001:000335c0       ml_check_mx_array_for_uint16_castability 00000001800345c0 f   sfc_mex:sfc_mex.obj
 0001:00033620       ml_check_mx_array_for_int32_castability 0000000180034620 f   sfc_mex:sfc_mex.obj
 0001:00033680       ml_check_mx_array_for_uint32_castability 0000000180034680 f   sfc_mex:sfc_mex.obj
 0001:000336e0       ml_check_mx_array_for_castability 00000001800346e0 f   sfc_mex:sfc_mex.obj
 0001:00034010       set_data_value             0000000180035010 f   sfc_mex:sfc_mex.obj
 0001:00034380       get_data_value             0000000180035380 f   sfc_mex:sfc_mex.obj
 0001:00034490       get_next_element_address   0000000180035490 f   sfc_mex:sfc_mex.obj
 0001:00034560       sf_normalize_index         0000000180035560 f   sfc_mex:sfc_mex.obj
 0001:000348f0       ml_array_index_bound_check 00000001800358f0 f   sfc_mex:sfc_mex.obj
 0001:00035410       mx_value                   0000000180036410 f   sfc_mex:sfc_mex.obj
 0001:00035460       sf_create_numeric_array    0000000180036460 f   sfc_mex:sfc_mex.obj
 0001:00035500       sf_mex_assign_to_mx_array  0000000180036500 f   sfc_mex:sfc_mex.obj
 0001:00035850       assign_from_mx_array       0000000180036850 f   sfc_mex:sfc_mex.obj
 0001:00036080       sf_mex_import_v            0000000180037080 f   sfc_mex:sfc_mex.obj
 0001:00036780       get_machine_and_chart_file_number 0000000180037780 f   sfc_mex:sfc_sf.obj
 0001:00036870       get_sfun_block_specialization 0000000180037870 f   sfc_mex:sfc_sf.obj
 0001:00036920       call_sf_machine_global_method_dispatcher 0000000180037920 f   sfc_mex:sfc_sf.obj
 0001:00036b70       mdl_zeroCrossings_processing 0000000180037b70 f   sfc_mex:sfc_sf.obj
 0001:00036c40       mdl_derivatives_processing 0000000180037c40 f   sfc_mex:sfc_sf.obj
 0001:00036f00       mdl_outputs_continuous_legacy 0000000180037f00 f   sfc_mex:sfc_sf.obj
 0001:00036f80       mdl_outputs_processing     0000000180037f80 f   sfc_mex:sfc_sf.obj
 0001:000371b0       mdl_enable_processing      00000001800381b0 f   sfc_mex:sfc_sf.obj
 0001:00037280       mdl_disable_processing     0000000180038280 f   sfc_mex:sfc_sf.obj
 0001:00037ff0       sf_call_output_fcn_enable_disable 0000000180038ff0 f   sfc_mex:sfc_sf.obj
 0001:00038270       set_dwork_information_from_mx_array 0000000180039270 f   sfc_mex:sfc_sf.obj
 0001:00038b30       ptr2mxStruct               0000000180039b30 f   sfc_mex:sfc_sf.obj
 0001:00038e40       SNPRINTF_WRAPPER           0000000180039e40 f   sfc_debug:sfcdebug.obj
 0001:00038e60       sf_debug_chart_instance_initialized_quick 0000000180039e60 f   sfc_debug:sfcdebug.obj
 0001:00038e70       sf_debug_chart_instance_initialized 0000000180039e70 f   sfc_debug:sfcdebug.obj
 0001:00039010       sfrtAddSize                000000018003a010 f   sfc_debug:sfcdebug.obj
 0001:000390d0       sfrtGenSizeString          000000018003a0d0 f   sfc_debug:sfcdebug.obj
 0001:000397e0       fill_single_message_info   000000018003a7e0 f   sfc_debug:sfcdebug.obj
 0001:000399a0       sf_debug_sim_status_listener 000000018003a9a0 f   sfc_debug:sfcdebug.obj
 0001:00039f10       sf_debug_form_mask_bits    000000018003af10 f   sfc_debug:sfcdebug.obj
 0001:00039f50       sf_debug_form_sf_data_type_offsets 000000018003af50 f   sfc_debug:sfcdebug.obj
 0001:0003a010       sf_debug_free_all          000000018003b010 f   sfc_debug:sfcdebug.obj
 0001:0003a1c0       sf_debug_append_debugger_context 000000018003b1c0 f   sfc_debug:sfcdebug.obj
 0001:0003a480       local_strdup               000000018003b480 f   sfc_debug:sfcdebug.obj
 0001:0003b360       sf_debug_em_terminate      000000018003c360 f   sfc_debug:sfcdebug.obj
 0001:0003b3a0       sf_debug_push_eml_function 000000018003c3a0 f   sfc_debug:sfcdebug.obj
 0001:0003b440       sf_debug_pop_eml_function  000000018003c440 f   sfc_debug:sfcdebug.obj
 0001:0003c140       sf_debug_get_machine_number_from_id_or_name 000000018003d140 f   sfc_debug:sfcdebug.obj
 0001:0003c290       sf_debug_get_chart_number_from_id 000000018003d290 f   sfc_debug:sfcdebug.obj
 0001:0003cf00       sf_debug_transfer_control_to_debugger_GUI 000000018003df00 f   sfc_debug:sfcdebug.obj
 0001:0003de90       sf_debug_scripts_rehash    000000018003ee90 f   sfc_debug:sfcdebug.obj
 0001:0003e0d0       sf_debug_get_script_line_count 000000018003f0d0 f   sfc_debug:sfcdebug.obj
 0001:0003ea00       cv_eml_state_cvId          000000018003fa00 f   sfc_debug:sfcdebug.obj
 0001:0003ea70       cv_eml_trans_cvId          000000018003fa70 f   sfc_debug:sfcdebug.obj
 0001:0003fd30       sf_debug_data_array_bounds_error 0000000180040d30 f   sfc_debug:sfcdebug.obj
 0001:00040160       eml_debug_runtime_error_doclink 0000000180041160 f   sfc_debug:sfcdebug.obj
 0001:000402e0       sf_debug_runtime_error     00000001800412e0 f   sfc_debug:sfcdebug.obj
 0001:00040350       sf_debug_matlab_error      0000000180041350 f   sfc_debug:sfcdebug.obj
 0001:00040c80       sf_debug_data_value_error  0000000180041c80 f   sfc_debug:sfcdebug.obj
 0001:00041580       sf_debug_data_loss_error   0000000180042580 f   sfc_debug:sfcdebug.obj
 0001:000424a0       call_cv_range_check        00000001800434a0 f   sfc_debug:sfcdebug.obj
 0001:00042c70       sf_debug_invoke_cycle_detection_code 0000000180043c70 f   sfc_debug:sfcdebug.obj
 0001:00043d50       sf_reset_debug_info_struct 0000000180044d50 f   sfc_debug:sfcdebug.obj
 0001:00044640       cv_script_cvId             0000000180045640 f   sfc_debug:sfcdebug.obj
 0001:00045390       sfc_api_chart_visible      0000000180046390 f   sfc_debug:sfc_api.obj
 0001:00045410       sfc_api_active_instance    0000000180046410 f   sfc_debug:sfc_api.obj
 0001:00045490       sfc_api_machine_load       0000000180046490 f   sfc_debug:sfc_api.obj
 0001:00045560       sfc_api_debugger_alive     0000000180046560 f   sfc_debug:sfc_api.obj
 0001:00045570       sfc_api_go                 0000000180046570 f   sfc_debug:sfc_api.obj
 0001:00045580       sfc_api_step_over          0000000180046580 f   sfc_debug:sfc_api.obj
 0001:00045590       sfc_api_step_out           0000000180046590 f   sfc_debug:sfc_api.obj
 0001:000455a0       sfc_api_resume             00000001800465a0 f   sfc_debug:sfc_api.obj
 0001:000455b0       sfc_api_break              00000001800465b0 f   sfc_debug:sfc_api.obj
 0001:000455c0       sfc_api_stop_debugging     00000001800465c0 f   sfc_debug:sfc_api.obj
 0001:00045610       sfc_api_is_cycle_detected  0000000180046610 f   sfc_debug:sfc_api.obj
 0001:00045660       sfc_api_is_array_bounds_detected 0000000180046660 f   sfc_debug:sfc_api.obj
 0001:000456b0       sfc_api_set_disable_all_breakpoints 00000001800466b0 f   sfc_debug:sfc_api.obj
 0001:00045720       sfc_api_disable_all_breakpoints_and_go 0000000180046720 f   sfc_debug:sfc_api.obj
 0001:00045730       sfc_api_close              0000000180046730 f   sfc_debug:sfc_api.obj
 0001:00045740       sfc_api_browse_data        0000000180046740 f   sfc_debug:sfc_api.obj
 0001:000457b0       sfc_api_watch_data         00000001800467b0 f   sfc_debug:sfc_api.obj
 0001:00045850       sfc_api_extract_message_post_receive_info 0000000180046850 f   sfc_debug:sfc_api.obj
 0001:00045870       sfc_api_assign_data        0000000180046870 f   sfc_debug:sfc_api.obj
 0001:00045910       sfc_api_whos               0000000180046910 f   sfc_debug:sfc_api.obj
 0001:000459a0       sfc_api_get_consistency_info 00000001800469a0 f   sfc_debug:sfc_api.obj
 0001:000459b0       sfc_api_browse_trace       00000001800469b0 f   sfc_debug:sfc_api.obj
 0001:000459c0       sfc_api_break_on_chart_entry 00000001800469c0 f   sfc_debug:sfc_api.obj
 0001:000459e0       sfc_api_break_on_event_broadcast 00000001800469e0 f   sfc_debug:sfc_api.obj
 0001:00045a00       sfc_api_break_on_state_entry 0000000180046a00 f   sfc_debug:sfc_api.obj
 0001:00045a20       sfc_api_set_watch          0000000180046a20 f   sfc_debug:sfc_api.obj
 0001:00045ac0       sfc_api_set_breakpoints    0000000180046ac0 f   sfc_debug:sfc_api.obj
 0001:00045b60       sfc_api_set_eml_breakpoints 0000000180046b60 f   sfc_debug:sfc_api.obj
 0001:00045be0       sfc_api_set_script_breakpoints 0000000180046be0 f   sfc_debug:sfc_api.obj
 0001:00045c30       sfc_api_add_script_breakpoints 0000000180046c30 f   sfc_debug:sfc_api.obj
 0001:00045c80       sfc_api_clear_script_breakpoints 0000000180046c80 f   sfc_debug:sfc_api.obj
 0001:00045cd0       sfc_api_query_script_breakpoints 0000000180046cd0 f   sfc_debug:sfc_api.obj
 0001:00045d30       sfc_api_get_script_id      0000000180046d30 f   sfc_debug:sfc_api.obj
 0001:00045df0       sfc_api_get_active_states  0000000180046df0 f   sfc_debug:sfc_api.obj
 0001:00045e70       sfc_api_break_between_times 0000000180046e70 f   sfc_debug:sfc_api.obj
 0001:00045ed0       sfc_api_get_instance_handle 0000000180046ed0 f   sfc_debug:sfc_api.obj
 0001:00045f80       sfc_api_set_animation      0000000180046f80 f   sfc_debug:sfc_api.obj
 0001:00045fd0       sfc_api_select_chart       0000000180046fd0 f   sfc_debug:sfc_api.obj
 0001:00046030       sfc_api_select_charts      0000000180047030 f   sfc_debug:sfc_api.obj
 0001:00046060       sfc_api_cycle_detection_check 0000000180047060 f   sfc_debug:sfc_api.obj
 0001:000460b0       sfc_api_data_range_check   00000001800470b0 f   sfc_debug:sfc_api.obj
 0001:00046100       sfc_api_transition_conflict_check 0000000180047100 f   sfc_debug:sfc_api.obj
 0001:00046150       sfc_api_state_consistency_check 0000000180047150 f   sfc_debug:sfc_api.obj
 0001:000461a0       sfc_api_set_instance_cv_ids 00000001800471a0 f   sfc_debug:sfc_api.obj
 0001:000462b0       sfc_api_set_script_cv_ids  00000001800472b0 f   sfc_debug:sfc_api.obj
 0001:00046360       sfc_api_get_current_machine_id 0000000180047360 f   sfc_debug:sfc_api.obj
 0001:00046390       sfc_api_get_current_machine_number 0000000180047390 f   sfc_debug:sfc_api.obj
 0001:000463c0       sfc_api_get_current_chart_number 00000001800473c0 f   sfc_debug:sfc_api.obj
 0001:000463f0       sfc_api_get_current_instance_number 00000001800473f0 f   sfc_debug:sfc_api.obj
 0001:00046420       sfc_api_get_current_instance_handle 0000000180047420 f   sfc_debug:sfc_api.obj
 0001:00046440       sfc_api_get_current_is_minor_time_step 0000000180047440 f   sfc_debug:sfc_api.obj
 0001:00046470       sfc_api_get_current_machine_name 0000000180047470 f   sfc_debug:sfc_api.obj
 0001:00046490       sfc_api_get_current_chart_id 0000000180047490 f   sfc_debug:sfc_api.obj
 0001:000464c0       sfc_api_get_current_object_type 00000001800474c0 f   sfc_debug:sfc_api.obj
 0001:000464f0       sfc_api_get_current_event_type 00000001800474f0 f   sfc_debug:sfc_api.obj
 0001:00046520       sfc_api_get_current_object_id 0000000180047520 f   sfc_debug:sfc_api.obj
 0001:00046550       sfc_get_current_active_event_type 0000000180047550 f   sfc_debug:sfc_api.obj
 0001:00046580       sfc_api_get_current_active_event_id 0000000180047580 f   sfc_debug:sfc_api.obj
 0001:000465b0       sfc_api_get_current_simulation_time 00000001800475b0 f   sfc_debug:sfc_api.obj
 0001:000465d0       sfc_get_current_tag_type   00000001800475d0 f   sfc_debug:sfc_api.obj
 0001:00046600       sfc_get_current_coverage_percentage 0000000180047600 f   sfc_debug:sfc_api.obj
 0001:00046620       sfc_get_current_statement_context 0000000180047620 f   sfc_debug:sfc_api.obj
 0001:00046640       sfc_get_current_optional_integer 0000000180047640 f   sfc_debug:sfc_api.obj
 0001:00046670       sfc_get_current_statement_info 0000000180047670 f   sfc_debug:sfc_api.obj
 0001:00046710       sfc_api_get                0000000180047710 f   sfc_debug:sfc_api.obj
 0001:00046870       sf_debug_sm_is_using_unified_editors 0000000180047870 f   sfc_debug:sfdb_animation.obj
 0001:00046910       sf_debug_sm_is_chart_visible_in_unified_editors 0000000180047910 f   sfc_debug:sfdb_animation.obj
 0001:000469d0       sf_debug_sm_check_if_chart_is_visible 00000001800479d0 f   sfc_debug:sfdb_animation.obj
 0001:000474d0       sf_debug_sm_fill_state_activity_data 00000001800484d0 f   sfc_debug:sfdb_animation.obj
 0001:00049d00       void_ptr_stack_vector_free_total 000000018004ad00 f   sfc_debug:sfdb_data_browse.obj
 0001:00049d90       sf_debug_st_terminate_machine 000000018004ad90 f   sfc_debug:sfdb_data_browse.obj
 0001:00049dd0       sf_debug_st_terminate_instance 000000018004add0 f   sfc_debug:sfdb_data_browse.obj
 0001:0004a180       push_on_to_void_ptr_stack  000000018004b180 f   sfc_debug:sfdb_data_browse.obj
 0001:0004a310       pop_from_void_ptr_stack    000000018004b310 f   sfc_debug:sfdb_data_browse.obj
 0001:0004a440       sf_debug_st_get_data_value 000000018004b440 f   sfc_debug:sfdb_data_browse.obj
 0001:0004a9d0       mx_value                   000000018004b9d0 f   sfc_debug:sfdb_data_browse.obj
 0001:0004aa10       sf_debug_st_fill_data_struct 000000018004ba10 f   sfc_debug:sfdb_data_browse.obj
 0001:0004ad50       data_type_format_strings   000000018004bd50 f   sfc_debug:sfdb_data_browse.obj
 0001:0004ae00       sf_debug_st_fill_data      000000018004be00 f   sfc_debug:sfdb_data_browse.obj
 0001:0004bb50       sf_debug_hm_get_simulink_handle 000000018004cb50 f   sfc_debug:sfdb_handle_management.obj
 0001:0004c6a0       sf_debug_hm_initialize_globals 000000018004d6a0 f   sfc_debug:sfdb_handle_management.obj
 0001:0004c7a0       sf_debug_hm_get_machine_debug_flag 000000018004d7a0 f   sfc_debug:sfdb_handle_management.obj
 0001:0004c910       sf_debug_hm_get_machine_id 000000018004d910 f   sfc_debug:sfdb_handle_management.obj
 0001:0004ca30       sf_debug_hm_get_chart_id   000000018004da30 f   sfc_debug:sfdb_handle_management.obj
 0001:0004cbd0       sf_debug_hm_register_executing_SFunction 000000018004dbd0 f   sfc_debug:sfdb_handle_management.obj
 0001:0004cd70       sf_debug_hm_get_chart_active_instance 000000018004dd70 f   sfc_debug:sfdb_handle_management.obj
 0001:0004cee0       sf_debug_hm_get_chart_visibility 000000018004dee0 f   sfc_debug:sfdb_handle_management.obj
 0001:0004d030       sf_debug_hm_form_object_boolean_properties 000000018004e030 f   sfc_debug:sfdb_handle_management.obj
 0001:0004d300       sf_debug_hm_form_object_properties 000000018004e300 f   sfc_debug:sfdb_handle_management.obj
 0001:0004d540       sf_debug_hm_terminate_charts 000000018004e540 f   sfc_debug:sfdb_handle_management.obj
 0001:0004dcb0       sf_debug_hm_terminate_machines 000000018004ecb0 f   sfc_debug:sfdb_handle_management.obj
 0001:0004f900       sf_debug_ss_copy_dimension 0000000180050900 f   sfc_debug:sfdb_symbol_scope.obj
 0001:0004f9c0       sf_debug_ss_get_number_elements 00000001800509c0 f   sfc_debug:sfdb_symbol_scope.obj
 0001:0004f9e0       sf_debug_ss_fill_data_struct 00000001800509e0 f   sfc_debug:sfdb_symbol_scope.obj
 0001:0004fd30       sf_debug_ss_reset_data_info 0000000180050d30 f   sfc_debug:sfdb_symbol_scope.obj
 0001:0004fd90       sf_debug_fill_data_info_by_symbol_scope_entry 0000000180050d90 f   sfc_debug:sfdb_symbol_scope.obj
 0001:0004fe50       sf_debug_fill_data_info_by_data_vector 0000000180050e50 f   sfc_debug:sfdb_symbol_scope.obj
 0001:000500a0       sf_debug_ss_get_data_info  00000001800510a0 f   sfc_debug:sfdb_symbol_scope.obj
 0001:00050390       sf_debug_select_mex_function 0000000180051390 f   sfc_debug:sfdb_symbol_scope.obj
 0001:000503c0       sf_debug_is_dyn_matrix_initialized 00000001800513c0 f   sfc_debug:sfdb_symbol_scope.obj
 0001:000503e0       sf_debug_ss_set_data_value_try 00000001800513e0 f   sfc_debug:sfdb_symbol_scope.obj
 0001:000505b0       sf_debug_ss_get_data_value 00000001800515b0 f   sfc_debug:sfdb_symbol_scope.obj
 0001:00050b00       sf_debug_ss_data_bytes_string 0000000180051b00 f   sfc_debug:sfdb_symbol_scope.obj
 0001:00050bb0       sf_debug_ss_data_class_string 0000000180051bb0 f   sfc_debug:sfdb_symbol_scope.obj
 0001:00050f40       sf_debug_ss_data_size_string 0000000180051f40 f   sfc_debug:sfdb_symbol_scope.obj
 0001:00051020       sf_debug_ss_data_create_data_info_struct 0000000180052020 f   sfc_debug:sfdb_symbol_scope.obj
 0001:000512f0       sf_debug_ss_data_create_name_value_pair 00000001800522f0 f   sfc_debug:sfdb_symbol_scope.obj
 0001:00051390       sf_debug_ss_data_get_whos_info 0000000180052390 f   sfc_debug:sfdb_symbol_scope.obj
 0001:000513a0       same_named_data_in_data_array 00000001800523a0 f   sfc_debug:sfdb_symbol_scope.obj
 0001:00052c10       sf_debug_cc_terminate_chart 0000000180053c10 f   sfc_debug:sfdb_coverage.obj
 0001:00052fb0       sf_debug_cc_terminate_instance 0000000180053fb0 f   sfc_debug:sfdb_coverage.obj
 0001:00053ba0       sf_debug_cc_mark_object_if_needed 0000000180054ba0 f   sfc_debug:sfdb_coverage.obj
 0001:000544a0       sf_debug_bm_initialize_eml 00000001800554a0 f   sfc_debug:sfdb_breakpoints.obj
 0001:00055610       sf_debug_bm_map_debug_tag_to_breakpoint_tag 0000000180056610 f   sfc_debug:sfdb_breakpoints.obj
 0001:000556f0       sf_debug_bm_is_a_eml_breakpoint_impl 00000001800566f0 f   sfc_debug:sfdb_breakpoints.obj
 0001:00057170       sf_debug_sc_push_on_error_stack 0000000180058170 f   sfc_debug:sfdb_state_consistency.obj
 0001:000572a0       sf_debug_sc_reset_error_stack 00000001800582a0 f   sfc_debug:sfdb_state_consistency.obj
 0001:00057430       sf_debug_sc_is_state_inconsistent 0000000180058430 f   sfc_debug:sfdb_state_consistency.obj
 0001:00057730       sf_debug_sc_fill_consistency_info 0000000180058730 f   sfc_debug:sfdb_state_consistency.obj
 0001:00057d10       void_assertion_fcn         0000000180058d10 f   sfc_debug:sfdb_call_stack.obj
 0001:00058290       sf_debug_tm_fill_local_trace 0000000180059290 f   sfc_debug:sfdb_call_stack.obj
 0001:00058860       sf_debug_cd_terminate_instance 0000000180059860 f   sfc_debug:sfdb_cycle_detection.obj
 0001:000588c0       sf_debug_cd_free_checksum_stack 00000001800598c0 f   sfc_debug:sfdb_cycle_detection.obj
 0001:00058910       sf_debug_cd_reset_pack_strings 0000000180059910 f   sfc_debug:sfdb_cycle_detection.obj
 0001:00058fd0       md5file_clear              0000000180059fd0 f   sfc_debug:ckmd5.obj
 0001:00059000       Encode                     000000018005a000 f   sfc_debug:ckmd5.obj
 0001:00059050       Decode                     000000018005a050 f   sfc_debug:ckmd5.obj
 0001:000590f0       MD5Transform               000000018005a0f0 f   sfc_debug:ckmd5.obj
 0001:00059940       md5file_addn               000000018005a940 f   sfc_debug:ckmd5.obj
 0001:00059a10       md5file_hash               000000018005aa10 f   sfc_debug:ckmd5.obj
 0001:00059f54       pre_c_init                 000000018005af54 f   MSVCRT:crtdll.obj
 0001:0005a210       __DllMainCRTStartup        000000018005b210 f   MSVCRT:crtdll.obj
 0001:0005a8b0       __DllMainCRTStartup$filt$0 000000018005b8b0 f   MSVCRT:crtdll.obj
 0001:0005a8e0       __DllMainCRTStartup$fin$1  000000018005b8e0 f   MSVCRT:crtdll.obj
 0001:0005a8fa       _onexit$fin$0              000000018005b8fa f   MSVCRT:atonexit.obj
 0001:0005a920       _IsNonwritableInCurrentImage$filt$0 000000018005b920 f   MSVCRT:pesect.obj
