 dof2_test_sfun

 Timestamp is 5192a26d (Tue May 14 22:45:33 2013)

 Preferred load address is 0000000180000000

 Start         Length     Name                   Class
 0001:00000000 00061b04H .text                   CODE
 0001:00061b10 00000092H .text$x                 CODE
 0002:00000000 000004a0H .idata$5                DATA
 0002:000004a0 00000008H .CRT$XCA                DATA
 0002:000004a8 00000008H .CRT$XCZ                DATA
 0002:000004b0 00000008H .CRT$XIA                DATA
 0002:000004b8 00000008H .CRT$XIAA               DATA
 0002:000004c0 00000008H .CRT$XIZ                DATA
 0002:000004d0 00004bccH .rdata                  DATA
 0002:000050a0 00000008H .rtc$IAA                DATA
 0002:000050a8 00000008H .rtc$IZZ                DATA
 0002:000050b0 00000008H .rtc$TAA                DATA
 0002:000050b8 00000008H .rtc$TZZ                DATA
 0002:000050c0 0000457cH .xdata                  DATA
 0002:0000963c 000000a0H .idata$2                DATA
 0002:000096dc 00000014H .idata$3                DATA
 0002:000096f0 000004a0H .idata$4                DATA
 0002:00009b90 00000abeH .idata$6                DATA
 0002:0000a650 00000054H .edata                  DATA
 0003:00000000 00012b18H .data                   DATA
 0003:00012b20 000027b8H .bss                    DATA
 0004:00000000 00003858H .pdata                  DATA

  Address         Publics by Value              Rva+Base               Lib:Object

 0000:00000000       ___safe_se_handler_table   0000000000000000     <absolute>
 0000:00000000       ___safe_se_handler_count   0000000000000000     <absolute>
 0000:00000000       __ImageBase                0000000180000000     <linker-defined>
 0001:00000000       sf_c1_dof2_test_get_eml_resolved_functions_info 0000000180001000 f   c1_dof2_test.obj
 0001:00000c90       sf_c1_dof2_test_get_check_sum 0000000180001c90 f   c1_dof2_test.obj
 0001:00000d10       sf_c1_dof2_test_get_autoinheritance_info 0000000180001d10 f   c1_dof2_test.obj
 0001:00001cb0       sf_internal_get_sim_state_c1_dof2_test 0000000180002cb0 f   c1_dof2_test.obj
 0001:00002190       sf_internal_set_sim_state_c1_dof2_test 0000000180003190 f   c1_dof2_test.obj
 0001:00002620       c1_dof2_test_method_dispatcher 0000000180003620 f   c1_dof2_test.obj
 0001:00006490       sf_c2_dof2_test_get_eml_resolved_functions_info 0000000180007490 f   c2_dof2_test.obj
 0001:00007000       sf_c2_dof2_test_get_check_sum 0000000180008000 f   c2_dof2_test.obj
 0001:00007080       sf_c2_dof2_test_get_autoinheritance_info 0000000180008080 f   c2_dof2_test.obj
 0001:00008670       sf_internal_get_sim_state_c2_dof2_test 0000000180009670 f   c2_dof2_test.obj
 0001:00008a90       sf_internal_set_sim_state_c2_dof2_test 0000000180009a90 f   c2_dof2_test.obj
 0001:00008ed0       c2_dof2_test_method_dispatcher 0000000180009ed0 f   c2_dof2_test.obj
 0001:0000d6f0       sf_c3_dof2_test_get_eml_resolved_functions_info 000000018000e6f0 f   c3_dof2_test.obj
 0001:0000e3c0       sf_c3_dof2_test_get_check_sum 000000018000f3c0 f   c3_dof2_test.obj
 0001:0000e440       sf_c3_dof2_test_get_autoinheritance_info 000000018000f440 f   c3_dof2_test.obj
 0001:0000f3e0       sf_internal_get_sim_state_c3_dof2_test 00000001800103e0 f   c3_dof2_test.obj
 0001:0000f8c0       sf_internal_set_sim_state_c3_dof2_test 00000001800108c0 f   c3_dof2_test.obj
 0001:0000fd50       c3_dof2_test_method_dispatcher 0000000180010d50 f   c3_dof2_test.obj
 0001:00013bc0       sf_c4_dof2_test_get_eml_resolved_functions_info 0000000180014bc0 f   c4_dof2_test.obj
 0001:00018370       sf_c4_dof2_test_get_check_sum 0000000180019370 f   c4_dof2_test.obj
 0001:000183f0       sf_c4_dof2_test_get_autoinheritance_info 00000001800193f0 f   c4_dof2_test.obj
 0001:00019120       sf_internal_get_sim_state_c4_dof2_test 000000018001a120 f   c4_dof2_test.obj
 0001:00019840       sf_internal_set_sim_state_c4_dof2_test 000000018001a840 f   c4_dof2_test.obj
 0001:00019dc0       c4_dof2_test_method_dispatcher 000000018001adc0 f   c4_dof2_test.obj
 0001:00021910       sf_c5_dof2_test_get_eml_resolved_functions_info 0000000180022910 f   c5_dof2_test.obj
 0001:00026110       sf_c5_dof2_test_get_check_sum 0000000180027110 f   c5_dof2_test.obj
 0001:00026190       sf_c5_dof2_test_get_autoinheritance_info 0000000180027190 f   c5_dof2_test.obj
 0001:00026ec0       sf_internal_get_sim_state_c5_dof2_test 0000000180027ec0 f   c5_dof2_test.obj
 0001:000275f0       sf_internal_set_sim_state_c5_dof2_test 00000001800285f0 f   c5_dof2_test.obj
 0001:00027b70       c5_dof2_test_method_dispatcher 0000000180028b70 f   c5_dof2_test.obj
 0001:0002f6a0       sf_process_check_sum_call  00000001800306a0 f   dof2_test_sfun_registry.obj
 0001:0002f6f0       sf_process_autoinheritance_call 00000001800306f0 f   dof2_test_sfun_registry.obj
 0001:0002f890       sf_process_get_eml_resolved_functions_info_call 0000000180030890 f   dof2_test_sfun_registry.obj
 0001:0002fa10       sf_mex_unlock_call         0000000180030a10 f   dof2_test_sfun_registry.obj
 0001:0002fac0       sf_machine_global_initializer_called 0000000180030ac0 f   dof2_test_sfun_registry.obj
 0001:0002faf0       sf_machine_global_method_dispatcher 0000000180030af0 f   dof2_test_sfun_registry.obj
 0001:0002fb50       sf_machine_global_terminator 0000000180030b50 f   dof2_test_sfun_registry.obj
 0001:0002fb90       sf_register_machine_exported_symbols 0000000180030b90 f   dof2_test_sfun_registry.obj
 0001:0002fbb0       callCustomFcn              0000000180030bb0 f   dof2_test_sfun_registry.obj
 0001:0002fbc0       sf_machine_global_initializer 0000000180030bc0 f   dof2_test_sfun_registry.obj
 0001:0002fc30       _ssSetStateAbsTol          0000000180030c30 f   dof2_test_sfun_registry.obj
 0001:0002fd10       _ssGetAbsTol               0000000180030d10 f   dof2_test_sfun_registry.obj
 0001:0002fd80       _ssSetInputPortMatrixDimensions 0000000180030d80 f   dof2_test_sfun_registry.obj
 0001:0002fe90       _ssSetOutputPortMatrixDimensions 0000000180030e90 f   dof2_test_sfun_registry.obj
 0001:0002ffa0       _ssSetInputPortVectorDimension 0000000180030fa0 f   dof2_test_sfun_registry.obj
 0001:00030070       _ssSetOutputPortVectorDimension 0000000180031070 f   dof2_test_sfun_registry.obj
 0001:00030140       ssIsRunTimeParamTunable    0000000180031140 f   dof2_test_sfun_registry.obj
 0001:000301b0       ssGetSFuncBlockHandle      00000001800311b0 f   dof2_test_sfun_registry.obj
 0001:00030220       _ssGetCurrentInputPortWidth 0000000180031220 f   dof2_test_sfun_registry.obj
 0001:00030340       _ssGetCurrentOutputPortWidth 0000000180031340 f   dof2_test_sfun_registry.obj
 0001:00030460       _ssGetCallSystemNumFcnCallDestinations 0000000180031460 f   dof2_test_sfun_registry.obj
 0001:000304d0       ssWarning                  00000001800314d0 f   dof2_test_sfun_registry.obj
 0001:000305e0       ssGetIsZeroCrossControlDisabled 00000001800315e0 f   dof2_test_sfun_registry.obj
 0001:00030650       ssSetIsInputPortUsedForContZcSignal 0000000180031650 f   dof2_test_sfun_registry.obj
 0001:000306c0       ssSetZcSignalIsZcElementDisc 00000001800316c0 f   dof2_test_sfun_registry.obj
 0001:00030770       ssSetZcSignalName          0000000180031770 f   dof2_test_sfun_registry.obj
 0001:000307e0       ssSetZcSignalWidth         00000001800317e0 f   dof2_test_sfun_registry.obj
 0001:00030850       ssSetZcSignalZcEventType   0000000180031850 f   dof2_test_sfun_registry.obj
 0001:000308c0       ssSetZcSignalType          00000001800318c0 f   dof2_test_sfun_registry.obj
 0001:00030930       ssSetZcSignalZcTol         0000000180031930 f   dof2_test_sfun_registry.obj
 0001:000309a0       ssSetZcSignalNeedsEventNotification 00000001800319a0 f   dof2_test_sfun_registry.obj
 0001:00030a10       ssCreateAndAddZcSignalInfo 0000000180031a10 f   dof2_test_sfun_registry.obj
 0001:00030a80       ssCloneAndAddZcSignalInfo  0000000180031a80 f   dof2_test_sfun_registry.obj
 0001:00030af0       ssGetNumZcSignals          0000000180031af0 f   dof2_test_sfun_registry.obj
 0001:00030b60       ssGetZcSignalVector        0000000180031b60 f   dof2_test_sfun_registry.obj
 0001:00030bd0       ssGetZcSignalZcEvents      0000000180031bd0 f   dof2_test_sfun_registry.obj
 0001:00030c40       ssGetZcSignalName          0000000180031c40 f   dof2_test_sfun_registry.obj
 0001:00030cb0       ssGetZcSignalWidth         0000000180031cb0 f   dof2_test_sfun_registry.obj
 0001:00030d20       ssGetZcSignalZcEventType   0000000180031d20 f   dof2_test_sfun_registry.obj
 0001:00030d90       ssGetZcSignalType          0000000180031d90 f   dof2_test_sfun_registry.obj
 0001:00030e00       ssGetZcSignalZcTol         0000000180031e00 f   dof2_test_sfun_registry.obj
 0001:00030e80       ssGetZcSignalNeedsEventNotification 0000000180031e80 f   dof2_test_sfun_registry.obj
 0001:00030ef0       ssGetZcSignalIsZcElementDisc 0000000180031ef0 f   dof2_test_sfun_registry.obj
 0001:00030f90       ssGetIsInputPortElementContinuous 0000000180031f90 f   dof2_test_sfun_registry.obj
 0001:00031030       _ssGetInputPortSignalPtrsFcn 0000000180032030 f   dof2_test_sfun_registry.obj
 0001:000312f0       _ssGetInputPortSignalFcn   00000001800322f0 f   dof2_test_sfun_registry.obj
 0001:00031510       _ssSetInputPortDirectFeedThroughFcn 0000000180032510 f   dof2_test_sfun_registry.obj
 0001:00031670       _ssSetInputPortReusableFcn 0000000180032670 f   dof2_test_sfun_registry.obj
 0001:00031760       _ssSetOutputPortReusableFcn 0000000180032760 f   dof2_test_sfun_registry.obj
 0001:00031840       ssGetDTypeIdFromMxArray    0000000180032840 f   dof2_test_sfun_registry.obj
 0001:00031960       ssWriteRTWStr              0000000180032960 f   dof2_test_sfun_registry.obj
 0001:000319c0       ssWriteRTWMxVectParam      00000001800329c0 f   dof2_test_sfun_registry.obj
 0001:00031a20       ssWriteRTWMx2dMatParam     0000000180032a20 f   dof2_test_sfun_registry.obj
 0001:00031aa0       ssWriteRTWNameValuePair    0000000180032aa0 f   dof2_test_sfun_registry.obj
 0001:00031f90       ssWriteRTWParameters       0000000180032f90 f   dof2_test_sfun_registry.obj
 0001:00032590       ssWriteRTWParamSettings    0000000180033590 f   dof2_test_sfun_registry.obj
 0001:00032c60       ssWriteRTWWorkVect         0000000180033c60 f   dof2_test_sfun_registry.obj
 0001:00033160       mexFunction                0000000180034160 f   dof2_test_sfun_registry.obj
 0001:00034da0       ProcessMexSfunctionEveryCall 0000000180035da0 f   dof2_test_sfun_registry.obj
 0001:00034f10       dof2_test_initializer      0000000180035f10 f   dof2_test_sfun.obj
 0001:00034f20       dof2_test_terminator       0000000180035f20 f   dof2_test_sfun.obj
 0001:00034f30       sf_dof2_test_method_dispatcher 0000000180035f30 f   dof2_test_sfun.obj
 0001:00035000       sf_dof2_test_process_check_sum_call 0000000180036000 f   dof2_test_sfun.obj
 0001:00035460       sf_dof2_test_autoinheritance_info 0000000180036460 f   dof2_test_sfun.obj
 0001:00035710       sf_dof2_test_get_eml_resolved_functions_info 0000000180036710 f   dof2_test_sfun.obj
 0001:00035950       dof2_test_debug_initialize 0000000180036950 f   dof2_test_sfun.obj
 0001:000359c0       dof2_test_register_exported_symbols 00000001800369c0 f   dof2_test_sfun.obj
 0001:000359d0       load_dof2_test_optimization_info 00000001800369d0 f   dof2_test_sfun.obj
 0001:00035a20       unload_dof2_test_optimization_info 0000000180036a20 f   dof2_test_sfun.obj
 0001:00035af0       sf_mex_mx_is_numeric       0000000180036af0 f   sfc_mex:sfc_mex.obj
 0001:00035b30       strcmp_ignore_ws           0000000180036b30 f   sfc_mex:sfc_mex.obj
 0001:00035c70       sf_mex_duplicatearraysafe  0000000180036c70 f   sfc_mex:sfc_mex.obj
 0001:00035dd0       sf_set_error_debugger_context_message_fcn 0000000180036dd0 f   sfc_mex:sfc_mex.obj
 0001:00035de0       sf_set_debugger_matlab_error_fcn 0000000180036de0 f   sfc_mex:sfc_mex.obj
 0001:00035e10       sf_set_error_prefix_string 0000000180036e10 f   sfc_mex:sfc_mex.obj
 0001:00035e40       sf_get_error_prefix_string 0000000180036e40 f   sfc_mex:sfc_mex.obj
 0001:00035e50       sf_mex_enter_parallel_region 0000000180036e50 f   sfc_mex:sfc_mex.obj
 0001:00035e60       sf_mex_exit_parallel_region 0000000180036e60 f   sfc_mex:sfc_mex.obj
 0001:00035e70       sf_get_current_jmp_buf_ptr 0000000180036e70 f   sfc_mex:sfc_mex.obj
 0001:00035e80       sf_set_current_jmp_buf_ptr 0000000180036e80 f   sfc_mex:sfc_mex.obj
 0001:00035e90       sf_mex_set_halt_simulation 0000000180036e90 f   sfc_mex:sfc_mex.obj
 0001:00035ea0       sf_mex_get_halt_simulation 0000000180036ea0 f   sfc_mex:sfc_mex.obj
 0001:00035eb0       sf_mex_clear_error_message 0000000180036eb0 f   sfc_mex:sfc_mex.obj
 0001:00035ed0       sf_mex_get_error_message_for_read 0000000180036ed0 f   sfc_mex:sfc_mex.obj
 0001:00035ee0       sf_mex_get_error_message_buffer_length 0000000180036ee0 f   sfc_mex:sfc_mex.obj
 0001:00035fc0       sf_mex_warning_message     0000000180036fc0 f   sfc_mex:sfc_mex.obj
 0001:00036030       sf_mex_v_errbuf_createf    0000000180037030 f   sfc_mex:sfc_mex.obj
 0001:00036040       sf_mex_errbuf_createf      0000000180037040 f   sfc_mex:sfc_mex.obj
 0001:00036070       sf_mex_v_errbuf_catf       0000000180037070 f   sfc_mex:sfc_mex.obj
 0001:000360b0       sf_mex_errbuf_catf         00000001800370b0 f   sfc_mex:sfc_mex.obj
 0001:00036100       sf_mex_errbuf_copy         0000000180037100 f   sfc_mex:sfc_mex.obj
 0001:00036110       sf_mex_errbuf_clear        0000000180037110 f   sfc_mex:sfc_mex.obj
 0001:00036120       sf_mex_errbuf_isempty      0000000180037120 f   sfc_mex:sfc_mex.obj
 0001:00036230       sf_mex_set_error_status    0000000180037230 f   sfc_mex:sfc_mex.obj
 0001:00036280       sf_mex_error_direct_call   0000000180037280 f   sfc_mex:sfc_mex.obj
 0001:000362a0       sf_mex_error_message_no_long_jump 00000001800372a0 f   sfc_mex:sfc_mex.obj
 0001:000362c0       sf_mex_long_jump_on_error  00000001800372c0 f   sfc_mex:sfc_mex.obj
 0001:000362f0       sf_mex_call_matlab         00000001800372f0 f   sfc_mex:sfc_mex.obj
 0001:00036410       sf_mex_check_builtin       0000000180037410 f   sfc_mex:sfc_mex.obj
 0001:00036450       sf_mex_check_builtin_vs    0000000180037450 f   sfc_mex:sfc_mex.obj
 0001:000364b0       sf_mex_check_enum          00000001800374b0 f   sfc_mex:sfc_mex.obj
 0001:000364e0       sf_mex_create_enum         00000001800374e0 f   sfc_mex:sfc_mex.obj
 0001:00036500       sf_mex_get_enum_element    0000000180037500 f   sfc_mex:sfc_mex.obj
 0001:00036510       sf_mex_createcellarray     0000000180037510 f   sfc_mex:sfc_mex.obj
 0001:00036520       sf_mex_setcell             0000000180037520 f   sfc_mex:sfc_mex.obj
 0001:00036530       sf_mex_getcell             0000000180037530 f   sfc_mex:sfc_mex.obj
 0001:00036540       sf_mex_dup                 0000000180037540 f   sfc_mex:sfc_mex.obj
 0001:00036560       sf_mex_assign              0000000180037560 f   sfc_mex:sfc_mex.obj
 0001:000365e0       sf_mex_destroy             00000001800375e0 f   sfc_mex:sfc_mex.obj
 0001:00036610       mx_array_has_fi_type       0000000180037610 f   sfc_mex:sfc_mex.obj
 0001:00036640       sf_mex_convert_from_fi     0000000180037640 f   sfc_mex:sfc_mex.obj
 0001:000366f0       sf_mex_convert_to_double   00000001800376f0 f   sfc_mex:sfc_mex.obj
 0001:00036810       sf_mex_import_fi_vs        0000000180037810 f   sfc_mex:sfc_mex.obj
 0001:000369d0       sf_matrix_matrix_index_ok  00000001800379d0 f   sfc_mex:sfc_mex.obj
 0001:00036a60       sf_vector_vector_index_ok  0000000180037a60 f   sfc_mex:sfc_mex.obj
 0001:00036a90       ssGetCurrentInputPortDimensions_wrapper 0000000180037a90 f   sfc_mex:sfc_mex.obj
 0001:00036ab0       ssGetCurrentOutputPortDimensions_wrapper 0000000180037ab0 f   sfc_mex:sfc_mex.obj
 0001:00036ad0       sf_mex_emlrt_context_is_debug_mode 0000000180037ad0 f   sfc_mex:sfc_mex.obj
 0001:00036ae0       sf_mex_emlrt_context_set_debug_mode 0000000180037ae0 f   sfc_mex:sfc_mex.obj
 0001:00036af0       sf_mex_emlrtNameCapturePostProcessR2012a 0000000180037af0 f   sfc_mex:sfc_mex.obj
 0001:00036b60       sf_clear_error_manager_info 0000000180037b60 f   sfc_mex:sfc_mex.obj
 0001:00036bc0       sf_mex_stop_simulation_abruptly_wo_error 0000000180037bc0 f   sfc_mex:sfc_mex.obj
 0001:00036c00       sf_mex_error_message       0000000180037c00 f   sfc_mex:sfc_mex.obj
 0001:00036c60       sf_react_to_error_in_matlab_call 0000000180037c60 f   sfc_mex:sfc_mex.obj
 0001:00036c90       sf_mex_addfield            0000000180037c90 f   sfc_mex:sfc_mex.obj
 0001:00036d30       sf_mex_getfield            0000000180037d30 f   sfc_mex:sfc_mex.obj
 0001:00037030       sf_mex_check_class         0000000180038030 f   sfc_mex:sfc_mex.obj
 0001:000370d0       sf_mex_is_real             00000001800380d0 f   sfc_mex:sfc_mex.obj
 0001:00037540       sf_mex_decode_encoded_mx_struct_array 0000000180038540 f   sfc_mex:sfc_mex.obj
 0001:00037820       sf_mex_lw_bounds_check     0000000180038820 f   sfc_mex:sfc_mex.obj
 0001:00037850       sf_mex_lw_size_eq_check_1d 0000000180038850 f   sfc_mex:sfc_mex.obj
 0001:00037870       sf_mex_lw_size_eq_check_nd 0000000180038870 f   sfc_mex:sfc_mex.obj
 0001:00037a50       sf_mex_lw_dim_size_eq_check 0000000180038a50 f   sfc_mex:sfc_mex.obj
 0001:00037a80       sf_mex_lw_dim_size_geq_check 0000000180038a80 f   sfc_mex:sfc_mex.obj
 0001:00037ab0       sf_mex_lw_sub_assign_size_check_nd 0000000180038ab0 f   sfc_mex:sfc_mex.obj
 0001:00037ce0       sf_mex_lw_runtime_error_msgid 0000000180038ce0 f   sfc_mex:sfc_mex.obj
 0001:00037dd0       sf_mex_lw_matrix_matrix_index_check 0000000180038dd0 f   sfc_mex:sfc_mex.obj
 0001:00037df0       sf_mex_lw_vector_vector_index_check 0000000180038df0 f   sfc_mex:sfc_mex.obj
 0001:00037e30       sf_mex_lw_for_loop_vector_check 0000000180038e30 f   sfc_mex:sfc_mex.obj
 0001:00037eb0       sf_mex_lw_non_negative_check 0000000180038eb0 f   sfc_mex:sfc_mex.obj
 0001:00037ef0       sf_mex_overflow_error      0000000180038ef0 f   sfc_mex:sfc_mex.obj
 0001:00037f00       sf_mex_dividebyzero_error  0000000180038f00 f   sfc_mex:sfc_mex.obj
 0001:00037f10       sf_mex_unsafe_enum_error   0000000180038f10 f   sfc_mex:sfc_mex.obj
 0001:00037f20       sf_emlrtErrHandler         0000000180038f20 f   sfc_mex:sfc_mex.obj
 0001:00038000       sf_mex_size_one_check      0000000180039000 f   sfc_mex:sfc_mex.obj
 0001:00038020       sf_mex_printf              0000000180039020 f   sfc_mex:sfc_mex.obj
 0001:000381f0       sf_mex_check_size          00000001800391f0 f   sfc_mex:sfc_mex.obj
 0001:000384c0       sf_mex_check_struct        00000001800394c0 f   sfc_mex:sfc_mex.obj
 0001:00038720       sf_mex_check_struct_vs     0000000180039720 f   sfc_mex:sfc_mex.obj
 0001:000387b0       sf_mex_check_fi            00000001800397b0 f   sfc_mex:sfc_mex.obj
 0001:000388b0       sf_mex_check_fi_vs         00000001800398b0 f   sfc_mex:sfc_mex.obj
 0001:00038950       sf_echo_expression         0000000180039950 f   sfc_mex:sfc_mex.obj
 0001:000389b0       sf_assertion_failed        00000001800399b0 f   sfc_mex:sfc_mex.obj
 0001:00038c90       sf_mex_evalin              0000000180039c90 f   sfc_mex:sfc_mex.obj
 0001:00038f00       sf_mex_export              0000000180039f00 f   sfc_mex:sfc_mex.obj
 0001:00038fc0       sf_mex_get_ml_var_no_error 0000000180039fc0 f   sfc_mex:sfc_mex.obj
 0001:00039160       sf_mex_get_ml_var          000000018003a160 f   sfc_mex:sfc_mex.obj
 0001:00039600       ml_set_element_value_in_array 000000018003a600 f   sfc_mex:sfc_mex.obj
 0001:0003acd0       sf_mex_call_impl           000000018003bcd0 f   sfc_mex:sfc_mex.obj
 0001:0003b200       sf_mex_call_debug          000000018003c200 f   sfc_mex:sfc_mex.obj
 0001:0003b230       sf_mex_call                000000018003c230 f   sfc_mex:sfc_mex.obj
 0001:0003b880       sf_mex_createstruct        000000018003c880 f   sfc_mex:sfc_mex.obj
 0001:0003b970       sf_mex_createstructarray   000000018003c970 f   sfc_mex:sfc_mex.obj
 0001:0003b9f0       sf_mex_get_mx_datatype_from_sf_datatype 000000018003c9f0 f   sfc_mex:sfc_mex.obj
 0001:0003bd00       sf_mex_ml_var_sub          000000018003cd00 f   sfc_mex:sfc_mex.obj
 0001:0003bed0       sf_mex_ml_var_subsasgn     000000018003ced0 f   sfc_mex:sfc_mex.obj
 0001:0003c2c0       sf_mex_sub                 000000018003d2c0 f   sfc_mex:sfc_mex.obj
 0001:0003c4c0       sf_mex_subsasgn            000000018003d4c0 f   sfc_mex:sfc_mex.obj
 0001:0003c9a0       sf_mex_create              000000018003d9a0 f   sfc_mex:sfc_mex.obj
 0001:0003d3f0       sf_mex_import_named        000000018003e3f0 f   sfc_mex:sfc_mex.obj
 0001:0003d450       sf_mex_import              000000018003e450 f   sfc_mex:sfc_mex.obj
 0001:0003d4a0       sf_mex_import_vs           000000018003e4a0 f   sfc_mex:sfc_mex.obj
 0001:0003d5b0       sf_mex_lower_fixpt_mx_array 000000018003e5b0 f   sfc_mex:sfc_mex.obj
 0001:0003d8a0       sf_send_message_wrapper    000000018003e8a0 f   sfc_mex:sfc_sf.obj
 0001:0003d8d0       sf_receive_message_wrapper 000000018003e8d0 f   sfc_mex:sfc_sf.obj
 0001:0003d910       sf_check_out_message_wrapper 000000018003e910 f   sfc_mex:sfc_sf.obj
 0001:0003d950       sf_check_in_message_wrapper 000000018003e950 f   sfc_mex:sfc_sf.obj
 0001:0003d990       sf_no_message_wrapper      000000018003e990 f   sfc_mex:sfc_sf.obj
 0001:0003dd20       sim_mode_is_rtw_gen        000000018003ed20 f   sfc_mex:sfc_sf.obj
 0001:0003dd50       sim_mode_is_external       000000018003ed50 f   sfc_mex:sfc_sf.obj
 0001:0003dd60       sim_mode_is_modelref_sim   000000018003ed60 f   sfc_mex:sfc_sf.obj
 0001:0003dd80       mdlInitializeSizes         000000018003ed80 f   sfc_mex:sfc_sf.obj
 0001:0003dda0       mdlInitializeSampleTimes   000000018003eda0 f   sfc_mex:sfc_sf.obj
 0001:0003dde0       mdlZeroCrossings           000000018003ede0 f   sfc_mex:sfc_sf.obj
 0001:0003dec0       mdlDerivatives             000000018003eec0 f   sfc_mex:sfc_sf.obj
 0001:0003df70       mdl_initialize_conditions_processing 000000018003ef70 f   sfc_mex:sfc_sf.obj
 0001:0003dfa0       mdlInitializeConditions    000000018003efa0 f   sfc_mex:sfc_sf.obj
 0001:0003e060       mdlGetSimState             000000018003f060 f   sfc_mex:sfc_sf.obj
 0001:0003e070       mdlSetSimState             000000018003f070 f   sfc_mex:sfc_sf.obj
 0001:0003e080       mdl_ext_mode_exec_processing 000000018003f080 f   sfc_mex:sfc_sf.obj
 0001:0003e0a0       mdlExtModeExec             000000018003f0a0 f   sfc_mex:sfc_sf.obj
 0001:0003e230       mdlTerminate               000000018003f230 f   sfc_mex:sfc_sf.obj
 0001:0003e2a0       mdlRTW                     000000018003f2a0 f   sfc_mex:sfc_sf.obj
 0001:0003e2d0       mdlSetWorkWidths           000000018003f2d0 f   sfc_mex:sfc_sf.obj
 0001:0003e2e0       mdlProcessParameters       000000018003f2e0 f   sfc_mex:sfc_sf.obj
 0001:0003e2f0       mdl_start_processing       000000018003f2f0 f   sfc_mex:sfc_sf.obj
 0001:0003e330       mdlStart                   000000018003f330 f   sfc_mex:sfc_sf.obj
 0001:0003e420       mdlEnable                  000000018003f420 f   sfc_mex:sfc_sf.obj
 0001:0003e4f0       mdlDisable                 000000018003f4f0 f   sfc_mex:sfc_sf.obj
 0001:0003e5a0       sf_get_chart_instance_ptr  000000018003f5a0 f   sfc_mex:sfc_sf.obj
 0001:0003e5c0       sf_load_rtw_optimization_info 000000018003f5c0 f   sfc_mex:sfc_sf.obj
 0001:0003e690       sf_rtw_info_uint_prop      000000018003f690 f   sfc_mex:sfc_sf.obj
 0001:0003e7d0       sf_is_chart_inlinable      000000018003f7d0 f   sfc_mex:sfc_sf.obj
 0001:0003e7f0       sf_mark_output_events_with_multiple_callers 000000018003f7f0 f   sfc_mex:sfc_sf.obj
 0001:0003e980       sf_mark_chart_reusable_outputs 000000018003f980 f   sfc_mex:sfc_sf.obj
 0001:0003ebe0       sf_mark_chart_expressionable_inputs 000000018003fbe0 f   sfc_mex:sfc_sf.obj
 0001:0003ee40       sf_get_subchart_simstruct  000000018003fe40 f   sfc_mex:sfc_sf.obj
 0001:0003ee90       sf_get_fixpt_data_type_id  000000018003fe90 f   sfc_mex:sfc_sf.obj
 0001:0003eed0       sf_get_enum_data_type_id   000000018003fed0 f   sfc_mex:sfc_sf.obj
 0001:0003ef10       sf_get_param_data_type_id  000000018003ff10 f   sfc_mex:sfc_sf.obj
 0001:0003ef40       sf_mex_listen_for_ctrl_c_force 000000018003ff40 f   sfc_mex:sfc_sf.obj
 0001:0003f050       sf_mex_draw_now            0000000180040050 f   sfc_mex:sfc_sf.obj
 0001:0003f090       sf_mex_set_debugger_sim_status_listener_fcn 0000000180040090 f   sfc_mex:sfc_sf.obj
 0001:0003f0a0       sf_mex_listen_for_ctrl_c   00000001800400a0 f   sfc_mex:sfc_sf.obj
 0001:0003f130       sf_mex_get_sfun_param      0000000180040130 f   sfc_mex:sfc_sf.obj
 0001:0003f180       sf_get_runtime_param_data  0000000180040180 f   sfc_mex:sfc_sf.obj
 0001:0003f1c0       sf_call_output_fcn_call    00000001800401c0 f   sfc_mex:sfc_sf.obj
 0001:0003f300       sf_call_output_fcn_enable  0000000180040300 f   sfc_mex:sfc_sf.obj
 0001:0003f390       sf_call_output_fcn_disable 0000000180040390 f   sfc_mex:sfc_sf.obj
 0001:0003f420       sf_clear_rtw_identifier    0000000180040420 f   sfc_mex:sfc_sf.obj
 0001:0003fc10       sf_set_encoded_dwork_info  0000000180040c10 f   sfc_mex:sfc_sf.obj
 0001:0003fc60       sf_get_dwork_info_from_mat_file 0000000180040c60 f   sfc_mex:sfc_sf.obj
 0001:0003fe20       sf_set_rtw_dwork_info      0000000180040e20 f   sfc_mex:sfc_sf.obj
 0001:0003ff90       mdlOutputs                 0000000180040f90 f   sfc_mex:sfc_sf.obj
 0001:00040130       sf_debug_disp              0000000180041130 f   sfc_debug:sfcdebug.obj
 0001:00040390       sf_debug_data_runtime_size_mismatch_error_check 0000000180041390 f   sfc_debug:sfcdebug.obj
 0001:00040430       sf_debug_try_loading_machine 0000000180041430 f   sfc_debug:sfcdebug.obj
 0001:00040530       sf_debug_reset_current_state_configuration 0000000180041530 f   sfc_debug:sfcdebug.obj
 0001:000405c0       sf_debug_store_current_state_configuration 00000001800415c0 f   sfc_debug:sfcdebug.obj
 0001:00040650       sf_debug_restore_previous_state_configuration 0000000180041650 f   sfc_debug:sfcdebug.obj
 0001:000406e0       sf_debug_restore_previous_state_configuration2 00000001800416e0 f   sfc_debug:sfcdebug.obj
 0001:00040770       sf_debug_get_event_scope   0000000180041770 f   sfc_debug:sfcdebug.obj
 0001:000408e0       use_debugger_step_animation 00000001800418e0 f   sfc_debug:sfcdebug.obj
 0001:00040900       sf_debug_get_script_id     0000000180041900 f   sfc_debug:sfcdebug.obj
 0001:00040990       sf_debug_set_script_translation 0000000180041990 f   sfc_debug:sfcdebug.obj
 0001:00040b10       sf_debug_extract_message_post_receive_info 0000000180041b10 f   sfc_debug:sfcdebug.obj
 0001:00040c10       sf_debug_get_current_machine_id 0000000180041c10 f   sfc_debug:sfcdebug.obj
 0001:00040c30       sf_debug_get_current_optional_integer 0000000180041c30 f   sfc_debug:sfcdebug.obj
 0001:00040c40       sf_debug_get_current_machine_number 0000000180041c40 f   sfc_debug:sfcdebug.obj
 0001:00040c60       sf_debug_get_current_machine_name 0000000180041c60 f   sfc_debug:sfcdebug.obj
 0001:00040c80       sf_debug_get_current_chart_id 0000000180041c80 f   sfc_debug:sfcdebug.obj
 0001:00040cd0       sf_debug_get_current_chart_number 0000000180041cd0 f   sfc_debug:sfcdebug.obj
 0001:00040ce0       sf_debug_get_current_instance_number 0000000180041ce0 f   sfc_debug:sfcdebug.obj
 0001:00040cf0       sf_debug_get_current_is_minor_time_step 0000000180041cf0 f   sfc_debug:sfcdebug.obj
 0001:00040d70       sf_debug_get_current_object_type 0000000180041d70 f   sfc_debug:sfcdebug.obj
 0001:00040d80       sf_debug_get_current_instance_handle 0000000180041d80 f   sfc_debug:sfcdebug.obj
 0001:00040de0       sf_debug_get_current_event_type 0000000180041de0 f   sfc_debug:sfcdebug.obj
 0001:00040df0       sf_debug_get_current_object_id 0000000180041df0 f   sfc_debug:sfcdebug.obj
 0001:00040e30       sf_debug_get_current_active_event_type 0000000180041e30 f   sfc_debug:sfcdebug.obj
 0001:00040e40       sf_debug_get_current_active_event_id 0000000180041e40 f   sfc_debug:sfcdebug.obj
 0001:00040e80       sf_debug_get_current_tag_type 0000000180041e80 f   sfc_debug:sfcdebug.obj
 0001:00040e90       sf_debug_get_current_simulation_time 0000000180041e90 f   sfc_debug:sfcdebug.obj
 0001:00040ea0       sf_debug_get_current_coverage_percentage 0000000180041ea0 f   sfc_debug:sfcdebug.obj
 0001:00040eb0       sf_debug_current_statement_context 0000000180041eb0 f   sfc_debug:sfcdebug.obj
 0001:00040f40       sf_debug_get_current_statement_info 0000000180041f40 f   sfc_debug:sfcdebug.obj
 0001:000410c0       sf_debug_terminate_instance 00000001800420c0 f   sfc_debug:sfcdebug.obj
 0001:00041400       sf_debug_assertion_failed  0000000180042400 f   sfc_debug:sfcdebug.obj
 0001:000415b0       sf_debug_set_number_of_data_with_change_event_for_machine 00000001800425b0 f   sfc_debug:sfcdebug.obj
 0001:000415f0       sf_debug_set_machine_event_thresholds 00000001800425f0 f   sfc_debug:sfcdebug.obj
 0001:00041610       sf_debug_set_machine_event_scope 0000000180042610 f   sfc_debug:sfcdebug.obj
 0001:00041650       sf_debug_set_machine_data_thresholds 0000000180042650 f   sfc_debug:sfcdebug.obj
 0001:00041690       sf_debug_set_machine_data_scope 0000000180042690 f   sfc_debug:sfcdebug.obj
 0001:00041720       sf_debug_set_machine_data_name 0000000180042720 f   sfc_debug:sfcdebug.obj
 0001:000417c0       sf_debug_set_machine_data_size 00000001800427c0 f   sfc_debug:sfcdebug.obj
 0001:00041900       sf_debug_set_machine_data_type 0000000180042900 f   sfc_debug:sfcdebug.obj
 0001:00041a70       sf_debug_get_chart_data_number 0000000180042a70 f   sfc_debug:sfcdebug.obj
 0001:00041a90       sf_debug_get_chart_event_number 0000000180042a90 f   sfc_debug:sfcdebug.obj
 0001:00041ab0       sf_debug_set_chart_state_info 0000000180042ab0 f   sfc_debug:sfcdebug.obj
 0001:00041b30       sf_debug_set_chart_decomposition 0000000180042b30 f   sfc_debug:sfcdebug.obj
 0001:00041ba0       sf_debug_set_chart_substate_count 0000000180042ba0 f   sfc_debug:sfcdebug.obj
 0001:00041c80       sf_debug_set_chart_substate_index 0000000180042c80 f   sfc_debug:sfcdebug.obj
 0001:00041cf0       sf_debug_set_chart_state_substate_count 0000000180042cf0 f   sfc_debug:sfcdebug.obj
 0001:00041e00       sf_debug_set_chart_state_substate_index 0000000180042e00 f   sfc_debug:sfcdebug.obj
 0001:00041e80       sf_debug_set_number_of_data_with_change_event_for_chart 0000000180042e80 f   sfc_debug:sfcdebug.obj
 0001:00041f00       sf_debug_set_number_of_states_with_entry_event_for_chart 0000000180042f00 f   sfc_debug:sfcdebug.obj
 0001:00041f70       sf_debug_set_number_of_states_with_exit_event_for_chart 0000000180042f70 f   sfc_debug:sfcdebug.obj
 0001:00041fe0       sf_debug_set_chart_disable_implicit_casting 0000000180042fe0 f   sfc_debug:sfcdebug.obj
 0001:00042050       sf_debug_set_chart_event_thresholds 0000000180043050 f   sfc_debug:sfcdebug.obj
 0001:000420c0       sf_debug_set_chart_data_compiled_props 00000001800430c0 f   sfc_debug:sfcdebug.obj
 0001:00042410       sf_debug_set_chart_data_props 0000000180043410 f   sfc_debug:sfcdebug.obj
 0001:00042730       sf_debug_check_fi_license  0000000180043730 f   sfc_debug:sfcdebug.obj
 0001:00042920       sf_debug_symbol_scope_push 0000000180043920 f   sfc_debug:sfcdebug.obj
 0001:00042960       sf_debug_symbol_scope_push_eml 0000000180043960 f   sfc_debug:sfcdebug.obj
 0001:000429b0       sf_debug_symbol_scope_pop  00000001800439b0 f   sfc_debug:sfcdebug.obj
 0001:000429f0       sf_debug_symbol_scope_add_importable 00000001800439f0 f   sfc_debug:sfcdebug.obj
 0001:00042a70       sf_debug_symbol_scope_add  0000000180043a70 f   sfc_debug:sfcdebug.obj
 0001:00042af0       sf_debug_symbol_scope_add_dyn_importable 0000000180043af0 f   sfc_debug:sfcdebug.obj
 0001:00042bb0       sf_debug_symbol_scope_add_dyn 0000000180043bb0 f   sfc_debug:sfcdebug.obj
 0001:00042be0       sf_debug_symbol_scope_add_eml_importable 0000000180043be0 f   sfc_debug:sfcdebug.obj
 0001:00042c20       sf_debug_symbol_scope_add_eml 0000000180043c20 f   sfc_debug:sfcdebug.obj
 0001:00042c60       sf_debug_symbol_scope_add_eml_dyn_importable 0000000180043c60 f   sfc_debug:sfcdebug.obj
 0001:00042cd0       sf_debug_symbol_scope_add_eml_dyn 0000000180043cd0 f   sfc_debug:sfcdebug.obj
 0001:00042d30       sf_debug_symbol_switch     0000000180043d30 f   sfc_debug:sfcdebug.obj
 0001:00042d50       sf_debug_symbol_scope_add_verbose 0000000180043d50 f   sfc_debug:sfcdebug.obj
 0001:00042e20       sf_debug_set_machine_data_value_ptr 0000000180043e20 f   sfc_debug:sfcdebug.obj
 0001:00042e60       sf_debug_set_instance_data_value_ptr 0000000180043e60 f   sfc_debug:sfcdebug.obj
 0001:00042f20       sf_debug_unset_instance_data_value_ptr 0000000180043f20 f   sfc_debug:sfcdebug.obj
 0001:00042fd0       sf_debug_set_chart_event_scope 0000000180043fd0 f   sfc_debug:sfcdebug.obj
 0001:00043050       sf_debug_set_chart_transition_coverage_maps 0000000180044050 f   sfc_debug:sfcdebug.obj
 0001:00043160       sf_debug_set_chart_state_coverage_maps 0000000180044160 f   sfc_debug:sfcdebug.obj
 0001:00043240       sf_debug_set_instance_transition_coverage_weights 0000000180044240 f   sfc_debug:sfcdebug.obj
 0001:000432e0       sf_debug_set_instance_state_coverage_weights 00000001800442e0 f   sfc_debug:sfcdebug.obj
 0001:00043530       sf_debug_unload_machine    0000000180044530 f   sfc_debug:sfcdebug.obj
 0001:00043580       sf_debug_load_machine      0000000180044580 f   sfc_debug:sfcdebug.obj
 0001:00043680       sf_debug_set_active_instance_in_data_dictionary 0000000180044680 f   sfc_debug:sfcdebug.obj
 0001:00043860       sf_debug_set_active_instance 0000000180044860 f   sfc_debug:sfcdebug.obj
 0001:000439a0       sf_debug_chart_visiblity_change 00000001800449a0 f   sfc_debug:sfcdebug.obj
 0001:00043a80       sf_debug_select_chart      0000000180044a80 f   sfc_debug:sfcdebug.obj
 0001:00043b50       sf_debug_set_instance_cv_ids 0000000180044b50 f   sfc_debug:sfcdebug.obj
 0001:00043e60       sf_debug_select_charts     0000000180044e60 f   sfc_debug:sfcdebug.obj
 0001:00043fa0       sf_debug_initialized       0000000180044fa0 f   sfc_debug:sfcdebug.obj
 0001:00043fb0       sf_debug_is_uninterruptible 0000000180044fb0 f   sfc_debug:sfcdebug.obj
 0001:00043fe0       sf_debug_initialize_debugger_gui 0000000180044fe0 f   sfc_debug:sfcdebug.obj
 0001:000443d0       sf_debug_resume            00000001800453d0 f   sfc_debug:sfcdebug.obj
 0001:000443f0       sf_debug_go                00000001800453f0 f   sfc_debug:sfcdebug.obj
 0001:00044400       sf_debug_break             0000000180045400 f   sfc_debug:sfcdebug.obj
 0001:00044410       sf_debug_step_over         0000000180045410 f   sfc_debug:sfcdebug.obj
 0001:00044420       sf_debug_step_out          0000000180045420 f   sfc_debug:sfcdebug.obj
 0001:00044430       sf_debug_set_disable_all_breakpoints 0000000180045430 f   sfc_debug:sfcdebug.obj
 0001:00044440       sf_debug_disable_all_breakpoints_and_go 0000000180045440 f   sfc_debug:sfcdebug.obj
 0001:00044450       sf_debug_break_on_chart_entry 0000000180045450 f   sfc_debug:sfcdebug.obj
 0001:00044460       sf_debug_break_on_event_broadcast 0000000180045460 f   sfc_debug:sfcdebug.obj
 0001:00044470       sf_debug_break_on_state_entry 0000000180045470 f   sfc_debug:sfcdebug.obj
 0001:00044480       sf_debug_break_between_times 0000000180045480 f   sfc_debug:sfcdebug.obj
 0001:000444a0       sf_debug_browse_data       00000001800454a0 f   sfc_debug:sfcdebug.obj
 0001:000444c0       sf_debug_watch_data        00000001800454c0 f   sfc_debug:sfcdebug.obj
 0001:000444e0       sf_debug_assign_data       00000001800454e0 f   sfc_debug:sfcdebug.obj
 0001:00044500       sf_debug_whos              0000000180045500 f   sfc_debug:sfcdebug.obj
 0001:00044520       sf_debug_get_consistency_info 0000000180045520 f   sfc_debug:sfcdebug.obj
 0001:00044530       sf_debug_browse_trace      0000000180045530 f   sfc_debug:sfcdebug.obj
 0001:00044540       sf_debug_set_breakpoints   0000000180045540 f   sfc_debug:sfcdebug.obj
 0001:000446a0       sf_debug_set_eml_breakpoints 00000001800456a0 f   sfc_debug:sfcdebug.obj
 0001:00044800       sf_debug_set_script_breakpoints 0000000180045800 f   sfc_debug:sfcdebug.obj
 0001:00044880       sf_debug_add_script_breakpoints 0000000180045880 f   sfc_debug:sfcdebug.obj
 0001:000448f0       sf_debug_clear_script_breakpoints 00000001800458f0 f   sfc_debug:sfcdebug.obj
 0001:00044960       sf_debug_query_script_breakpoints 0000000180045960 f   sfc_debug:sfcdebug.obj
 0001:00044a20       sf_debug_get_eml_script_id 0000000180045a20 f   sfc_debug:sfcdebug.obj
 0001:00044a70       sf_debug_set_watch         0000000180045a70 f   sfc_debug:sfcdebug.obj
 0001:00044ca0       sf_debug_get_instance_handle 0000000180045ca0 f   sfc_debug:sfcdebug.obj
 0001:00044d30       sf_debug_get_active_states 0000000180045d30 f   sfc_debug:sfcdebug.obj
 0001:00044d40       sf_debug_get_animation     0000000180045d40 f   sfc_debug:sfcdebug.obj
 0001:00044d50       sf_debug_set_animation     0000000180045d50 f   sfc_debug:sfcdebug.obj
 0001:00044d60       sf_debug_animate           0000000180045d60 f   sfc_debug:sfcdebug.obj
 0001:00044d90       sf_debug_cycle_detection_check 0000000180045d90 f   sfc_debug:sfcdebug.obj
 0001:00044da0       sf_debug_data_range_check  0000000180045da0 f   sfc_debug:sfcdebug.obj
 0001:00044db0       sf_debug_transition_conflict_check 0000000180045db0 f   sfc_debug:sfcdebug.obj
 0001:00044dc0       sf_debug_state_consistency_check 0000000180045dc0 f   sfc_debug:sfcdebug.obj
 0001:00044dd0       sf_debug_data_range_check_enabled 0000000180045dd0 f   sfc_debug:sfcdebug.obj
 0001:00044df0       sf_debug_transition_conflict_check_enabled 0000000180045df0 f   sfc_debug:sfcdebug.obj
 0001:00044e10       sf_debug_transition_conflict_check_begin 0000000180045e10 f   sfc_debug:sfcdebug.obj
 0001:00044e30       sf_debug_transition_conflict_check_end 0000000180045e30 f   sfc_debug:sfcdebug.obj
 0001:00044e50       sf_debug_stop_debugging    0000000180045e50 f   sfc_debug:sfcdebug.obj
 0001:00044e80       sf_debug_is_cycle_detected 0000000180045e80 f   sfc_debug:sfcdebug.obj
 0001:00044e90       sf_debug_is_array_bounds_detected 0000000180045e90 f   sfc_debug:sfcdebug.obj
 0001:00044ea0       sf_debug_get_state_vectors_data_size 0000000180045ea0 f   sfc_debug:sfcdebug.obj
 0001:00044ee0       sf_debug_get_state_vectors_data 0000000180045ee0 f   sfc_debug:sfcdebug.obj
 0001:00044fe0       sf_debug_set_state_vectors_data 0000000180045fe0 f   sfc_debug:sfcdebug.obj
 0001:000452a0       sf_debug_get_script_index  00000001800462a0 f   sfc_debug:sfcdebug.obj
 0001:00045430       sf_debug_add_script        0000000180046430 f   sfc_debug:sfcdebug.obj
 0001:000455c0       cv_eval_point              00000001800465c0 f   sfc_debug:sfcdebug.obj
 0001:00045730       cv_eval_testobjective      0000000180046730 f   sfc_debug:sfcdebug.obj
 0001:00045850       sf_debug_cv_init_state     0000000180046850 f   sfc_debug:sfcdebug.obj
 0001:00045970       sf_debug_cv_init_chart     0000000180046970 f   sfc_debug:sfcdebug.obj
 0001:00045a50       sf_debug_cv_init_trans     0000000180046a50 f   sfc_debug:sfcdebug.obj
 0001:00045b50       sf_debug_cv_init_testobjectives 0000000180046b50 f   sfc_debug:sfcdebug.obj
 0001:00045d30       cv_eml_init_script         0000000180046d30 f   sfc_debug:sfcdebug.obj
 0001:00045e30       cv_eml_init_fcn            0000000180046e30 f   sfc_debug:sfcdebug.obj
 0001:00045ee0       cv_eml_init_testobjective  0000000180046ee0 f   sfc_debug:sfcdebug.obj
 0001:00045fb0       cv_eml_init_if             0000000180046fb0 f   sfc_debug:sfcdebug.obj
 0001:00046080       cv_eml_init_for            0000000180047080 f   sfc_debug:sfcdebug.obj
 0001:00046140       cv_eml_init_while          0000000180047140 f   sfc_debug:sfcdebug.obj
 0001:00046200       cv_eml_init_mcdc           0000000180047200 f   sfc_debug:sfcdebug.obj
 0001:00046310       cv_eml_init_switch         0000000180047310 f   sfc_debug:sfcdebug.obj
 0001:00046400       cv_eml_eval                0000000180047400 f   sfc_debug:sfcdebug.obj
 0001:000464e0       sf_debug_bm_is_a_eml_breakpoint 00000001800474e0 f   sfc_debug:sfcdebug.obj
 0001:00046630       sf_debug_temporal_threshold 0000000180047630 f   sfc_debug:sfcdebug.obj
 0001:00046990       sf_debug_transition_conflict_error 0000000180047990 f   sfc_debug:sfcdebug.obj
 0001:00046d10       sf_debug_state_inconsistency_error 0000000180047d10 f   sfc_debug:sfcdebug.obj
 0001:00046e30       sf_debug_check_for_state_inconsistency 0000000180047e30 f   sfc_debug:sfcdebug.obj
 0001:00046e60       sf_debug_cycle_detecton_error 0000000180047e60 f   sfc_debug:sfcdebug.obj
 0001:00047650       sf_debug_size_eq_check_1d  0000000180048650 f   sfc_debug:sfcdebug.obj
 0001:00047670       sf_debug_size_eq_check_nd  0000000180048670 f   sfc_debug:sfcdebug.obj
 0001:00047850       sf_debug_dim_size_eq_check 0000000180048850 f   sfc_debug:sfcdebug.obj
 0001:00047880       sf_debug_dim_size_geq_check 0000000180048880 f   sfc_debug:sfcdebug.obj
 0001:000478b0       sf_debug_sub_assign_size_check_nd 00000001800488b0 f   sfc_debug:sfcdebug.obj
 0001:00047af0       sf_debug_matrix_matrix_index_check 0000000180048af0 f   sfc_debug:sfcdebug.obj
 0001:00047b20       sf_debug_vector_vector_index_check 0000000180048b20 f   sfc_debug:sfcdebug.obj
 0001:00047b50       sf_debug_for_loop_vector_check 0000000180048b50 f   sfc_debug:sfcdebug.obj
 0001:00047bd0       sf_debug_runtime_error_msgid 0000000180048bd0 f   sfc_debug:sfcdebug.obj
 0001:00047c60       sf_debug_data_array_bounds_error_check 0000000180048c60 f   sfc_debug:sfcdebug.obj
 0001:00047d70       sf_debug_eml_data_array_bounds_error_check 0000000180048d70 f   sfc_debug:sfcdebug.obj
 0001:00048250       sf_debug_integer_check     0000000180049250 f   sfc_debug:sfcdebug.obj
 0001:00048330       sf_debug_not_nan_check     0000000180049330 f   sfc_debug:sfcdebug.obj
 0001:000483f0       sf_debug_non_negative_check 00000001800493f0 f   sfc_debug:sfcdebug.obj
 0001:000484b0       sf_debug_overflow_detection 00000001800494b0 f   sfc_debug:sfcdebug.obj
 0001:00048ba0       sf_debug_cast_to_real32_T  0000000180049ba0 f   sfc_debug:sfcdebug.obj
 0001:00048c60       sf_debug_cast_to_int8_T    0000000180049c60 f   sfc_debug:sfcdebug.obj
 0001:00048d20       sf_debug_cast_to_uint8_T   0000000180049d20 f   sfc_debug:sfcdebug.obj
 0001:00048de0       sf_debug_cast_to_int16_T   0000000180049de0 f   sfc_debug:sfcdebug.obj
 0001:00048ea0       sf_debug_cast_to_uint16_T  0000000180049ea0 f   sfc_debug:sfcdebug.obj
 0001:00048f60       sf_debug_cast_to_int32_T   0000000180049f60 f   sfc_debug:sfcdebug.obj
 0001:00049020       sf_debug_cast_to_uint32_T  000000018004a020 f   sfc_debug:sfcdebug.obj
 0001:000490e0       sf_debug_data_range_error  000000018004a0e0 f   sfc_debug:sfcdebug.obj
 0001:00049430       sf_debug_read_before_write_check 000000018004a430 f   sfc_debug:sfcdebug.obj
 0001:00049820       sf_debug_data_range_error_wrapper_min_max 000000018004a820 f   sfc_debug:sfcdebug.obj
 0001:00049910       sf_debug_data_range_error_wrapper_min 000000018004a910 f   sfc_debug:sfcdebug.obj
 0001:000499f0       sf_debug_data_range_error_wrapper_max 000000018004a9f0 f   sfc_debug:sfcdebug.obj
 0001:00049ad0       sf_debug_data_range_wrapper 000000018004aad0 f   sfc_debug:sfcdebug.obj
 0001:00049b80       sf_debug_set_current_status_info 000000018004ab80 f   sfc_debug:sfcdebug.obj
 0001:00049f30       sf_debug_register_message_post_receive_info 000000018004af30 f   sfc_debug:sfcdebug.obj
 0001:0004a1a0       sf_debug_call              000000018004b1a0 f   sfc_debug:sfcdebug.obj
 0001:0004b060       sf_debug_initialize_machine 000000018004c060 f   sfc_debug:sfcdebug.obj
 0001:0004b370       sf_debug_initialize_chart  000000018004c370 f   sfc_debug:sfcdebug.obj
 0001:0004b850       sf_debug_ensure_script     000000018004c850 f   sfc_debug:sfcdebug.obj
 0001:0004b910       cv_script_init_script      000000018004c910 f   sfc_debug:sfcdebug.obj
 0001:0004b9f0       cv_script_init_fcn         000000018004c9f0 f   sfc_debug:sfcdebug.obj
 0001:0004baa0       cv_script_init_testobjective 000000018004caa0 f   sfc_debug:sfcdebug.obj
 0001:0004bb50       cv_script_init_if          000000018004cb50 f   sfc_debug:sfcdebug.obj
 0001:0004bc00       cv_script_init_for         000000018004cc00 f   sfc_debug:sfcdebug.obj
 0001:0004bcb0       cv_script_init_while       000000018004ccb0 f   sfc_debug:sfcdebug.obj
 0001:0004bd60       cv_script_init_mcdc        000000018004cd60 f   sfc_debug:sfcdebug.obj
 0001:0004be60       cv_script_init_switch      000000018004ce60 f   sfc_debug:sfcdebug.obj
 0001:0004bf40       cv_script_eval             000000018004cf40 f   sfc_debug:sfcdebug.obj
 0001:0004c020       eml_debug_line_call        000000018004d020 f   sfc_debug:sfcdebug.obj
 0001:0004c1d0       sf_debug_terminate         000000018004d1d0 f   sfc_debug:sfcdebug.obj
 0001:0004c340       sf_debug_set_script_cv_ids 000000018004d340 f   sfc_debug:sfcdebug.obj
 0001:0004c470       sf_debug_api               000000018004d470 f   sfc_debug:sfc_api.obj
 0001:0004dc50       sf_debug_sm_terminate      000000018004ec50 f   sfc_debug:sfdb_animation.obj
 0001:0004de10       sf_debug_reset_path_objects 000000018004ee10 f   sfc_debug:sfdb_animation.obj
 0001:0004de90       sf_debug_sm_reset_object_selection_status 000000018004ee90 f   sfc_debug:sfdb_animation.obj
 0001:0004df30       sf_debug_sm_reset_state_buffer 000000018004ef30 f   sfc_debug:sfdb_animation.obj
 0001:0004e000       sf_debug_sm_store_state_buffer 000000018004f000 f   sfc_debug:sfdb_animation.obj
 0001:0004e080       sf_debug_sm_restore_state_buffer1 000000018004f080 f   sfc_debug:sfdb_animation.obj
 0001:0004e0f0       sf_debug_sm_restore_state_buffer2 000000018004f0f0 f   sfc_debug:sfdb_animation.obj
 0001:0004e160       sf_debug_sm_chart_active   000000018004f160 f   sfc_debug:sfdb_animation.obj
 0001:0004e1b0       sf_debug_sm_select_active_objects 000000018004f1b0 f   sfc_debug:sfdb_animation.obj
 0001:0004e660       sf_debug_sm_is_chart_active 000000018004f660 f   sfc_debug:sfdb_animation.obj
 0001:0004e6a0       sf_debug_sm_is_state_active 000000018004f6a0 f   sfc_debug:sfdb_animation.obj
 0001:0004e8e0       sf_debug_sm_get_active_states 000000018004f8e0 f   sfc_debug:sfdb_animation.obj
 0001:0004eea0       sf_debug_sm_initialize_instance 000000018004fea0 f   sfc_debug:sfdb_animation.obj
 0001:0004f0f0       sf_debug_sm_change_object_selection_status 00000001800500f0 f   sfc_debug:sfdb_animation.obj
 0001:0004f3e0       cv_create_interface        00000001800503e0 f   sfc_debug:cv_sfinterface.obj
 0001:0004f740       cv_init_trans              0000000180050740 f   sfc_debug:cv_sfinterface.obj
 0001:0004f790       cv_init_testobjective      0000000180050790 f   sfc_debug:cv_sfinterface.obj
 0001:0004f7d0       cv_init_state              00000001800507d0 f   sfc_debug:cv_sfinterface.obj
 0001:0004f840       cv_init_chart              0000000180050840 f   sfc_debug:cv_sfinterface.obj
 0001:0004f890       cv_dec_update_call         0000000180050890 f   sfc_debug:cv_sfinterface.obj
 0001:0004f8d0       cv_cond_update_call        00000001800508d0 f   sfc_debug:cv_sfinterface.obj
 0001:0004f910       cv_testobjective_update_call 0000000180050910 f   sfc_debug:cv_sfinterface.obj
 0001:0004f950       cv_sigrange_update         0000000180050950 f   sfc_debug:cv_sfinterface.obj
 0001:0004f990       cvsf_eml_eval              0000000180050990 f   sfc_debug:cv_sfinterface.obj
 0001:0004fa70       cvsf_eml_init_script       0000000180050a70 f   sfc_debug:cv_sfinterface.obj
 0001:0004faf0       cvsf_eml_init_fcn          0000000180050af0 f   sfc_debug:cv_sfinterface.obj
 0001:0004fb50       cvsf_eml_init_testobjective 0000000180050b50 f   sfc_debug:cv_sfinterface.obj
 0001:0004fbb0       cvsf_eml_init_if           0000000180050bb0 f   sfc_debug:cv_sfinterface.obj
 0001:0004fc10       cvsf_eml_init_for          0000000180050c10 f   sfc_debug:cv_sfinterface.obj
 0001:0004fc60       cvsf_eml_init_while        0000000180050c60 f   sfc_debug:cv_sfinterface.obj
 0001:0004fcb0       cvsf_eml_init_mcdc         0000000180050cb0 f   sfc_debug:cv_sfinterface.obj
 0001:0004fd40       cvsf_eml_init_switch       0000000180050d40 f   sfc_debug:cv_sfinterface.obj
 0001:0004fdb0       cvsf_script_eval           0000000180050db0 f   sfc_debug:cv_sfinterface.obj
 0001:0004fe90       cvsf_script_init_script    0000000180050e90 f   sfc_debug:cv_sfinterface.obj
 0001:0004ff10       cvsf_script_init_fcn       0000000180050f10 f   sfc_debug:cv_sfinterface.obj
 0001:0004ff70       cvsf_script_init_testobjective 0000000180050f70 f   sfc_debug:cv_sfinterface.obj
 0001:0004ffd0       cvsf_script_init_if        0000000180050fd0 f   sfc_debug:cv_sfinterface.obj
 0001:00050030       cvsf_script_init_for       0000000180051030 f   sfc_debug:cv_sfinterface.obj
 0001:00050080       cvsf_script_init_while     0000000180051080 f   sfc_debug:cv_sfinterface.obj
 0001:000500d0       cvsf_script_init_mcdc      00000001800510d0 f   sfc_debug:cv_sfinterface.obj
 0001:00050160       cvsf_script_init_switch    0000000180051160 f   sfc_debug:cv_sfinterface.obj
 0001:000501d0       cv_destroy_interface       00000001800511d0 f   sfc_debug:cv_sfinterface.obj
 0001:000501f0       cv_create_instance_objects 00000001800511f0 f   sfc_debug:cv_sfinterface.obj
 0001:000506a0       cv_is_enabled              00000001800516a0 f   sfc_debug:cv_sfinterface.obj
 0001:000506b0       sf_debug_cv_initialize_script 00000001800516b0 f   sfc_debug:cv_sfinterface.obj
 0001:00050860       sf_debug_cv_initialize_instance 0000000180051860 f   sfc_debug:cv_sfinterface.obj
 0001:00050c00       sf_debug_cv_terminate_chart 0000000180051c00 f   sfc_debug:cv_sfinterface.obj
 0001:00050d40       cv_call_trans_test         0000000180051d40 f   sfc_debug:cv_sfinterface.obj
 0001:00050d50       cv_call_sub_cond_test      0000000180051d50 f   sfc_debug:cv_sfinterface.obj
 0001:00050d90       sf_debug_st_initialize_machine 0000000180051d90 f   sfc_debug:sfdb_data_browse.obj
 0001:00050e50       sf_debug_st_initialize_instance 0000000180051e50 f   sfc_debug:sfdb_data_browse.obj
 0001:00051080       sf_debug_st_terminate      0000000180052080 f   sfc_debug:sfdb_data_browse.obj
 0001:00051420       sf_debug_st_set_data_value_ptr_in_machine 0000000180052420 f   sfc_debug:sfdb_data_browse.obj
 0001:000514b0       sf_debug_st_set_data_value_ptr_in_instance 00000001800524b0 f   sfc_debug:sfdb_data_browse.obj
 0001:00051590       sf_debug_st_unset_data_value_ptr_in_machine 0000000180052590 f   sfc_debug:sfdb_data_browse.obj
 0001:00051600       sf_debug_st_unset_data_value_ptr_in_instance 0000000180052600 f   sfc_debug:sfdb_data_browse.obj
 0001:00051910       sf_debug_mx_value          0000000180052910 f   sfc_debug:sfdb_data_browse.obj
 0001:00051970       sf_debug_mx_packed_vector  0000000180052970 f   sfc_debug:sfdb_data_browse.obj
 0001:00051a50       sf_debug_mx_uint_vector    0000000180052a50 f   sfc_debug:sfdb_data_browse.obj
 0001:00051b10       sf_debug_st_get_double_value_from_void_ptr_vector 0000000180052b10 f   sfc_debug:sfdb_data_browse.obj
 0001:00052600       sf_debug_st_browse_data    0000000180053600 f   sfc_debug:sfdb_data_browse.obj
 0001:00052e90       sf_debug_hm_initialize_instance 0000000180053e90 f   sfc_debug:sfdb_handle_management.obj
 0001:00053410       sf_debug_hm_get_object_id  0000000180054410 f   sfc_debug:sfdb_handle_management.obj
 0001:00055380       sf_debug_object_is_eml_function 0000000180056380 f   sfc_debug:sfdb_handle_management.obj
 0001:000553f0       sf_debug_hm_initialize_ids_in_machine 00000001800563f0 f   sfc_debug:sfdb_handle_management.obj
 0001:00055560       sf_debug_hm_initialize_ids_in_chart 0000000180056560 f   sfc_debug:sfdb_handle_management.obj
 0001:000556a0       sf_debug_hm_initialize_chart 00000001800566a0 f   sfc_debug:sfdb_handle_management.obj
 0001:00055e50       sf_debug_hm_terminate      0000000180056e50 f   sfc_debug:sfdb_handle_management.obj
 0001:00055eb0       sf_debug_hm_initialize_machine 0000000180056eb0 f   sfc_debug:sfdb_handle_management.obj
 0001:00056660       sf_debug_ss_initialize     0000000180057660 f   sfc_debug:sfdb_symbol_scope.obj
 0001:00056680       sf_debug_ss_terminate      0000000180057680 f   sfc_debug:sfdb_symbol_scope.obj
 0001:00056710       sf_debug_ss_push_symbol_scope 0000000180057710 f   sfc_debug:sfdb_symbol_scope.obj
 0001:00056810       sf_debug_ss_push_symbol_scope_eml 0000000180057810 f   sfc_debug:sfdb_symbol_scope.obj
 0001:00056870       sf_debug_ss_pop_symbol_scope 0000000180057870 f   sfc_debug:sfdb_symbol_scope.obj
 0001:00056920       sf_debug_ss_add_symbol     0000000180057920 f   sfc_debug:sfdb_symbol_scope.obj
 0001:00056a80       sf_debug_ss_add_symbol_eml 0000000180057a80 f   sfc_debug:sfdb_symbol_scope.obj
 0001:00057760       sf_debug_ss_set_data_value 0000000180058760 f   sfc_debug:sfdb_symbol_scope.obj
 0001:00057c00       sf_debug_ss_watch_data     0000000180058c00 f   sfc_debug:sfdb_symbol_scope.obj
 0001:00057ca0       sf_debug_ss_assign_data    0000000180058ca0 f   sfc_debug:sfdb_symbol_scope.obj
 0001:000586a0       get_data_entry_name        00000001800596a0 f   sfc_debug:sfdb_symbol_scope.obj
 0001:000586f0       sf_debug_ss_whos           00000001800596f0 f   sfc_debug:sfdb_symbol_scope.obj
 0001:00058e00       sf_debug_cc_initialize_chart 0000000180059e00 f   sfc_debug:sfdb_coverage.obj
 0001:000597f0       sf_debug_cc_initialize_instance 000000018005a7f0 f   sfc_debug:sfdb_coverage.obj
 0001:0005a5f0       sf_debug_cc_terminate      000000018005b5f0 f   sfc_debug:sfdb_coverage.obj
 0001:0005a6e0       sf_debug_cc_set_transition_maps 000000018005b6e0 f   sfc_debug:sfdb_coverage.obj
 0001:0005a810       sf_debug_cc_set_state_maps 000000018005b810 f   sfc_debug:sfdb_coverage.obj
 0001:0005a8f0       sf_debug_cc_set_transition_weights 000000018005b8f0 f   sfc_debug:sfdb_coverage.obj
 0001:0005abc0       sf_debug_cc_set_state_weights 000000018005bbc0 f   sfc_debug:sfdb_coverage.obj
 0001:0005ae90       sf_debug_cc_mark_transition_guard 000000018005be90 f   sfc_debug:sfdb_coverage.obj
 0001:0005af20       sf_debug_cc_mark_transition_trigger 000000018005bf20 f   sfc_debug:sfdb_coverage.obj
 0001:0005afb0       sf_debug_cc_mark_transition_decision 000000018005bfb0 f   sfc_debug:sfdb_coverage.obj
 0001:0005b020       sf_debug_cc_mark_transition_condition_action 000000018005c020 f   sfc_debug:sfdb_coverage.obj
 0001:0005b070       sf_debug_cc_mark_transition_transition_action 000000018005c070 f   sfc_debug:sfdb_coverage.obj
 0001:0005b0c0       sf_debug_cc_mark_state_entry 000000018005c0c0 f   sfc_debug:sfdb_coverage.obj
 0001:0005b110       sf_debug_cc_mark_state_during 000000018005c110 f   sfc_debug:sfdb_coverage.obj
 0001:0005b160       sf_debug_cc_mark_state_exit 000000018005c160 f   sfc_debug:sfdb_coverage.obj
 0001:0005b1b0       sf_debug_bm_clear_script_breakpoints 000000018005c1b0 f   sfc_debug:sfdb_breakpoints.obj
 0001:0005b1e0       sf_debug_bm_set_script_breakpoint 000000018005c1e0 f   sfc_debug:sfdb_breakpoints.obj
 0001:0005b260       sf_debug_bm_clear_single_script_breakpoint 000000018005c260 f   sfc_debug:sfdb_breakpoints.obj
 0001:0005b2e0       sf_debug_bm_query_script_breakpoint 000000018005c2e0 f   sfc_debug:sfdb_breakpoints.obj
 0001:0005b330       sf_debug_bm_initialize_scripts 000000018005c330 f   sfc_debug:sfdb_breakpoints.obj
 0001:0005ba50       sf_debug_bm_terminate      000000018005ca50 f   sfc_debug:sfdb_breakpoints.obj
 0001:0005bd40       sf_debug_bm_remove_all_breakpoints_in_machine 000000018005cd40 f   sfc_debug:sfdb_breakpoints.obj
 0001:0005bdb0       sf_debug_bm_remove_all_breakpoints_in_chart 000000018005cdb0 f   sfc_debug:sfdb_breakpoints.obj
 0001:0005bf00       sf_debug_bm_initialize_global_breakpoints 000000018005cf00 f   sfc_debug:sfdb_breakpoints.obj
 0001:0005c080       sf_debug_bm_set_breakpoint 000000018005d080 f   sfc_debug:sfdb_breakpoints.obj
 0001:0005c6b0       sf_debug_bm_set_eml_breakpoint 000000018005d6b0 f   sfc_debug:sfdb_breakpoints.obj
 0001:0005c750       sf_debug_bm_initialize_machine_breakpoint_map 000000018005d750 f   sfc_debug:sfdb_breakpoints.obj
 0001:0005cb70       sf_debug_bm_is_a_breakpoint 000000018005db70 f   sfc_debug:sfdb_breakpoints.obj
 0001:0005d090       sf_debug_bm_get_all_breakpoints_in_machine 000000018005e090 f   sfc_debug:sfdb_breakpoints.obj
 0001:0005d390       sf_debug_bm_get_all_breakpoints_in_chart 000000018005e390 f   sfc_debug:sfdb_breakpoints.obj
 0001:0005e050       sf_debug_bm_initialize_machine 000000018005f050 f   sfc_debug:sfdb_breakpoints.obj
 0001:0005e120       sf_debug_bm_initialize_chart 000000018005f120 f   sfc_debug:sfdb_breakpoints.obj
 0001:0005e540       sf_debug_sc_terminate      000000018005f540 f   sfc_debug:sfdb_state_consistency.obj
 0001:0005e870       sf_debug_sc_is_chart_consistent 000000018005f870 f   sfc_debug:sfdb_state_consistency.obj
 0001:0005eb20       sf_debug_sc_get_consistency_error_info 000000018005fb20 f   sfc_debug:sfdb_state_consistency.obj
 0001:0005ef70       sf_debug_tm_terminate      000000018005ff70 f   sfc_debug:sfdb_call_stack.obj
 0001:0005f030       sf_debug_tm_push_chart_instance 0000000180060030 f   sfc_debug:sfdb_call_stack.obj
 0001:0005f180       sf_debug_tm_pop_chart_instance 0000000180060180 f   sfc_debug:sfdb_call_stack.obj
 0001:0005f1e0       sf_debug_tm_push_trace_node 00000001800601e0 f   sfc_debug:sfdb_call_stack.obj
 0001:0005f370       sf_debug_tm_pop_trace_node 0000000180060370 f   sfc_debug:sfdb_call_stack.obj
 0001:0005f3f0       sf_debug_tm_get_current_global_trace_index 00000001800603f0 f   sfc_debug:sfdb_call_stack.obj
 0001:0005f400       sf_debug_tm_get_current_local_trace_index 0000000180060400 f   sfc_debug:sfdb_call_stack.obj
 0001:0005f430       sf_debug_tm_set_cycle_detected_flag 0000000180060430 f   sfc_debug:sfdb_call_stack.obj
 0001:0005f470       sf_debug_tm_set_cycle_started_flag 0000000180060470 f   sfc_debug:sfdb_call_stack.obj
 0001:0005f4b0       sf_debug_tm_get_chart_number_from_stack 00000001800604b0 f   sfc_debug:sfdb_call_stack.obj
 0001:0005f6b0       sf_debug_tm_browse_trace   00000001800606b0 f   sfc_debug:sfdb_call_stack.obj
 0001:0005f9f0       sf_debug_cd_initialize_instance 00000001800609f0 f   sfc_debug:sfdb_cycle_detection.obj
 0001:0005fca0       sf_debug_cd_mark_processed_transition_in_instance 0000000180060ca0 f   sfc_debug:sfdb_cycle_detection.obj
 0001:0005fd40       sf_debug_cd_checksum_push  0000000180060d40 f   sfc_debug:sfdb_cycle_detection.obj
 0001:00060000       sf_debug_cd_checksum_pop   0000000180061000 f   sfc_debug:sfdb_cycle_detection.obj
 0001:00060070       sf_debug_cd_turn_off_cycle_detection 0000000180061070 f   sfc_debug:sfdb_cycle_detection.obj
 0001:000600c0       sf_debug_cd_terminate      00000001800610c0 f   sfc_debug:sfdb_cycle_detection.obj
 0001:00060300       md5_initialize_state       0000000180061300 f   sfc_debug:ckmd5.obj
 0001:00060d70       md5_update_state           0000000180061d70 f   sfc_debug:ckmd5.obj
 0001:00060d90       md5_get_hash               0000000180061d90 f   sfc_debug:ckmd5.obj
 0001:00060dc0       md5_get_hash_for_a_single_string 0000000180061dc0 f   sfc_debug:ckmd5.obj
 0001:00060e24       mxGetPr                    0000000180061e24 f   libmx:libmx.dll
 0001:00060e2a       mxCreateDoubleScalar       0000000180061e2a f   libmx:libmx.dll
 0001:00060e30       mxCreateDoubleMatrix_730   0000000180061e30 f   libmx:libmx.dll
 0001:00060e36       mxSetField_730             0000000180061e36 f   libmx:libmx.dll
 0001:00060e3c       mxCreateString             0000000180061e3c f   libmx:libmx.dll
 0001:00060e42       mxCreateStructMatrix_730   0000000180061e42 f   libmx:libmx.dll
 0001:00060e48       mxDestroyArray             0000000180061e48 f   libmx:libmx.dll
 0001:00060e4e       mxDuplicateArray           0000000180061e4e f   libmx:libmx.dll
 0001:00060e54       mxGetNaN                   0000000180061e54 f   libmx:libmx.dll
 0001:00060e5a       mxGetString_730            0000000180061e5a f   libmx:libmx.dll
 0001:00060e60       mxIsChar                   0000000180061e60 f   libmx:libmx.dll
 0001:00060e66       mxGetClassID               0000000180061e66 f   libmx:libmx.dll
 0001:00060e6c       mxIsNumeric                0000000180061e6c f   libmx:libmx.dll
 0001:00060e72       mxIsComplex                0000000180061e72 f   libmx:libmx.dll
 0001:00060e78       mxGetN                     0000000180061e78 f   libmx:libmx.dll
 0001:00060e7e       mxGetM                     0000000180061e7e f   libmx:libmx.dll
 0001:00060e84       mxCalloc                   0000000180061e84 f   libmx:libmx.dll
 0001:00060e8a       mxGetScalar                0000000180061e8a f   libmx:libmx.dll
 0001:00060e90       mxIsLogical                0000000180061e90 f   libmx:libmx.dll
 0001:00060e96       mxCreateDoubleMatrix_700   0000000180061e96 f   libmx:libmx.dll
 0001:00060e9c       mxFree                     0000000180061e9c f   libmx:libmx.dll
 0001:00060ea2       mxArrayToString            0000000180061ea2 f   libmx:libmx.dll
 0001:00060ea8       mxCreateCellMatrix_700     0000000180061ea8 f   libmx:libmx.dll
 0001:00060eae       mxSetCell_700              0000000180061eae f   libmx:libmx.dll
 0001:00060eb4       mxGetCell_700              0000000180061eb4 f   libmx:libmx.dll
 0001:00060eba       mxGetClassName             0000000180061eba f   libmx:libmx.dll
 0001:00060ec0       mxSetField_700             0000000180061ec0 f   libmx:libmx.dll
 0001:00060ec6       mxAddField                 0000000180061ec6 f   libmx:libmx.dll
 0001:00060ecc       mxGetField_700             0000000180061ecc f   libmx:libmx.dll
 0001:00060ed2       mxGetNumberOfElements      0000000180061ed2 f   libmx:libmx.dll
 0001:00060ed8       mxIsStruct                 0000000180061ed8 f   libmx:libmx.dll
 0001:00060ede       mxIsA                      0000000180061ede f   libmx:libmx.dll
 0001:00060ee4       mxIsClass                  0000000180061ee4 f   libmx:libmx.dll
 0001:00060eea       mxGetLogicals              0000000180061eea f   libmx:libmx.dll
 0001:00060ef0       mxIsSparse                 0000000180061ef0 f   libmx:libmx.dll
 0001:00060ef6       mxSetFieldByNumber_700     0000000180061ef6 f   libmx:libmx.dll
 0001:00060efc       mxGetFieldByNumber_700     0000000180061efc f   libmx:libmx.dll
 0001:00060f02       mxGetFieldNameByNumber     0000000180061f02 f   libmx:libmx.dll
 0001:00060f08       mxGetNumberOfFields        0000000180061f08 f   libmx:libmx.dll
 0001:00060f0e       mxCreateStructMatrix_700   0000000180061f0e f   libmx:libmx.dll
 0001:00060f14       mxGetFieldNumber           0000000180061f14 f   libmx:libmx.dll
 0001:00060f1a       mxIsNaN                    0000000180061f1a f   libmx:libmx.dll
 0001:00060f20       mxIsEmpty                  0000000180061f20 f   libmx:libmx.dll
 0001:00060f26       mxGetData                  0000000180061f26 f   libmx:libmx.dll
 0001:00060f2c       mxGetImagData              0000000180061f2c f   libmx:libmx.dll
 0001:00060f32       mxArrayClassIDName         0000000180061f32 f   libmx:libmx.dll
 0001:00060f38       mxCreateNumericMatrix_700  0000000180061f38 f   libmx:libmx.dll
 0001:00060f3e       mxCreateStructArray_700    0000000180061f3e f   libmx:libmx.dll
 0001:00060f44       mxCalcSingleSubscript_700  0000000180061f44 f   libmx:libmx.dll
 0001:00060f4a       mxGetDimensions_700        0000000180061f4a f   libmx:libmx.dll
 0001:00060f50       mxGetNumberOfDimensions_700 0000000180061f50 f   libmx:libmx.dll
 0001:00060f56       mxCreateNumericArray_700   0000000180061f56 f   libmx:libmx.dll
 0001:00060f5c       mxGetElementSize           0000000180061f5c f   libmx:libmx.dll
 0001:00060f62       mxCreateStringFromNChars_700 0000000180061f62 f   libmx:libmx.dll
 0001:00060f68       mxGetString_700            0000000180061f68 f   libmx:libmx.dll
 0001:00060f6e       mxIsLogicalScalarTrue      0000000180061f6e f   libmx:libmx.dll
 0001:00060f74       mxCreateLogicalScalar      0000000180061f74 f   libmx:libmx.dll
 0001:00060f7a       mexUnlock                  0000000180061f7a f   libmex:libmex.dll
 0001:00060f80       mexIsLocked                0000000180061f80 f   libmex:libmex.dll
 0001:00060f86       mexWarnMsgTxt              0000000180061f86 f   libmex:libmex.dll
 0001:00060f8c       mexCallMATLAB              0000000180061f8c f   libmex:libmex.dll
 0001:00060f92       mexErrMsgTxt               0000000180061f92 f   libmex:libmex.dll
 0001:00060f98       mexMakeArrayPersistent     0000000180061f98 f   libmex:libmex.dll
 0001:00060f9e       mexSetTrapFlag             0000000180061f9e f   libmex:libmex.dll
 0001:00060fa4       mexPutVariable             0000000180061fa4 f   libmex:libmex.dll
 0001:00060faa       mexGetVariable             0000000180061faa f   libmex:libmex.dll
 0001:00060fb0       mexLock                    0000000180061fb0 f   libmex:libmex.dll
 0001:00060fb6       mexMakeMemoryPersistent    0000000180061fb6 f   libmex:libmex.dll
 0001:00060fbc       mexFunctionName            0000000180061fbc f   libmex:libmex.dll
 0001:00060fc2       ssRegisterDataTypeFxpFSlopeFixExpBias 0000000180061fc2 f   libfixedpoint:libfixedpoint.dll
 0001:00060fc8       utVSNprintf                0000000180061fc8 f   libut:libut.dll
 0001:00060fce       utCPUtime                  0000000180061fce f   libut:libut.dll
 0001:00060fd4       utFree                     0000000180061fd4 f   libut:libut.dll
 0001:00060fda       utMalloc                   0000000180061fda f   libut:libut.dll
 0001:00060fe0       muDoubleScalarPower        0000000180061fe0 f   libmwmathutil:libmwmathutil.dll
 0001:00060fe6       muDoubleScalarSin          0000000180061fe6 f   libmwmathutil:libmwmathutil.dll
 0001:00060fec       muDoubleScalarCos          0000000180061fec f   libmwmathutil:libmwmathutil.dll
 0001:00060ff2       muDoubleScalarIsNaN        0000000180061ff2 f   libmwmathutil:libmwmathutil.dll
 0001:00060ff8       muDoubleScalarAbs          0000000180061ff8 f   libmwmathutil:libmwmathutil.dll
 0001:00060ffe       emlrtCheckBuiltInCtxR2011a 0000000180061ffe f   libemlrt:libemlrt.dll
 0001:00061004       emlrtCheckVsBuiltInCtxR2011a 0000000180062004 f   libemlrt:libemlrt.dll
 0001:0006100a       emlrtCheckEnumR2009a       000000018006200a f   libemlrt:libemlrt.dll
 0001:00061010       emlrtCreateEnumR2010a      0000000180062010 f   libemlrt:libemlrt.dll
 0001:00061016       emlrtGetEnumElementR2009a  0000000180062016 f   libemlrt:libemlrt.dll
 0001:0006101c       emlrtCreateReference       000000018006201c f   libemlrt:libemlrt.dll
 0001:00061022       emlrtImportVsFiArrayR2009b 0000000180062022 f   libemlrt:libemlrt.dll
 0001:00061028       emlrtNameCapturePostProcessR2012a 0000000180062028 f   libemlrt:libemlrt.dll
 0001:0006102e       emlrtExtractMessageId      000000018006202e f   libemlrt:libemlrt.dll
 0001:00061034       emlrtTranslateMessageIDtoLCPstring 0000000180062034 f   libemlrt:libemlrt.dll
 0001:0006103a       emlrtForLoopVectorIsValidR2011b 000000018006203a f   libemlrt:libemlrt.dll
 0001:00061040       emlrtTranslateUTF16MessagetoLCPstring 0000000180062040 f   libemlrt:libemlrt.dll
 0001:00061046       emlrtGetEnumUnderlyingArrayR2009a 0000000180062046 f   libemlrt:libemlrt.dll
 0001:0006104c       emlrtIsEnumR2009a          000000018006204c f   libemlrt:libemlrt.dll
 0001:00061054       __GSHandlerCheckCommon     0000000180062054 f   MSVCRT:gshandler.obj
 0001:000610b8       __GSHandlerCheck           00000001800620b8 f   MSVCRT:gshandler.obj
 0001:000610d6       strlen                     00000001800620d6 f   MSVCRT:MSVCR100.dll
 0001:000610f0       __security_check_cookie    00000001800620f0 f   MSVCRT:amdsecgs.obj
 0001:00061110       memset                     0000000180062110 f   MSVCRT:MSVCR100.dll
 0001:00061116       malloc                     0000000180062116 f   MSVCRT:MSVCR100.dll
 0001:0006111c       free                       000000018006211c f   MSVCRT:MSVCR100.dll
 0001:00061140       _alloca_probe              0000000180062140     MSVCRT:chkstk.obj
 0001:00061140       __chkstk                   0000000180062140 f   MSVCRT:chkstk.obj
 0001:0006118e       strcmp                     000000018006218e f   MSVCRT:MSVCR100.dll
 0001:00061194       sprintf                    0000000180062194 f   MSVCRT:MSVCR100.dll
 0001:0006119a       strcat                     000000018006219a f   MSVCRT:MSVCR100.dll
 0001:000611a0       memcpy                     00000001800621a0 f   MSVCRT:MSVCR100.dll
 0001:000611a8       NtCurrentTeb               00000001800621a8 f i MSVCRT:crtdll.obj
 0001:00061214       _CRT_INIT                  0000000180062214 f   MSVCRT:crtdll.obj
 0001:000615ac       _DllMainCRTStartup         00000001800625ac f   MSVCRT:crtdll.obj
 0001:000615ea       strncpy                    00000001800625ea f   MSVCRT:MSVCR100.dll
 0001:000615f0       longjmp                    00000001800625f0 f   MSVCRT:MSVCR100.dll
 0001:000615f6       strncmp                    00000001800625f6 f   MSVCRT:MSVCR100.dll
 0001:000615fc       ceil                       00000001800625fc f   MSVCRT:MSVCR100.dll
 0001:00061602       strrchr                    0000000180062602 f   MSVCRT:MSVCR100.dll
 0001:00061608       _setjmp                    0000000180062608 f   MSVCRT:MSVCR100.dll
 0001:0006160e       calloc                     000000018006260e f   MSVCRT:MSVCR100.dll
 0001:00061614       realloc                    0000000180062614 f   MSVCRT:MSVCR100.dll
 0001:0006161a       ldexp                      000000018006261a f   MSVCRT:MSVCR100.dll
 0001:00061620       __report_gsfailure         0000000180062620 f   MSVCRT:gs_report.obj
 0001:0006176c       __clean_type_info_names    000000018006276c f   MSVCRT:tncleanup.obj
 0001:00061778       _onexit                    0000000180062778 f   MSVCRT:atonexit.obj
 0001:00061828       atexit                     0000000180062828 f   MSVCRT:atonexit.obj
 0001:00061840       _RTC_Initialize            0000000180062840 f   MSVCRT:_initsect_.obj
 0001:00061878       _RTC_Terminate             0000000180062878 f   MSVCRT:_initsect_.obj
 0001:000618b0       _malloc_crt                00000001800628b0 f   MSVCRT:MSVCR100.dll
 0001:000618c0       _ValidateImageBase         00000001800628c0 f   MSVCRT:pesect.obj
 0001:000618f0       _FindPESection             00000001800628f0 f   MSVCRT:pesect.obj
 0001:00061940       _IsNonwritableInCurrentImage 0000000180062940 f   MSVCRT:pesect.obj
 0001:00061982       _initterm                  0000000180062982 f   MSVCRT:MSVCR100.dll
 0001:00061988       _initterm_e                0000000180062988 f   MSVCRT:MSVCR100.dll
 0001:0006198e       _encoded_null              000000018006298e f   MSVCRT:MSVCR100.dll
 0001:00061994       _amsg_exit                 0000000180062994 f   MSVCRT:MSVCR100.dll
 0001:0006199a       __C_specific_handler       000000018006299a f   MSVCRT:MSVCR100.dll
 0001:000619a0       __CppXcptFilter            00000001800629a0 f   MSVCRT:MSVCR100.dll
 0001:000619a8       DllMain                    00000001800629a8 f   MSVCRT:dllmain.obj
 0001:000619cc       __security_init_cookie     00000001800629cc f   MSVCRT:gs_support.obj
 0001:00061a80       __crt_debugger_hook        0000000180062a80 f   MSVCRT:MSVCR100.dll
 0001:00061a86       __clean_type_info_names_internal 0000000180062a86 f   MSVCRT:MSVCR100.dll
 0001:00061a8c       _unlock                    0000000180062a8c f   MSVCRT:MSVCR100.dll
 0001:00061a92       __dllonexit                0000000180062a92 f   MSVCRT:MSVCR100.dll
 0001:00061a98       _lock                      0000000180062a98 f   MSVCRT:MSVCR100.dll
 0001:00061a9e       EncodePointer              0000000180062a9e f   kernel32:KERNEL32.dll
 0001:00061aa4       DecodePointer              0000000180062aa4 f   kernel32:KERNEL32.dll
 0001:00061aaa       Sleep                      0000000180062aaa f   kernel32:KERNEL32.dll
 0001:00061ab0       TerminateProcess           0000000180062ab0 f   kernel32:KERNEL32.dll
 0001:00061ab6       GetCurrentProcess          0000000180062ab6 f   kernel32:KERNEL32.dll
 0001:00061abc       UnhandledExceptionFilter   0000000180062abc f   kernel32:KERNEL32.dll
 0001:00061ac2       SetUnhandledExceptionFilter 0000000180062ac2 f   kernel32:KERNEL32.dll
 0001:00061ac8       IsDebuggerPresent          0000000180062ac8 f   kernel32:KERNEL32.dll
 0001:00061ace       RtlVirtualUnwind           0000000180062ace f   kernel32:KERNEL32.dll
 0001:00061ad4       RtlLookupFunctionEntry     0000000180062ad4 f   kernel32:KERNEL32.dll
 0001:00061ada       RtlCaptureContext          0000000180062ada f   kernel32:KERNEL32.dll
 0001:00061ae0       DisableThreadLibraryCalls  0000000180062ae0 f   kernel32:KERNEL32.dll
 0001:00061ae6       QueryPerformanceCounter    0000000180062ae6 f   kernel32:KERNEL32.dll
 0001:00061aec       GetTickCount               0000000180062aec f   kernel32:KERNEL32.dll
 0001:00061af2       GetCurrentThreadId         0000000180062af2 f   kernel32:KERNEL32.dll
 0001:00061af8       GetCurrentProcessId        0000000180062af8 f   kernel32:KERNEL32.dll
 0001:00061afe       GetSystemTimeAsFileTime    0000000180062afe f   kernel32:KERNEL32.dll
 0002:00000000       __imp_DisableThreadLibraryCalls 0000000180063000     kernel32:KERNEL32.dll
 0002:00000008       __imp_RtlCaptureContext    0000000180063008     kernel32:KERNEL32.dll
 0002:00000010       __imp_RtlLookupFunctionEntry 0000000180063010     kernel32:KERNEL32.dll
 0002:00000018       __imp_RtlVirtualUnwind     0000000180063018     kernel32:KERNEL32.dll
 0002:00000020       __imp_IsDebuggerPresent    0000000180063020     kernel32:KERNEL32.dll
 0002:00000028       __imp_SetUnhandledExceptionFilter 0000000180063028     kernel32:KERNEL32.dll
 0002:00000030       __imp_UnhandledExceptionFilter 0000000180063030     kernel32:KERNEL32.dll
 0002:00000038       __imp_GetCurrentProcess    0000000180063038     kernel32:KERNEL32.dll
 0002:00000040       __imp_TerminateProcess     0000000180063040     kernel32:KERNEL32.dll
 0002:00000048       __imp_Sleep                0000000180063048     kernel32:KERNEL32.dll
 0002:00000050       __imp_DecodePointer        0000000180063050     kernel32:KERNEL32.dll
 0002:00000058       __imp_EncodePointer        0000000180063058     kernel32:KERNEL32.dll
 0002:00000060       __imp_GetTickCount         0000000180063060     kernel32:KERNEL32.dll
 0002:00000068       __imp_GetCurrentThreadId   0000000180063068     kernel32:KERNEL32.dll
 0002:00000070       __imp_GetCurrentProcessId  0000000180063070     kernel32:KERNEL32.dll
 0002:00000078       __imp_GetSystemTimeAsFileTime 0000000180063078     kernel32:KERNEL32.dll
 0002:00000080       __imp_QueryPerformanceCounter 0000000180063080     kernel32:KERNEL32.dll
 0002:00000088       \177KERNEL32_NULL_THUNK_DATA 0000000180063088     kernel32:KERNEL32.dll
 0002:00000090       __imp_realloc              0000000180063090     MSVCRT:MSVCR100.dll
 0002:00000098       __imp__onexit              0000000180063098     MSVCRT:MSVCR100.dll
 0002:000000a0       __imp__lock                00000001800630a0     MSVCRT:MSVCR100.dll
 0002:000000a8       __imp___dllonexit          00000001800630a8     MSVCRT:MSVCR100.dll
 0002:000000b0       __imp__unlock              00000001800630b0     MSVCRT:MSVCR100.dll
 0002:000000b8       __imp___clean_type_info_names_internal 00000001800630b8     MSVCRT:MSVCR100.dll
 0002:000000c0       __imp___crt_debugger_hook  00000001800630c0     MSVCRT:MSVCR100.dll
 0002:000000c8       __imp___CppXcptFilter      00000001800630c8     MSVCRT:MSVCR100.dll
 0002:000000d0       __imp___C_specific_handler 00000001800630d0     MSVCRT:MSVCR100.dll
 0002:000000d8       __imp__amsg_exit           00000001800630d8     MSVCRT:MSVCR100.dll
 0002:000000e0       __imp__encoded_null        00000001800630e0     MSVCRT:MSVCR100.dll
 0002:000000e8       __imp__initterm_e          00000001800630e8     MSVCRT:MSVCR100.dll
 0002:000000f0       __imp__initterm            00000001800630f0     MSVCRT:MSVCR100.dll
 0002:000000f8       __imp__malloc_crt          00000001800630f8     MSVCRT:MSVCR100.dll
 0002:00000100       __imp_ldexp                0000000180063100     MSVCRT:MSVCR100.dll
 0002:00000108       __imp_strlen               0000000180063108     MSVCRT:MSVCR100.dll
 0002:00000110       __imp_calloc               0000000180063110     MSVCRT:MSVCR100.dll
 0002:00000118       __imp__setjmp              0000000180063118     MSVCRT:MSVCR100.dll
 0002:00000120       __imp_strrchr              0000000180063120     MSVCRT:MSVCR100.dll
 0002:00000128       __imp_ceil                 0000000180063128     MSVCRT:MSVCR100.dll
 0002:00000130       __imp_strncmp              0000000180063130     MSVCRT:MSVCR100.dll
 0002:00000138       __imp_longjmp              0000000180063138     MSVCRT:MSVCR100.dll
 0002:00000140       __imp_strncpy              0000000180063140     MSVCRT:MSVCR100.dll
 0002:00000148       __imp_memcpy               0000000180063148     MSVCRT:MSVCR100.dll
 0002:00000150       __imp_strcat               0000000180063150     MSVCRT:MSVCR100.dll
 0002:00000158       __imp_sprintf              0000000180063158     MSVCRT:MSVCR100.dll
 0002:00000160       __imp_strcmp               0000000180063160     MSVCRT:MSVCR100.dll
 0002:00000168       __imp_free                 0000000180063168     MSVCRT:MSVCR100.dll
 0002:00000170       __imp_malloc               0000000180063170     MSVCRT:MSVCR100.dll
 0002:00000178       __imp_memset               0000000180063178     MSVCRT:MSVCR100.dll
 0002:00000180       \177MSVCR100_NULL_THUNK_DATA 0000000180063180     MSVCRT:MSVCR100.dll
 0002:00000188       __imp_emlrtIsEnumR2009a    0000000180063188     libemlrt:libemlrt.dll
 0002:00000190       __imp_emlrtCheckBuiltInCtxR2011a 0000000180063190     libemlrt:libemlrt.dll
 0002:00000198       __imp_emlrtGetEnumUnderlyingArrayR2009a 0000000180063198     libemlrt:libemlrt.dll
 0002:000001a0       __imp_emlrtTranslateUTF16MessagetoLCPstring 00000001800631a0     libemlrt:libemlrt.dll
 0002:000001a8       __imp_emlrtForLoopVectorIsValidR2011b 00000001800631a8     libemlrt:libemlrt.dll
 0002:000001b0       __imp_emlrtTranslateMessageIDtoLCPstring 00000001800631b0     libemlrt:libemlrt.dll
 0002:000001b8       __imp_emlrtExtractMessageId 00000001800631b8     libemlrt:libemlrt.dll
 0002:000001c0       __imp_emlrtNameCapturePostProcessR2012a 00000001800631c0     libemlrt:libemlrt.dll
 0002:000001c8       __imp_emlrtCheckVsBuiltInCtxR2011a 00000001800631c8     libemlrt:libemlrt.dll
 0002:000001d0       __imp_emlrtCheckEnumR2009a 00000001800631d0     libemlrt:libemlrt.dll
 0002:000001d8       __imp_emlrtCreateEnumR2010a 00000001800631d8     libemlrt:libemlrt.dll
 0002:000001e0       __imp_emlrtGetEnumElementR2009a 00000001800631e0     libemlrt:libemlrt.dll
 0002:000001e8       __imp_emlrtCreateReference 00000001800631e8     libemlrt:libemlrt.dll
 0002:000001f0       __imp_emlrtImportVsFiArrayR2009b 00000001800631f0     libemlrt:libemlrt.dll
 0002:000001f8       \177libemlrt_NULL_THUNK_DATA 00000001800631f8     libemlrt:libemlrt.dll
 0002:00000200       __imp_ssRegisterDataTypeFxpFSlopeFixExpBias 0000000180063200     libfixedpoint:libfixedpoint.dll
 0002:00000208       \177libfixedpoint_NULL_THUNK_DATA 0000000180063208     libfixedpoint:libfixedpoint.dll
 0002:00000210       __imp_mexLock              0000000180063210     libmex:libmex.dll
 0002:00000218       __imp_mexPutVariable       0000000180063218     libmex:libmex.dll
 0002:00000220       __imp_mexFunctionName      0000000180063220     libmex:libmex.dll
 0002:00000228       __imp_mexMakeArrayPersistent 0000000180063228     libmex:libmex.dll
 0002:00000230       __imp_mexMakeMemoryPersistent 0000000180063230     libmex:libmex.dll
[...]
 0001:000391a0       sf_numeric_value_to_double 000000018003a1a0 f   sfc_mex:sfc_mex.obj
 0001:000391f0       ml_generic_out_of_bounds_check 000000018003a1f0 f   sfc_mex:sfc_mex.obj
 0001:000393c0       ml_get_element_value_from_array 000000018003a3c0 f   sfc_mex:sfc_mex.obj
 0001:00039760       _ml_generic_castability_check 000000018003a760 f   sfc_mex:sfc_mex.obj
 0001:0003a4c0       ml_generic_castability_check 000000018003b4c0 f   sfc_mex:sfc_mex.obj
 0001:0003a560       ml_check_mx_array_for_single_castability 000000018003b560 f   sfc_mex:sfc_mex.obj
 0001:0003a600       ml_check_mx_array_for_logical_castability 000000018003b600 f   sfc_mex:sfc_mex.obj
 0001:0003a6a0       ml_check_mx_array_for_int8_castability 000000018003b6a0 f   sfc_mex:sfc_mex.obj
 0001:0003a750       ml_check_mx_array_for_uint8_castability 000000018003b750 f   sfc_mex:sfc_mex.obj
 0001:0003a7b0       ml_check_mx_array_for_int16_castability 000000018003b7b0 f   sfc_mex:sfc_mex.obj
 0001:0003a810       ml_check_mx_array_for_uint16_castability 000000018003b810 f   sfc_mex:sfc_mex.obj
 0001:0003a870       ml_check_mx_array_for_int32_castability 000000018003b870 f   sfc_mex:sfc_mex.obj
 0001:0003a8d0       ml_check_mx_array_for_uint32_castability 000000018003b8d0 f   sfc_mex:sfc_mex.obj
 0001:0003a930       ml_check_mx_array_for_castability 000000018003b930 f   sfc_mex:sfc_mex.obj
 0001:0003b260       set_data_value             000000018003c260 f   sfc_mex:sfc_mex.obj
 0001:0003b5d0       get_data_value             000000018003c5d0 f   sfc_mex:sfc_mex.obj
 0001:0003b6e0       get_next_element_address   000000018003c6e0 f   sfc_mex:sfc_mex.obj
 0001:0003b7b0       sf_normalize_index         000000018003c7b0 f   sfc_mex:sfc_mex.obj
 0001:0003bb40       ml_array_index_bound_check 000000018003cb40 f   sfc_mex:sfc_mex.obj
 0001:0003c660       mx_value                   000000018003d660 f   sfc_mex:sfc_mex.obj
 0001:0003c6b0       sf_create_numeric_array    000000018003d6b0 f   sfc_mex:sfc_mex.obj
 0001:0003c750       sf_mex_assign_to_mx_array  000000018003d750 f   sfc_mex:sfc_mex.obj
 0001:0003caa0       assign_from_mx_array       000000018003daa0 f   sfc_mex:sfc_mex.obj
 0001:0003d2d0       sf_mex_import_v            000000018003e2d0 f   sfc_mex:sfc_mex.obj
 0001:0003d9d0       get_machine_and_chart_file_number 000000018003e9d0 f   sfc_mex:sfc_sf.obj
 0001:0003dac0       get_sfun_block_specialization 000000018003eac0 f   sfc_mex:sfc_sf.obj
 0001:0003db70       call_sf_machine_global_method_dispatcher 000000018003eb70 f   sfc_mex:sfc_sf.obj
 0001:0003ddc0       mdl_zeroCrossings_processing 000000018003edc0 f   sfc_mex:sfc_sf.obj
 0001:0003de90       mdl_derivatives_processing 000000018003ee90 f   sfc_mex:sfc_sf.obj
 0001:0003e150       mdl_outputs_continuous_legacy 000000018003f150 f   sfc_mex:sfc_sf.obj
 0001:0003e1d0       mdl_outputs_processing     000000018003f1d0 f   sfc_mex:sfc_sf.obj
 0001:0003e400       mdl_enable_processing      000000018003f400 f   sfc_mex:sfc_sf.obj
 0001:0003e4d0       mdl_disable_processing     000000018003f4d0 f   sfc_mex:sfc_sf.obj
 0001:0003f240       sf_call_output_fcn_enable_disable 0000000180040240 f   sfc_mex:sfc_sf.obj
 0001:0003f4c0       set_dwork_information_from_mx_array 00000001800404c0 f   sfc_mex:sfc_sf.obj
 0001:0003fd80       ptr2mxStruct               0000000180040d80 f   sfc_mex:sfc_sf.obj
 0001:00040090       SNPRINTF_WRAPPER           0000000180041090 f   sfc_debug:sfcdebug.obj
 0001:000400b0       sf_debug_chart_instance_initialized_quick 00000001800410b0 f   sfc_debug:sfcdebug.obj
 0001:000400c0       sf_debug_chart_instance_initialized 00000001800410c0 f   sfc_debug:sfcdebug.obj
 0001:00040260       sfrtAddSize                0000000180041260 f   sfc_debug:sfcdebug.obj
 0001:00040320       sfrtGenSizeString          0000000180041320 f   sfc_debug:sfcdebug.obj
 0001:00040a30       fill_single_message_info   0000000180041a30 f   sfc_debug:sfcdebug.obj
 0001:00040bf0       sf_debug_sim_status_listener 0000000180041bf0 f   sfc_debug:sfcdebug.obj
 0001:00041160       sf_debug_form_mask_bits    0000000180042160 f   sfc_debug:sfcdebug.obj
 0001:000411a0       sf_debug_form_sf_data_type_offsets 00000001800421a0 f   sfc_debug:sfcdebug.obj
 0001:00041260       sf_debug_free_all          0000000180042260 f   sfc_debug:sfcdebug.obj
 0001:00041410       sf_debug_append_debugger_context 0000000180042410 f   sfc_debug:sfcdebug.obj
 0001:000416d0       local_strdup               00000001800426d0 f   sfc_debug:sfcdebug.obj
 0001:000425b0       sf_debug_em_terminate      00000001800435b0 f   sfc_debug:sfcdebug.obj
 0001:000425f0       sf_debug_push_eml_function 00000001800435f0 f   sfc_debug:sfcdebug.obj
 0001:00042690       sf_debug_pop_eml_function  0000000180043690 f   sfc_debug:sfcdebug.obj
 0001:00043390       sf_debug_get_machine_number_from_id_or_name 0000000180044390 f   sfc_debug:sfcdebug.obj
 0001:000434e0       sf_debug_get_chart_number_from_id 00000001800444e0 f   sfc_debug:sfcdebug.obj
 0001:00044150       sf_debug_transfer_control_to_debugger_GUI 0000000180045150 f   sfc_debug:sfcdebug.obj
 0001:000450e0       sf_debug_scripts_rehash    00000001800460e0 f   sfc_debug:sfcdebug.obj
 0001:00045320       sf_debug_get_script_line_count 0000000180046320 f   sfc_debug:sfcdebug.obj
 0001:00045c50       cv_eml_state_cvId          0000000180046c50 f   sfc_debug:sfcdebug.obj
 0001:00045cc0       cv_eml_trans_cvId          0000000180046cc0 f   sfc_debug:sfcdebug.obj
 0001:00046f80       sf_debug_data_array_bounds_error 0000000180047f80 f   sfc_debug:sfcdebug.obj
 0001:000473b0       eml_debug_runtime_error_doclink 00000001800483b0 f   sfc_debug:sfcdebug.obj
 0001:00047530       sf_debug_runtime_error     0000000180048530 f   sfc_debug:sfcdebug.obj
 0001:000475a0       sf_debug_matlab_error      00000001800485a0 f   sfc_debug:sfcdebug.obj
 0001:00047ed0       sf_debug_data_value_error  0000000180048ed0 f   sfc_debug:sfcdebug.obj
 0001:000487d0       sf_debug_data_loss_error   00000001800497d0 f   sfc_debug:sfcdebug.obj
 0001:000496f0       call_cv_range_check        000000018004a6f0 f   sfc_debug:sfcdebug.obj
 0001:00049ec0       sf_debug_invoke_cycle_detection_code 000000018004aec0 f   sfc_debug:sfcdebug.obj
 0001:0004afa0       sf_reset_debug_info_struct 000000018004bfa0 f   sfc_debug:sfcdebug.obj
 0001:0004b890       cv_script_cvId             000000018004c890 f   sfc_debug:sfcdebug.obj
 0001:0004c5e0       sfc_api_chart_visible      000000018004d5e0 f   sfc_debug:sfc_api.obj
 0001:0004c660       sfc_api_active_instance    000000018004d660 f   sfc_debug:sfc_api.obj
 0001:0004c6e0       sfc_api_machine_load       000000018004d6e0 f   sfc_debug:sfc_api.obj
 0001:0004c7b0       sfc_api_debugger_alive     000000018004d7b0 f   sfc_debug:sfc_api.obj
 0001:0004c7c0       sfc_api_go                 000000018004d7c0 f   sfc_debug:sfc_api.obj
 0001:0004c7d0       sfc_api_step_over          000000018004d7d0 f   sfc_debug:sfc_api.obj
 0001:0004c7e0       sfc_api_step_out           000000018004d7e0 f   sfc_debug:sfc_api.obj
 0001:0004c7f0       sfc_api_resume             000000018004d7f0 f   sfc_debug:sfc_api.obj
 0001:0004c800       sfc_api_break              000000018004d800 f   sfc_debug:sfc_api.obj
 0001:0004c810       sfc_api_stop_debugging     000000018004d810 f   sfc_debug:sfc_api.obj
 0001:0004c860       sfc_api_is_cycle_detected  000000018004d860 f   sfc_debug:sfc_api.obj
 0001:0004c8b0       sfc_api_is_array_bounds_detected 000000018004d8b0 f   sfc_debug:sfc_api.obj
 0001:0004c900       sfc_api_set_disable_all_breakpoints 000000018004d900 f   sfc_debug:sfc_api.obj
 0001:0004c970       sfc_api_disable_all_breakpoints_and_go 000000018004d970 f   sfc_debug:sfc_api.obj
 0001:0004c980       sfc_api_close              000000018004d980 f   sfc_debug:sfc_api.obj
 0001:0004c990       sfc_api_browse_data        000000018004d990 f   sfc_debug:sfc_api.obj
 0001:0004ca00       sfc_api_watch_data         000000018004da00 f   sfc_debug:sfc_api.obj
 0001:0004caa0       sfc_api_extract_message_post_receive_info 000000018004daa0 f   sfc_debug:sfc_api.obj
 0001:0004cac0       sfc_api_assign_data        000000018004dac0 f   sfc_debug:sfc_api.obj
 0001:0004cb60       sfc_api_whos               000000018004db60 f   sfc_debug:sfc_api.obj
 0001:0004cbf0       sfc_api_get_consistency_info 000000018004dbf0 f   sfc_debug:sfc_api.obj
 0001:0004cc00       sfc_api_browse_trace       000000018004dc00 f   sfc_debug:sfc_api.obj
 0001:0004cc10       sfc_api_break_on_chart_entry 000000018004dc10 f   sfc_debug:sfc_api.obj
 0001:0004cc30       sfc_api_break_on_event_broadcast 000000018004dc30 f   sfc_debug:sfc_api.obj
 0001:0004cc50       sfc_api_break_on_state_entry 000000018004dc50 f   sfc_debug:sfc_api.obj
 0001:0004cc70       sfc_api_set_watch          000000018004dc70 f   sfc_debug:sfc_api.obj
 0001:0004cd10       sfc_api_set_breakpoints    000000018004dd10 f   sfc_debug:sfc_api.obj
 0001:0004cdb0       sfc_api_set_eml_breakpoints 000000018004ddb0 f   sfc_debug:sfc_api.obj
 0001:0004ce30       sfc_api_set_script_breakpoints 000000018004de30 f   sfc_debug:sfc_api.obj
 0001:0004ce80       sfc_api_add_script_breakpoints 000000018004de80 f   sfc_debug:sfc_api.obj
 0001:0004ced0       sfc_api_clear_script_breakpoints 000000018004ded0 f   sfc_debug:sfc_api.obj
 0001:0004cf20       sfc_api_query_script_breakpoints 000000018004df20 f   sfc_debug:sfc_api.obj
 0001:0004cf80       sfc_api_get_script_id      000000018004df80 f   sfc_debug:sfc_api.obj
 0001:0004d040       sfc_api_get_active_states  000000018004e040 f   sfc_debug:sfc_api.obj
 0001:0004d0c0       sfc_api_break_between_times 000000018004e0c0 f   sfc_debug:sfc_api.obj
 0001:0004d120       sfc_api_get_instance_handle 000000018004e120 f   sfc_debug:sfc_api.obj
 0001:0004d1d0       sfc_api_set_animation      000000018004e1d0 f   sfc_debug:sfc_api.obj
 0001:0004d220       sfc_api_select_chart       000000018004e220 f   sfc_debug:sfc_api.obj
 0001:0004d280       sfc_api_select_charts      000000018004e280 f   sfc_debug:sfc_api.obj
 0001:0004d2b0       sfc_api_cycle_detection_check 000000018004e2b0 f   sfc_debug:sfc_api.obj
 0001:0004d300       sfc_api_data_range_check   000000018004e300 f   sfc_debug:sfc_api.obj
 0001:0004d350       sfc_api_transition_conflict_check 000000018004e350 f   sfc_debug:sfc_api.obj
 0001:0004d3a0       sfc_api_state_consistency_check 000000018004e3a0 f   sfc_debug:sfc_api.obj
 0001:0004d3f0       sfc_api_set_instance_cv_ids 000000018004e3f0 f   sfc_debug:sfc_api.obj
 0001:0004d500       sfc_api_set_script_cv_ids  000000018004e500 f   sfc_debug:sfc_api.obj
 0001:0004d5b0       sfc_api_get_current_machine_id 000000018004e5b0 f   sfc_debug:sfc_api.obj
 0001:0004d5e0       sfc_api_get_current_machine_number 000000018004e5e0 f   sfc_debug:sfc_api.obj
 0001:0004d610       sfc_api_get_current_chart_number 000000018004e610 f   sfc_debug:sfc_api.obj
 0001:0004d640       sfc_api_get_current_instance_number 000000018004e640 f   sfc_debug:sfc_api.obj
 0001:0004d670       sfc_api_get_current_instance_handle 000000018004e670 f   sfc_debug:sfc_api.obj
 0001:0004d690       sfc_api_get_current_is_minor_time_step 000000018004e690 f   sfc_debug:sfc_api.obj
 0001:0004d6c0       sfc_api_get_current_machine_name 000000018004e6c0 f   sfc_debug:sfc_api.obj
 0001:0004d6e0       sfc_api_get_current_chart_id 000000018004e6e0 f   sfc_debug:sfc_api.obj
 0001:0004d710       sfc_api_get_current_object_type 000000018004e710 f   sfc_debug:sfc_api.obj
 0001:0004d740       sfc_api_get_current_event_type 000000018004e740 f   sfc_debug:sfc_api.obj
 0001:0004d770       sfc_api_get_current_object_id 000000018004e770 f   sfc_debug:sfc_api.obj
 0001:0004d7a0       sfc_get_current_active_event_type 000000018004e7a0 f   sfc_debug:sfc_api.obj
 0001:0004d7d0       sfc_api_get_current_active_event_id 000000018004e7d0 f   sfc_debug:sfc_api.obj
 0001:0004d800       sfc_api_get_current_simulation_time 000000018004e800 f   sfc_debug:sfc_api.obj
 0001:0004d820       sfc_get_current_tag_type   000000018004e820 f   sfc_debug:sfc_api.obj
 0001:0004d850       sfc_get_current_coverage_percentage 000000018004e850 f   sfc_debug:sfc_api.obj
 0001:0004d870       sfc_get_current_statement_context 000000018004e870 f   sfc_debug:sfc_api.obj
 0001:0004d890       sfc_get_current_optional_integer 000000018004e890 f   sfc_debug:sfc_api.obj
 0001:0004d8c0       sfc_get_current_statement_info 000000018004e8c0 f   sfc_debug:sfc_api.obj
 0001:0004d960       sfc_api_get                000000018004e960 f   sfc_debug:sfc_api.obj
 0001:0004dac0       sf_debug_sm_is_using_unified_editors 000000018004eac0 f   sfc_debug:sfdb_animation.obj
 0001:0004db60       sf_debug_sm_is_chart_visible_in_unified_editors 000000018004eb60 f   sfc_debug:sfdb_animation.obj
 0001:0004dc20       sf_debug_sm_check_if_chart_is_visible 000000018004ec20 f   sfc_debug:sfdb_animation.obj
 0001:0004e720       sf_debug_sm_fill_state_activity_data 000000018004f720 f   sfc_debug:sfdb_animation.obj
 0001:00050f50       void_ptr_stack_vector_free_total 0000000180051f50 f   sfc_debug:sfdb_data_browse.obj
 0001:00050fe0       sf_debug_st_terminate_machine 0000000180051fe0 f   sfc_debug:sfdb_data_browse.obj
 0001:00051020       sf_debug_st_terminate_instance 0000000180052020 f   sfc_debug:sfdb_data_browse.obj
 0001:000513d0       push_on_to_void_ptr_stack  00000001800523d0 f   sfc_debug:sfdb_data_browse.obj
 0001:00051560       pop_from_void_ptr_stack    0000000180052560 f   sfc_debug:sfdb_data_browse.obj
 0001:00051690       sf_debug_st_get_data_value 0000000180052690 f   sfc_debug:sfdb_data_browse.obj
 0001:00051c20       mx_value                   0000000180052c20 f   sfc_debug:sfdb_data_browse.obj
 0001:00051c60       sf_debug_st_fill_data_struct 0000000180052c60 f   sfc_debug:sfdb_data_browse.obj
 0001:00051fa0       data_type_format_strings   0000000180052fa0 f   sfc_debug:sfdb_data_browse.obj
 0001:00052050       sf_debug_st_fill_data      0000000180053050 f   sfc_debug:sfdb_data_browse.obj
 0001:00052da0       sf_debug_hm_get_simulink_handle 0000000180053da0 f   sfc_debug:sfdb_handle_management.obj
 0001:000538f0       sf_debug_hm_initialize_globals 00000001800548f0 f   sfc_debug:sfdb_handle_management.obj
 0001:000539f0       sf_debug_hm_get_machine_debug_flag 00000001800549f0 f   sfc_debug:sfdb_handle_management.obj
 0001:00053b60       sf_debug_hm_get_machine_id 0000000180054b60 f   sfc_debug:sfdb_handle_management.obj
 0001:00053c80       sf_debug_hm_get_chart_id   0000000180054c80 f   sfc_debug:sfdb_handle_management.obj
 0001:00053e20       sf_debug_hm_register_executing_SFunction 0000000180054e20 f   sfc_debug:sfdb_handle_management.obj
 0001:00053fc0       sf_debug_hm_get_chart_active_instance 0000000180054fc0 f   sfc_debug:sfdb_handle_management.obj
 0001:00054130       sf_debug_hm_get_chart_visibility 0000000180055130 f   sfc_debug:sfdb_handle_management.obj
 0001:00054280       sf_debug_hm_form_object_boolean_properties 0000000180055280 f   sfc_debug:sfdb_handle_management.obj
 0001:00054550       sf_debug_hm_form_object_properties 0000000180055550 f   sfc_debug:sfdb_handle_management.obj
 0001:00054790       sf_debug_hm_terminate_charts 0000000180055790 f   sfc_debug:sfdb_handle_management.obj
 0001:00054f00       sf_debug_hm_terminate_machines 0000000180055f00 f   sfc_debug:sfdb_handle_management.obj
 0001:00056b50       sf_debug_ss_copy_dimension 0000000180057b50 f   sfc_debug:sfdb_symbol_scope.obj
 0001:00056c10       sf_debug_ss_get_number_elements 0000000180057c10 f   sfc_debug:sfdb_symbol_scope.obj
 0001:00056c30       sf_debug_ss_fill_data_struct 0000000180057c30 f   sfc_debug:sfdb_symbol_scope.obj
 0001:00056f80       sf_debug_ss_reset_data_info 0000000180057f80 f   sfc_debug:sfdb_symbol_scope.obj
 0001:00056fe0       sf_debug_fill_data_info_by_symbol_scope_entry 0000000180057fe0 f   sfc_debug:sfdb_symbol_scope.obj
 0001:000570a0       sf_debug_fill_data_info_by_data_vector 00000001800580a0 f   sfc_debug:sfdb_symbol_scope.obj
 0001:000572f0       sf_debug_ss_get_data_info  00000001800582f0 f   sfc_debug:sfdb_symbol_scope.obj
 0001:000575e0       sf_debug_select_mex_function 00000001800585e0 f   sfc_debug:sfdb_symbol_scope.obj
 0001:00057610       sf_debug_is_dyn_matrix_initialized 0000000180058610 f   sfc_debug:sfdb_symbol_scope.obj
 0001:00057630       sf_debug_ss_set_data_value_try 0000000180058630 f   sfc_debug:sfdb_symbol_scope.obj
 0001:00057800       sf_debug_ss_get_data_value 0000000180058800 f   sfc_debug:sfdb_symbol_scope.obj
 0001:00057d50       sf_debug_ss_data_bytes_string 0000000180058d50 f   sfc_debug:sfdb_symbol_scope.obj
 0001:00057e00       sf_debug_ss_data_class_string 0000000180058e00 f   sfc_debug:sfdb_symbol_scope.obj
 0001:00058190       sf_debug_ss_data_size_string 0000000180059190 f   sfc_debug:sfdb_symbol_scope.obj
 0001:00058270       sf_debug_ss_data_create_data_info_struct 0000000180059270 f   sfc_debug:sfdb_symbol_scope.obj
 0001:00058540       sf_debug_ss_data_create_name_value_pair 0000000180059540 f   sfc_debug:sfdb_symbol_scope.obj
 0001:000585e0       sf_debug_ss_data_get_whos_info 00000001800595e0 f   sfc_debug:sfdb_symbol_scope.obj
 0001:000585f0       same_named_data_in_data_array 00000001800595f0 f   sfc_debug:sfdb_symbol_scope.obj
 0001:00059e60       sf_debug_cc_terminate_chart 000000018005ae60 f   sfc_debug:sfdb_coverage.obj
 0001:0005a200       sf_debug_cc_terminate_instance 000000018005b200 f   sfc_debug:sfdb_coverage.obj
 0001:0005adf0       sf_debug_cc_mark_object_if_needed 000000018005bdf0 f   sfc_debug:sfdb_coverage.obj
 0001:0005b6f0       sf_debug_bm_initialize_eml 000000018005c6f0 f   sfc_debug:sfdb_breakpoints.obj
 0001:0005c860       sf_debug_bm_map_debug_tag_to_breakpoint_tag 000000018005d860 f   sfc_debug:sfdb_breakpoints.obj
 0001:0005c940       sf_debug_bm_is_a_eml_breakpoint_impl 000000018005d940 f   sfc_debug:sfdb_breakpoints.obj
 0001:0005e3c0       sf_debug_sc_push_on_error_stack 000000018005f3c0 f   sfc_debug:sfdb_state_consistency.obj
 0001:0005e4f0       sf_debug_sc_reset_error_stack 000000018005f4f0 f   sfc_debug:sfdb_state_consistency.obj
 0001:0005e680       sf_debug_sc_is_state_inconsistent 000000018005f680 f   sfc_debug:sfdb_state_consistency.obj
 0001:0005e980       sf_debug_sc_fill_consistency_info 000000018005f980 f   sfc_debug:sfdb_state_consistency.obj
 0001:0005ef60       void_assertion_fcn         000000018005ff60 f   sfc_debug:sfdb_call_stack.obj
 0001:0005f4e0       sf_debug_tm_fill_local_trace 00000001800604e0 f   sfc_debug:sfdb_call_stack.obj
 0001:0005fab0       sf_debug_cd_terminate_instance 0000000180060ab0 f   sfc_debug:sfdb_cycle_detection.obj
 0001:0005fb10       sf_debug_cd_free_checksum_stack 0000000180060b10 f   sfc_debug:sfdb_cycle_detection.obj
 0001:0005fb60       sf_debug_cd_reset_pack_strings 0000000180060b60 f   sfc_debug:sfdb_cycle_detection.obj
 0001:00060220       md5file_clear              0000000180061220 f   sfc_debug:ckmd5.obj
 0001:00060250       Encode                     0000000180061250 f   sfc_debug:ckmd5.obj
 0001:000602a0       Decode                     00000001800612a0 f   sfc_debug:ckmd5.obj
 0001:00060340       MD5Transform               0000000180061340 f   sfc_debug:ckmd5.obj
 0001:00060b90       md5file_addn               0000000180061b90 f   sfc_debug:ckmd5.obj
 0001:00060c60       md5file_hash               0000000180061c60 f   sfc_debug:ckmd5.obj
 0001:000611b4       pre_c_init                 00000001800621b4 f   MSVCRT:crtdll.obj
 0001:00061470       __DllMainCRTStartup        0000000180062470 f   MSVCRT:crtdll.obj
 0001:00061b10       __DllMainCRTStartup$filt$0 0000000180062b10 f   MSVCRT:crtdll.obj
 0001:00061b40       __DllMainCRTStartup$fin$1  0000000180062b40 f   MSVCRT:crtdll.obj
 0001:00061b5a       _onexit$fin$0              0000000180062b5a f   MSVCRT:atonexit.obj
 0001:00061b80       _IsNonwritableInCurrentImage$filt$0 0000000180062b80 f   MSVCRT:pesect.obj
