 MPC_framework_sfun

 Timestamp is 536a5a5c (Wed May 07 18:07:56 2014)

 Preferred load address is 10000000

 Start         Length     Name                   Class
 0001:00000000 000430c2H .text                   CODE
 0002:00000000 0000017cH .idata$5                DATA
 0002:00000180 00003684H .rdata                  DATA
 0002:00003804 00000004H .rtc$IAA                DATA
 0002:00003808 00000004H .rtc$IZZ                DATA
 0002:0000380c 00000004H .rtc$TAA                DATA
 0002:00003810 00000004H .rtc$TZZ                DATA
 0002:00003814 00000078H .idata$2                DATA
 0002:0000388c 00000014H .idata$3                DATA
 0002:000038a0 0000017cH .idata$4                DATA
 0002:00003a1c 00000560H .idata$6                DATA
 0002:00003f80 00000058H .edata                  DATA
 0003:00000000 00000004H .CRT$XCA                DATA
 0003:00000004 00000004H .CRT$XCZ                DATA
 0003:00000008 00000004H .CRT$XIA                DATA
 0003:0000000c 00000004H .CRT$XIZ                DATA
 0003:00000010 000040e0H .data                   DATA
 0003:00004100 00001c28H .bss                    DATA

  Address         Publics by Value              Rva+Base     Lib:Object

 0000:00000000       ___safe_se_handler_count   00000000     <absolute>
 0000:00000000       ___safe_se_handler_table   00000000     <absolute>
 0000:00000000       __except_list              00000000     <absolute>
 0000:00009876       __fltused                  00009876     <absolute>
 0000:00009876       __ldused                   00009876     <absolute>
 0001:00000000       _sf_c1_MPC_framework_get_check_sum 10001000 f   c1_MPC_framework.obj
 0001:00000060       _sf_c1_MPC_framework_get_autoinheritance_info 10001060 f   c1_MPC_framework.obj
 0001:00002850       _c1_MPC_framework_method_dispatcher 10003850 f   c1_MPC_framework.obj
 0001:00011cbc       _sf_c2_MPC_framework_get_check_sum 10012cbc f   c2_MPC_framework.obj
 0001:00011d33       _sf_c2_MPC_framework_get_autoinheritance_info 10012d33 f   c2_MPC_framework.obj
 0001:00013577       _c2_MPC_framework_method_dispatcher 10014577 f   c2_MPC_framework.obj
 0001:00014a53       _sf_c3_MPC_framework_get_check_sum 10015a53 f   c3_MPC_framework.obj
 0001:00014aca       _sf_c3_MPC_framework_get_autoinheritance_info 10015aca f   c3_MPC_framework.obj
 0001:0001661c       _c3_MPC_framework_method_dispatcher 1001761c f   c3_MPC_framework.obj
 0001:00017b03       _sf_c4_MPC_framework_get_check_sum 10018b03 f   c4_MPC_framework.obj
 0001:00017b7a       _sf_c4_MPC_framework_get_autoinheritance_info 10018b7a f   c4_MPC_framework.obj
 0001:000196cc       _c4_MPC_framework_method_dispatcher 1001a6cc f   c4_MPC_framework.obj
 0001:0001d596       _sf_c7_MPC_framework_get_check_sum 1001e596 f   c7_MPC_framework.obj
 0001:0001d60d       _sf_c7_MPC_framework_get_autoinheritance_info 1001e60d f   c7_MPC_framework.obj
 0001:0001ed87       _c7_MPC_framework_method_dispatcher 1001fd87 f   c7_MPC_framework.obj
 0001:00022c46       _sf_c8_MPC_framework_get_check_sum 10023c46 f   c8_MPC_framework.obj
 0001:00022cbd       _sf_c8_MPC_framework_get_autoinheritance_info 10023cbd f   c8_MPC_framework.obj
 0001:00024437       _c8_MPC_framework_method_dispatcher 10025437 f   c8_MPC_framework.obj
 0001:00024490       _sf_process_check_sum_call 10025490 f   MPC_framework_sfun_registry.obj
 0001:000244c0       _sf_process_autoinheritence_call 100254c0 f   MPC_framework_sfun_registry.obj
 0001:000244f0       _sf_mex_unlock_call        100254f0 f   MPC_framework_sfun_registry.obj
 0001:00024570       _sf_machine_global_method_dispatcher 10025570 f   MPC_framework_sfun_registry.obj
 0001:000245a0       _sf_machine_global_terminator 100255a0 f   MPC_framework_sfun_registry.obj
 0001:000245d0       _sf_register_machine_exported_symbols 100255d0 f   MPC_framework_sfun_registry.obj
 0001:000245f0       _sf_machine_global_initializer 100255f0 f   MPC_framework_sfun_registry.obj
 0001:00024650       __ssSetInputPortMatrixDimensions 10025650 f   MPC_framework_sfun_registry.obj
 0001:00024700       __ssSetOutputPortMatrixDimensions 10025700 f   MPC_framework_sfun_registry.obj
 0001:000247b0       __ssSetInputPortVectorDimension 100257b0 f   MPC_framework_sfun_registry.obj
 0001:00024830       __ssSetOutputPortVectorDimension 10025830 f   MPC_framework_sfun_registry.obj
 0001:000248b0       _ssIsRunTimeParamTunable   100258b0 f   MPC_framework_sfun_registry.obj
 0001:00024910       _ssGetSFuncBlockHandle     10025910 f   MPC_framework_sfun_registry.obj
 0001:00024970       _ssWarning                 10025970 f   MPC_framework_sfun_registry.obj
 0001:00024a40       __ssGetInputPortSignalPtrsFcn 10025a40 f   MPC_framework_sfun_registry.obj
 0001:00024c40       __ssGetInputPortSignalFcn  10025c40 f   MPC_framework_sfun_registry.obj
 0001:00024dd0       __ssSetInputPortDirectFeedThroughFcn 10025dd0 f   MPC_framework_sfun_registry.obj
 0001:00024f00       __ssSetInputPortReusableFcn 10025f00 f   MPC_framework_sfun_registry.obj
 0001:00024f80       __ssSetOutputPortReusableFcn 10025f80 f   MPC_framework_sfun_registry.obj
 0001:00025000       _ssGetDTypeIdFromMxArray   10026000 f   MPC_framework_sfun_registry.obj
 0001:000250f0       _ssWriteRTWStr             100260f0 f   MPC_framework_sfun_registry.obj
 0001:00025130       _ssWriteRTWMxVectParam     10026130 f   MPC_framework_sfun_registry.obj
 0001:00025170       _ssWriteRTWMx2dMatParam    10026170 f   MPC_framework_sfun_registry.obj
 0001:000251b0       _ssWriteRTWNameValuePair   100261b0 f   MPC_framework_sfun_registry.obj
 0001:00025490       _ssWriteRTWParameters      10026490 f   MPC_framework_sfun_registry.obj
 0001:000257e0       _ssWriteRTWParamSettings   100267e0 f   MPC_framework_sfun_registry.obj
 0001:00025c70       _ssWriteRTWWorkVect        10026c70 f   MPC_framework_sfun_registry.obj
 0001:00025f60       _mexFunction               10026f60 f   MPC_framework_sfun_registry.obj
 0001:00027020       _ProcessMexSfunctionEveryCall 10028020 f   MPC_framework_sfun_registry.obj
 0001:00027100       _MPC_framework_initializer 10028100 f   MPC_framework_sfun.obj
 0001:00027110       _MPC_framework_terminator  10028110 f   MPC_framework_sfun.obj
 0001:00027120       _sf_MPC_framework_method_dispatcher 10028120 f   MPC_framework_sfun.obj
 0001:00027250       _sf_MPC_framework_process_check_sum_call 10028250 f   MPC_framework_sfun.obj
 0001:00027670       _sf_MPC_framework_autoinheritance_info 10028670 f   MPC_framework_sfun.obj
 0001:00027790       _MPC_framework_debug_initialize 10028790 f   MPC_framework_sfun.obj
 0001:000277e0       _MPC_framework_register_exported_symbols 100287e0 f   MPC_framework_sfun.obj
 0001:000277f0       _sf_mex_mx_is_numeric      100287f0 f   sfc_mexmsvc71:sfc_mex.obj
 0001:00027830       _strcmp_ignore_ws          10028830 f   sfc_mexmsvc71:sfc_mex.obj
 0001:00027af0       _sf_set_error_debugger_context_message_fcn 10028af0 f   sfc_mexmsvc71:sfc_mex.obj
 0001:00027b10       _sf_set_error_prefix_string 10028b10 f   sfc_mexmsvc71:sfc_mex.obj
 0001:00027b40       _sf_get_error_prefix_string 10028b40 f   sfc_mexmsvc71:sfc_mex.obj
 0001:00027b50       _sf_get_current_jmp_buf_ptr 10028b50 f   sfc_mexmsvc71:sfc_mex.obj
 0001:00027b60       _sf_set_current_jmp_buf_ptr 10028b60 f   sfc_mexmsvc71:sfc_mex.obj
 0001:00027b70       _sf_mex_set_halt_simulation 10028b70 f   sfc_mexmsvc71:sfc_mex.obj
 0001:00027b80       _sf_mex_get_halt_simulation 10028b80 f   sfc_mexmsvc71:sfc_mex.obj
 0001:00027b90       _sf_mex_clear_error_message 10028b90 f   sfc_mexmsvc71:sfc_mex.obj
 0001:00027bb0       _sf_mex_get_error_message_for_read 10028bb0 f   sfc_mexmsvc71:sfc_mex.obj
 0001:00027bc0       _sf_mex_get_error_message_buffer_length 10028bc0 f   sfc_mexmsvc71:sfc_mex.obj
 0001:00027c60       _sf_mex_warning_message    10028c60 f   sfc_mexmsvc71:sfc_mex.obj
 0001:00027ca0       _sf_mex_v_errbuf_createf   10028ca0 f   sfc_mexmsvc71:sfc_mex.obj
 0001:00027cc0       _sf_mex_errbuf_createf     10028cc0 f   sfc_mexmsvc71:sfc_mex.obj
 0001:00027ce0       _sf_mex_v_errbuf_catf      10028ce0 f   sfc_mexmsvc71:sfc_mex.obj
 0001:00027d20       _sf_mex_errbuf_catf        10028d20 f   sfc_mexmsvc71:sfc_mex.obj
 0001:00027d60       _sf_mex_errbuf_copy        10028d60 f   sfc_mexmsvc71:sfc_mex.obj
 0001:00027d80       _sf_mex_errbuf_clear       10028d80 f   sfc_mexmsvc71:sfc_mex.obj
 0001:00027d90       _sf_mex_errbuf_isempty     10028d90 f   sfc_mexmsvc71:sfc_mex.obj
 0001:00027e30       _sf_mex_set_error_status   10028e30 f   sfc_mexmsvc71:sfc_mex.obj
 0001:00027e50       _sf_mex_error_direct_call  10028e50 f   sfc_mexmsvc71:sfc_mex.obj
 0001:00027e70       _sf_mex_long_jump_on_error 10028e70 f   sfc_mexmsvc71:sfc_mex.obj
 0001:00027ea0       _sf_mex_call_matlab        10028ea0 f   sfc_mexmsvc71:sfc_mex.obj
 0001:00027f70       _sf_mex_dup                10028f70 f   sfc_mexmsvc71:sfc_mex.obj
 0001:00027fa0       _sf_mex_assign             10028fa0 f   sfc_mexmsvc71:sfc_mex.obj
 0001:00027fe0       _sf_mex_destroy            10028fe0 f   sfc_mexmsvc71:sfc_mex.obj
 0001:00028050       _sf_clear_error_manager_info 10029050 f   sfc_mexmsvc71:sfc_mex.obj
 0001:00028080       _sf_mex_stop_simulation_abruptly_wo_error 10029080 f   sfc_mexmsvc71:sfc_mex.obj
 0001:000280b0       _sf_mex_error_message      100290b0 f   sfc_mexmsvc71:sfc_mex.obj
 0001:00028120       _sf_mex_lw_bounds_check    10029120 f   sfc_mexmsvc71:sfc_mex.obj
 0001:00028150       _sf_mex_overflow_error     10029150 f   sfc_mexmsvc71:sfc_mex.obj
 0001:00028160       _sf_mex_dividebyzero_error 10029160 f   sfc_mexmsvc71:sfc_mex.obj
 0001:00028220       _sf_mex_printf             10029220 f   sfc_mexmsvc71:sfc_mex.obj
 0001:000282d0       _sf_echo_expression        100292d0 f   sfc_mexmsvc71:sfc_mex.obj
 0001:00028320       _sf_assertion_failed       10029320 f   sfc_mexmsvc71:sfc_mex.obj
 0001:00028360       _sf_mex_evalin             10029360 f   sfc_mexmsvc71:sfc_mex.obj
 0001:00028560       _sf_mex_export             10029560 f   sfc_mexmsvc71:sfc_mex.obj
 0001:00028610       _sf_mex_get_ml_var_no_error 10029610 f   sfc_mexmsvc71:sfc_mex.obj
 0001:00028770       _sf_mex_get_ml_var         10029770 f   sfc_mexmsvc71:sfc_mex.obj
 0001:000288f0       _ml_set_element_value_in_array 100298f0 f   sfc_mexmsvc71:sfc_mex.obj
 0001:00029160       _sf_mex_call               1002a160 f   sfc_mexmsvc71:sfc_mex.obj
 0001:000297e0       _sf_mex_get_mx_datatype_from_sf_datatype 1002a7e0 f   sfc_mexmsvc71:sfc_mex.obj
 0001:000299f0       _sf_mex_ml_var_sub         1002a9f0 f   sfc_mexmsvc71:sfc_mex.obj
 0001:00029b60       _sf_mex_ml_var_subsasgn    1002ab60 f   sfc_mexmsvc71:sfc_mex.obj
 0001:00029e10       _sf_mex_sub                1002ae10 f   sfc_mexmsvc71:sfc_mex.obj
 0001:00029f50       _sf_mex_subsasgn           1002af50 f   sfc_mexmsvc71:sfc_mex.obj
 0001:0002a2b0       _sf_mex_create             1002b2b0 f   sfc_mexmsvc71:sfc_mex.obj
 0001:0002a7b0       _sf_mex_import             1002b7b0 f   sfc_mexmsvc71:sfc_mex.obj
 0001:0002a880       _sf_mex_lower_fixpt_mx_array 1002b880 f   sfc_mexmsvc71:sfc_mex.obj
 0001:0002abd0       _sim_mode_is_rtw_gen       1002bbd0 f   sfc_mexmsvc71:sfc_sf.obj
 0001:0002ac10       _mdlInitializeSizes        1002bc10 f   sfc_mexmsvc71:sfc_sf.obj
 0001:0002ac30       _mdlInitializeSampleTimes  1002bc30 f   sfc_mexmsvc71:sfc_sf.obj
 0001:0002ac50       _mdl_initialize_conditions_processing 1002bc50 f   sfc_mexmsvc71:sfc_sf.obj
 0001:0002acb0       _mdlInitializeConditions   1002bcb0 f   sfc_mexmsvc71:sfc_sf.obj
 0001:0002ae20       _mdlTerminate              1002be20 f   sfc_mexmsvc71:sfc_sf.obj
 0001:0002ae70       _mdlRTW                    1002be70 f   sfc_mexmsvc71:sfc_sf.obj
 0001:0002ae90       _mdlSetWorkWidths          1002be90 f   sfc_mexmsvc71:sfc_sf.obj
 0001:0002aeb0       _mdlProcessParameters      1002beb0 f   sfc_mexmsvc71:sfc_sf.obj
 0001:0002aed0       _mdlStart                  1002bed0 f   sfc_mexmsvc71:sfc_sf.obj
 0001:0002af00       _mdlEnable                 1002bf00 f   sfc_mexmsvc71:sfc_sf.obj
 0001:0002af90       _mdlDisable                1002bf90 f   sfc_mexmsvc71:sfc_sf.obj
 0001:0002b010       _sf_rtw_info_uint_prop     1002c010 f   sfc_mexmsvc71:sfc_sf.obj
 0001:0002b110       _sf_is_chart_inlinable     1002c110 f   sfc_mexmsvc71:sfc_sf.obj
 0001:0002b130       _sf_is_chart_instance_optimized_out 1002c130 f   sfc_mexmsvc71:sfc_sf.obj
 0001:0002b150       _sf_mark_output_events_with_multiple_callers 1002c150 f   sfc_mexmsvc71:sfc_sf.obj
 0001:0002b290       _sf_mark_chart_reusable_outputs 1002c290 f   sfc_mexmsvc71:sfc_sf.obj
 0001:0002b3d0       _sf_chart_instance_typedef_name 1002c3d0 f   sfc_mexmsvc71:sfc_sf.obj
 0001:0002b500       _sf_mark_chart_expressionable_inputs 1002c500 f   sfc_mexmsvc71:sfc_sf.obj
 0001:0002b6d0       _sf_write_symbol_mapping   1002c6d0 f   sfc_mexmsvc71:sfc_sf.obj
 0001:0002b880       _sf_get_fixpt_data_type_id 1002c880 f   sfc_mexmsvc71:sfc_sf.obj
 0001:0002b8c0       _sf_mex_listen_for_ctrl_c_force 1002c8c0 f   sfc_mexmsvc71:sfc_sf.obj
 0001:0002b9b0       _sf_mex_draw_now           1002c9b0 f   sfc_mexmsvc71:sfc_sf.obj
 0001:0002b9f0       _sf_mex_set_debugger_sim_status_listener_fcn 1002c9f0 f   sfc_mexmsvc71:sfc_sf.obj
 0001:0002ba00       _sf_mex_listen_for_ctrl_c  1002ca00 f   sfc_mexmsvc71:sfc_sf.obj
 0001:0002ba70       _sf_mex_get_sfun_param     1002ca70 f   sfc_mexmsvc71:sfc_sf.obj
 0001:0002bab0       _sf_call_output_fcn_call   1002cab0 f   sfc_mexmsvc71:sfc_sf.obj
 0001:0002bbc0       _sf_call_output_fcn_enable 1002cbc0 f   sfc_mexmsvc71:sfc_sf.obj
 0001:0002bc40       _sf_call_output_fcn_disable 1002cc40 f   sfc_mexmsvc71:sfc_sf.obj
 0001:0002bcc0       _sf_clear_rtw_identifier   1002ccc0 f   sfc_mexmsvc71:sfc_sf.obj
 0001:0002bd20       _sf_set_rtw_identifier     1002cd20 f   sfc_mexmsvc71:sfc_sf.obj
 0001:0002c0b0       _sf_set_dwork_information  1002d0b0 f   sfc_mexmsvc71:sfc_sf.obj
 0001:0002c190       _mdlOutputs                1002d190 f   sfc_mexmsvc71:sfc_sf.obj
 0001:0002c260       _sf_debug_disp             1002d260 f   sfc_debugmsvc71:sfcdebug.obj
 0001:0002c340       _sf_debug_try_loading_machine 1002d340 f   sfc_debugmsvc71:sfcdebug.obj
 0001:0002c420       _sf_debug_reset_current_state_configuration 1002d420 f   sfc_debugmsvc71:sfcdebug.obj
 0001:0002c460       _sf_debug_store_current_state_configuration 1002d460 f   sfc_debugmsvc71:sfcdebug.obj
 0001:0002c4a0       _sf_debug_restore_previous_state_configuration 1002d4a0 f   sfc_debugmsvc71:sfcdebug.obj
 0001:0002c4e0       _sf_debug_restore_previous_state_configuration2 1002d4e0 f   sfc_debugmsvc71:sfcdebug.obj
 0001:0002c520       _sf_debug_get_event_scope  1002d520 f   sfc_debugmsvc71:sfcdebug.obj
 0001:0002c640       _use_debugger_step_animation 1002d640 f   sfc_debugmsvc71:sfcdebug.obj
 0001:0002c680       _sf_debug_get_current_machine_id 1002d680 f   sfc_debugmsvc71:sfcdebug.obj
 0001:0002c6a0       _sf_debug_get_current_optional_integer 1002d6a0 f   sfc_debugmsvc71:sfcdebug.obj
 0001:0002c6b0       _sf_debug_get_current_machine_number 1002d6b0 f   sfc_debugmsvc71:sfcdebug.obj
 0001:0002c6d0       _sf_debug_get_current_machine_name 1002d6d0 f   sfc_debugmsvc71:sfcdebug.obj
 0001:0002c6f0       _sf_debug_get_current_chart_id 1002d6f0 f   sfc_debugmsvc71:sfcdebug.obj
 0001:0002c720       _sf_debug_get_current_chart_number 1002d720 f   sfc_debugmsvc71:sfcdebug.obj
 0001:0002c730       _sf_debug_get_current_instance_number 1002d730 f   sfc_debugmsvc71:sfcdebug.obj
 0001:0002c740       _sf_debug_get_current_is_minor_time_step 1002d740 f   sfc_debugmsvc71:sfcdebug.obj
 0001:0002c7b0       _sf_debug_get_current_object_type 1002d7b0 f   sfc_debugmsvc71:sfcdebug.obj
 0001:0002c7c0       _sf_debug_get_current_instance_handle 1002d7c0 f   sfc_debugmsvc71:sfcdebug.obj
 0001:0002c810       _sf_debug_get_current_event_type 1002d810 f   sfc_debugmsvc71:sfcdebug.obj
 0001:0002c820       _sf_debug_get_current_object_id 1002d820 f   sfc_debugmsvc71:sfcdebug.obj
 0001:0002c850       _sf_debug_get_current_active_event_type 1002d850 f   sfc_debugmsvc71:sfcdebug.obj
 0001:0002c860       _sf_debug_get_current_active_event_id 1002d860 f   sfc_debugmsvc71:sfcdebug.obj
 0001:0002c890       _sf_debug_get_current_tag_type 1002d890 f   sfc_debugmsvc71:sfcdebug.obj
 0001:0002c8a0       _sf_debug_get_current_simulation_time 1002d8a0 f   sfc_debugmsvc71:sfcdebug.obj
 0001:0002c8b0       _sf_debug_get_current_coverage_percentage 1002d8b0 f   sfc_debugmsvc71:sfcdebug.obj
 0001:0002c8c0       _sf_debug_current_statement_context 1002d8c0 f   sfc_debugmsvc71:sfcdebug.obj
 0001:0002c940       _sf_debug_get_current_statement_info 1002d940 f   sfc_debugmsvc71:sfcdebug.obj
 0001:0002ca80       _sf_debug_terminate_instance 1002da80 f   sfc_debugmsvc71:sfcdebug.obj
 0001:0002cd70       _sf_debug_assertion_failed 1002dd70 f   sfc_debugmsvc71:sfcdebug.obj
 0001:0002cef0       _sf_debug_set_number_of_data_with_change_event_for_machine 1002def0 f   sfc_debugmsvc71:sfcdebug.obj
 0001:0002cf30       _sf_debug_set_machine_event_thresholds 1002df30 f   sfc_debugmsvc71:sfcdebug.obj
 0001:0002cf60       _sf_debug_set_machine_event_scope 1002df60 f   sfc_debugmsvc71:sfcdebug.obj
 0001:0002cfa0       _sf_debug_set_machine_data_thresholds 1002dfa0 f   sfc_debugmsvc71:sfcdebug.obj
 0001:0002cfe0       _sf_debug_set_machine_data_scope 1002dfe0 f   sfc_debugmsvc71:sfcdebug.obj
 0001:0002d050       _sf_debug_set_machine_data_name 1002e050 f   sfc_debugmsvc71:sfcdebug.obj
 0001:0002d0d0       _sf_debug_set_machine_data_size 1002e0d0 f   sfc_debugmsvc71:sfcdebug.obj
 0001:0002d1c0       _sf_debug_set_machine_data_type 1002e1c0 f   sfc_debugmsvc71:sfcdebug.obj
 0001:0002d2e0       _sf_debug_get_chart_data_number 1002e2e0 f   sfc_debugmsvc71:sfcdebug.obj
 0001:0002d310       _sf_debug_get_chart_event_number 1002e310 f   sfc_debugmsvc71:sfcdebug.obj
 0001:0002d340       _sf_debug_set_chart_state_info 1002e340 f   sfc_debugmsvc71:sfcdebug.obj
 0001:0002d3c0       _sf_debug_set_chart_decomposition 1002e3c0 f   sfc_debugmsvc71:sfcdebug.obj
 0001:0002d430       _sf_debug_set_chart_substate_count 1002e430 f   sfc_debugmsvc71:sfcdebug.obj
 0001:0002d4f0       _sf_debug_set_chart_substate_index 1002e4f0 f   sfc_debugmsvc71:sfcdebug.obj
 0001:0002d560       _sf_debug_set_chart_state_substate_count 1002e560 f   sfc_debugmsvc71:sfcdebug.obj
 0001:0002d640       _sf_debug_set_chart_state_substate_index 1002e640 f   sfc_debugmsvc71:sfcdebug.obj
 0001:0002d6c0       _sf_debug_set_number_of_data_with_change_event_for_chart 1002e6c0 f   sfc_debugmsvc71:sfcdebug.obj
 0001:0002d740       _sf_debug_set_number_of_states_with_entry_event_for_chart 1002e740 f   sfc_debugmsvc71:sfcdebug.obj
 0001:0002d7b0       _sf_debug_set_number_of_states_with_exit_event_for_chart 1002e7b0 f   sfc_debugmsvc71:sfcdebug.obj
 0001:0002d820       _sf_debug_set_chart_disable_implicit_casting 1002e820 f   sfc_debugmsvc71:sfcdebug.obj
 0001:0002d890       _sf_debug_set_chart_event_thresholds 1002e890 f   sfc_debugmsvc71:sfcdebug.obj
 0001:0002d910       _sf_debug_set_chart_data_props 1002e910 f   sfc_debugmsvc71:sfcdebug.obj
 0001:0002dc80       _sf_debug_push_symbol_scope 1002ec80 f   sfc_debugmsvc71:sfcdebug.obj
 0001:0002dcb0       _sf_debug_pop_symbol_scope 1002ecb0 f   sfc_debugmsvc71:sfcdebug.obj
 0001:0002dcd0       _sf_debug_symbol_scope_add_symbol 1002ecd0 f   sfc_debugmsvc71:sfcdebug.obj
 0001:0002dd40       _sf_debug_set_machine_data_value_ptr 1002ed40 f   sfc_debugmsvc71:sfcdebug.obj
 0001:0002dd80       _sf_debug_set_instance_data_value_ptr 1002ed80 f   sfc_debugmsvc71:sfcdebug.obj
 0001:0002ddd0       _sf_debug_unset_instance_data_value_ptr 1002edd0 f   sfc_debugmsvc71:sfcdebug.obj
 0001:0002de20       _sf_debug_set_chart_event_scope 1002ee20 f   sfc_debugmsvc71:sfcdebug.obj
 0001:0002dea0       _sf_debug_set_chart_transition_coverage_maps 1002eea0 f   sfc_debugmsvc71:sfcdebug.obj
 0001:0002df30       _sf_debug_set_chart_state_coverage_maps 1002ef30 f   sfc_debugmsvc71:sfcdebug.obj
 0001:0002dfb0       _sf_debug_set_instance_transition_coverage_weights 1002efb0 f   sfc_debugmsvc71:sfcdebug.obj
 0001:0002e020       _sf_debug_set_instance_state_coverage_weights 1002f020 f   sfc_debugmsvc71:sfcdebug.obj
 0001:0002e240       _sf_debug_unload_machine   1002f240 f   sfc_debugmsvc71:sfcdebug.obj
 0001:0002e290       _sf_debug_load_machine     1002f290 f   sfc_debugmsvc71:sfcdebug.obj
 0001:0002e340       _sf_debug_set_active_instance_in_data_dictionary 1002f340 f   sfc_debugmsvc71:sfcdebug.obj
 0001:0002e4c0       _sf_debug_set_active_instance 1002f4c0 f   sfc_debugmsvc71:sfcdebug.obj
 0001:0002e5c0       _sf_debug_chart_visiblity_change 1002f5c0 f   sfc_debugmsvc71:sfcdebug.obj
 0001:0002e660       _sf_debug_select_chart     1002f660 f   sfc_debugmsvc71:sfcdebug.obj
 0001:0002e700       _sf_debug_set_instance_cv_ids 1002f700 f   sfc_debugmsvc71:sfcdebug.obj
 0001:0002e880       _sf_debug_select_charts    1002f880 f   sfc_debugmsvc71:sfcdebug.obj
 0001:0002e960       _sf_debug_initialized      1002f960 f   sfc_debugmsvc71:sfcdebug.obj
 0001:0002e970       _sf_debug_is_uninterruptible 1002f970 f   sfc_debugmsvc71:sfcdebug.obj
 0001:0002e9a0       _sf_debug_initialize_debugger_gui 1002f9a0 f   sfc_debugmsvc71:sfcdebug.obj
 0001:0002ec40       _sf_debug_resume           1002fc40 f   sfc_debugmsvc71:sfcdebug.obj
 0001:0002ec60       _sf_debug_go               1002fc60 f   sfc_debugmsvc71:sfcdebug.obj
 0001:0002ec70       _sf_debug_break            1002fc70 f   sfc_debugmsvc71:sfcdebug.obj
 0001:0002ec80       _sf_debug_step_over        1002fc80 f   sfc_debugmsvc71:sfcdebug.obj
 0001:0002ec90       _sf_debug_step_out         1002fc90 f   sfc_debugmsvc71:sfcdebug.obj
 0001:0002eca0       _sf_debug_set_disable_all_breakpoints 1002fca0 f   sfc_debugmsvc71:sfcdebug.obj
 0001:0002ecb0       _sf_debug_disable_all_breakpoints_and_go 1002fcb0 f   sfc_debugmsvc71:sfcdebug.obj
 0001:0002ecc0       _sf_debug_break_on_chart_entry 1002fcc0 f   sfc_debugmsvc71:sfcdebug.obj
 0001:0002ecd0       _sf_debug_break_on_event_broadcast 1002fcd0 f   sfc_debugmsvc71:sfcdebug.obj
 0001:0002ece0       _sf_debug_break_on_state_entry 1002fce0 f   sfc_debugmsvc71:sfcdebug.obj
 0001:0002ecf0       _sf_debug_break_between_times 1002fcf0 f   sfc_debugmsvc71:sfcdebug.obj
 0001:0002ed20       _sf_debug_browse_data      1002fd20 f   sfc_debugmsvc71:sfcdebug.obj
 0001:0002ed40       _sf_debug_watch_data       1002fd40 f   sfc_debugmsvc71:sfcdebug.obj
 0001:0002ed60       _sf_debug_whos             1002fd60 f   sfc_debugmsvc71:sfcdebug.obj
 0001:0002ed80       _sf_debug_get_consistency_info 1002fd80 f   sfc_debugmsvc71:sfcdebug.obj
 0001:0002eda0       _sf_debug_browse_trace     1002fda0 f   sfc_debugmsvc71:sfcdebug.obj
 0001:0002edc0       _sf_debug_set_breakpoints  1002fdc0 f   sfc_debugmsvc71:sfcdebug.obj
 0001:0002ee70       _sf_debug_set_eml_breakpoints 1002fe70 f   sfc_debugmsvc71:sfcdebug.obj
 0001:0002ef80       _sf_debug_set_watch        1002ff80 f   sfc_debugmsvc71:sfcdebug.obj
 0001:0002f130       _sf_debug_get_coverage     10030130 f   sfc_debugmsvc71:sfcdebug.obj
 0001:0002f150       _sf_debug_get_instance_handle 10030150 f   sfc_debugmsvc71:sfcdebug.obj
 0001:0002f1d0       _sf_debug_get_active_states 100301d0 f   sfc_debugmsvc71:sfcdebug.obj
 0001:0002f1f0       _sf_debug_set_animation    100301f0 f   sfc_debugmsvc71:sfcdebug.obj
 0001:0002f200       _sf_debug_cycle_detection_check 10030200 f   sfc_debugmsvc71:sfcdebug.obj
 0001:0002f210       _sf_debug_data_range_check 10030210 f   sfc_debugmsvc71:sfcdebug.obj
 0001:0002f220       _sf_debug_transition_conflict_check 10030220 f   sfc_debugmsvc71:sfcdebug.obj
 0001:0002f230       _sf_debug_state_consistency_check 10030230 f   sfc_debugmsvc71:sfcdebug.obj
 0001:0002f240       _sf_debug_data_range_check_enabled 10030240 f   sfc_debugmsvc71:sfcdebug.obj
 0001:0002f260       _sf_debug_transition_conflict_check_enabled 10030260 f   sfc_debugmsvc71:sfcdebug.obj
 0001:0002f280       _sf_debug_transition_conflict_check_begin 10030280 f   sfc_debugmsvc71:sfcdebug.obj
 0001:0002f290       _sf_debug_transition_conflict_check_end 10030290 f   sfc_debugmsvc71:sfcdebug.obj
 0001:0002f2a0       _sf_debug_stop_debugging   100302a0 f   sfc_debugmsvc71:sfcdebug.obj
 0001:0002f2d0       _sf_debug_is_cycle_detected 100302d0 f   sfc_debugmsvc71:sfcdebug.obj
 0001:0002f2e0       _sf_debug_is_array_bounds_detected 100302e0 f   sfc_debugmsvc71:sfcdebug.obj
 0001:0002f2f0       _sf_debug_get_chart_active 100302f0 f   sfc_debugmsvc71:sfcdebug.obj
 0001:0002f310       _sf_debug_set_chart_active 10030310 f   sfc_debugmsvc71:sfcdebug.obj
 0001:0002f340       _sf_debug_get_state_vectors_data_size 10030340 f   sfc_debugmsvc71:sfcdebug.obj
 0001:0002f380       _sf_debug_get_state_vectors_data 10030380 f   sfc_debugmsvc71:sfcdebug.obj
 0001:0002f450       _sf_debug_set_state_vectors_data 10030450 f   sfc_debugmsvc71:sfcdebug.obj
 0001:0002f520       _cv_eval_point             10030520 f   sfc_debugmsvc71:sfcdebug.obj
 0001:0002f5f0       _sf_debug_cv_init_state    100305f0 f   sfc_debugmsvc71:sfcdebug.obj
 0001:0002f680       _sf_debug_cv_init_chart    10030680 f   sfc_debugmsvc71:sfcdebug.obj
 0001:0002f700       _sf_debug_cv_init_trans    10030700 f   sfc_debugmsvc71:sfcdebug.obj
 0001:0002f7e0       _cv_eml_init_script        100307e0 f   sfc_debugmsvc71:sfcdebug.obj
 0001:0002f840       _cv_eml_init_fcn           10030840 f   sfc_debugmsvc71:sfcdebug.obj
 0001:0002f8a0       _cv_eml_init_if            100308a0 f   sfc_debugmsvc71:sfcdebug.obj
 0001:0002f900       _cv_eml_init_for           10030900 f   sfc_debugmsvc71:sfcdebug.obj
 0001:0002f960       _cv_eml_init_while         10030960 f   sfc_debugmsvc71:sfcdebug.obj
 0001:0002f9c0       _cv_eml_init_mcdc          100309c0 f   sfc_debugmsvc71:sfcdebug.obj
 0001:0002fa30       _cv_eml_init_switch        10030a30 f   sfc_debugmsvc71:sfcdebug.obj
 0001:0002fa90       _cv_eml_eval               10030a90 f   sfc_debugmsvc71:sfcdebug.obj
 0001:0002fb00       _sf_debug_temporal_threshold 10030b00 f   sfc_debugmsvc71:sfcdebug.obj
 0001:0002fdf0       _sf_debug_transition_conflict_error 10030df0 f   sfc_debugmsvc71:sfcdebug.obj
 0001:00030090       _sf_debug_state_inconsistency_error 10031090 f   sfc_debugmsvc71:sfcdebug.obj
 0001:00030190       _sf_debug_check_for_state_inconsistency 10031190 f   sfc_debugmsvc71:sfcdebug.obj
 0001:000301d0       _sf_debug_cycle_detecton_error 100311d0 f   sfc_debugmsvc71:sfcdebug.obj
 0001:000305c0       _sf_debug_data_array_bounds_error_check 100315c0 f   sfc_debugmsvc71:sfcdebug.obj
 0001:00030620       _sf_debug_eml_data_array_bounds_error_check 10031620 f   sfc_debugmsvc71:sfcdebug.obj
 0001:00030910       _sf_debug_integer_check    10031910 f   sfc_debugmsvc71:sfcdebug.obj
 0001:00030990       _sf_debug_not_nan_check    10031990 f   sfc_debugmsvc71:sfcdebug.obj
 0001:000309f0       _sf_debug_overflow_detection 100319f0 f   sfc_debugmsvc71:sfcdebug.obj
 0001:00030ea0       _sf_debug_cast_to_real32_T 10031ea0 f   sfc_debugmsvc71:sfcdebug.obj
 0001:00030f00       _sf_debug_cast_to_int8_T   10031f00 f   sfc_debugmsvc71:sfcdebug.obj
 0001:00030f70       _sf_debug_cast_to_uint8_T  10031f70 f   sfc_debugmsvc71:sfcdebug.obj
 0001:00030fe0       _sf_debug_cast_to_int16_T  10031fe0 f   sfc_debugmsvc71:sfcdebug.obj
 0001:00031050       _sf_debug_cast_to_uint16_T 10032050 f   sfc_debugmsvc71:sfcdebug.obj
 0001:000310c0       _sf_debug_cast_to_int32_T  100320c0 f   sfc_debugmsvc71:sfcdebug.obj
 0001:00031130       _sf_debug_cast_to_uint32_T 10032130 f   sfc_debugmsvc71:sfcdebug.obj
 0001:000311a0       _sf_debug_data_range_error 100321a0 f   sfc_debugmsvc71:sfcdebug.obj
 0001:00031520       _sf_debug_data_range_error_wrapper_min_max 10032520 f   sfc_debugmsvc71:sfcdebug.obj
 0001:00031590       _sf_debug_data_range_error_wrapper_min 10032590 f   sfc_debugmsvc71:sfcdebug.obj
 0001:000315f0       _sf_debug_data_range_error_wrapper_max 100325f0 f   sfc_debugmsvc71:sfcdebug.obj
 0001:00031650       _sf_debug_data_range_wrapper 10032650 f   sfc_debugmsvc71:sfcdebug.obj
 0001:000316a0       _sf_debug_set_current_status_info 100326a0 f   sfc_debugmsvc71:sfcdebug.obj
 0001:00031a10       _sf_debug_call             10032a10 f   sfc_debugmsvc71:sfcdebug.obj
 0001:00032260       _sf_debug_terminate        10033260 f   sfc_debugmsvc71:sfcdebug.obj
 0001:00032390       _sf_debug_initialize_machine 10033390 f   sfc_debugmsvc71:sfcdebug.obj
 0001:000325d0       _sf_debug_initialize_chart 100335d0 f   sfc_debugmsvc71:sfcdebug.obj
 0001:00032930       _sf_debug_api              10033930 f   sfc_debugmsvc71:sfc_api.obj
 0001:000339f0       _sf_debug_sm_terminate     100349f0 f   sfc_debugmsvc71:sfdb_animation.obj
 0001:00033b90       _sf_debug_reset_path_objects 10034b90 f   sfc_debugmsvc71:sfdb_animation.obj
 0001:00033c00       _sf_debug_sm_reset_object_selection_status 10034c00 f   sfc_debugmsvc71:sfdb_animation.obj
 0001:00033cb0       _sf_debug_sm_reset_state_buffer 10034cb0 f   sfc_debugmsvc71:sfdb_animation.obj
 0001:00033d80       _sf_debug_sm_store_state_buffer 10034d80 f   sfc_debugmsvc71:sfdb_animation.obj
 0001:00033e10       _sf_debug_sm_restore_state_buffer1 10034e10 f   sfc_debugmsvc71:sfdb_animation.obj
 0001:00033e80       _sf_debug_sm_restore_state_buffer2 10034e80 f   sfc_debugmsvc71:sfdb_animation.obj
 0001:00033ef0       _sf_debug_sm_chart_active  10034ef0 f   sfc_debugmsvc71:sfdb_animation.obj
 0001:00033f40       _sf_debug_sm_select_active_objects 10034f40 f   sfc_debugmsvc71:sfdb_animation.obj
 0001:000342e0       _sf_debug_sm_is_chart_active 100352e0 f   sfc_debugmsvc71:sfdb_animation.obj
 0001:00034320       _sf_debug_sm_is_state_active 10035320 f   sfc_debugmsvc71:sfdb_animation.obj
 0001:000344d0       _sf_debug_sm_get_active_states 100354d0 f   sfc_debugmsvc71:sfdb_animation.obj
 0001:00034910       _sf_debug_sm_initialize_instance 10035910 f   sfc_debugmsvc71:sfdb_animation.obj
 0001:00034b00       _sf_debug_sm_change_object_selection_status 10035b00 f   sfc_debugmsvc71:sfdb_animation.obj
 0001:00034dd0       _sf_debug_hm_initialize_instance 10035dd0 f   sfc_debugmsvc71:sfdb_handle_management.obj
 0001:00034ed0       _sf_debug_hm_get_object_id 10035ed0 f   sfc_debugmsvc71:sfdb_handle_management.obj
 0001:00036830       _sf_debug_object_is_eml_function 10037830 f   sfc_debugmsvc71:sfdb_handle_management.obj
 0001:00036880       _sf_debug_hm_initialize_ids_in_machine 10037880 f   sfc_debugmsvc71:sfdb_handle_management.obj
 0001:000369d0       _sf_debug_hm_initialize_ids_in_chart 100379d0 f   sfc_debugmsvc71:sfdb_handle_management.obj
 0001:00036af0       _sf_debug_hm_initialize_chart 10037af0 f   sfc_debugmsvc71:sfdb_handle_management.obj
 0001:00037480       _sf_debug_hm_terminate     10038480 f   sfc_debugmsvc71:sfdb_handle_management.obj
 0001:000374e0       _sf_debug_hm_initialize_machine 100384e0 f   sfc_debugmsvc71:sfdb_handle_management.obj
 0001:00037b20       _sf_debug_tm_terminate     10038b20 f   sfc_debugmsvc71:sfdb_call_stack.obj
 0001:00037bc0       _sf_debug_tm_push_chart_instance 10038bc0 f   sfc_debugmsvc71:sfdb_call_stack.obj
 0001:00037ce0       _sf_debug_tm_pop_chart_instance 10038ce0 f   sfc_debugmsvc71:sfdb_call_stack.obj
 0001:00037d40       _sf_debug_tm_push_trace_node 10038d40 f   sfc_debugmsvc71:sfdb_call_stack.obj
 0001:00037e50       _sf_debug_tm_pop_trace_node 10038e50 f   sfc_debugmsvc71:sfdb_call_stack.obj
 0001:00037ee0       _sf_debug_tm_get_current_global_trace_index 10038ee0 f   sfc_debugmsvc71:sfdb_call_stack.obj
 0001:00037f00       _sf_debug_tm_get_current_local_trace_index 10038f00 f   sfc_debugmsvc71:sfdb_call_stack.obj
 0001:00037f30       _sf_debug_tm_set_cycle_detected_flag 10038f30 f   sfc_debugmsvc71:sfdb_call_stack.obj
 0001:00037f70       _sf_debug_tm_set_cycle_started_flag 10038f70 f   sfc_debugmsvc71:sfdb_call_stack.obj
 0001:00037fb0       _sf_debug_tm_get_chart_number_from_stack 10038fb0 f   sfc_debugmsvc71:sfdb_call_stack.obj
 0001:00038150       _sf_debug_tm_browse_trace  10039150 f   sfc_debugmsvc71:sfdb_call_stack.obj
 0001:00038510       _sf_debug_sc_terminate     10039510 f   sfc_debugmsvc71:sfdb_state_consistency.obj
 0001:000387c0       _sf_debug_sc_is_chart_consistent 100397c0 f   sfc_debugmsvc71:sfdb_state_consistency.obj
 0001:000389b0       _sf_debug_sc_get_consistency_error_info 100399b0 f   sfc_debugmsvc71:sfdb_state_consistency.obj
 0001:00038d00       _sf_debug_cd_initialize_instance 10039d00 f   sfc_debugmsvc71:sfdb_cycle_detection.obj
 0001:00038f60       _sf_debug_cd_mark_processed_transition_in_instance 10039f60 f   sfc_debugmsvc71:sfdb_cycle_detection.obj
 0001:00038ff0       _sf_debug_cd_checksum_push 10039ff0 f   sfc_debugmsvc71:sfdb_cycle_detection.obj
 0001:00039280       _sf_debug_cd_checksum_pop  1003a280 f   sfc_debugmsvc71:sfdb_cycle_detection.obj
 0001:000392e0       _sf_debug_cd_turn_off_cycle_detection 1003a2e0 f   sfc_debugmsvc71:sfdb_cycle_detection.obj
 0001:00039330       _sf_debug_cd_terminate     1003a330 f   sfc_debugmsvc71:sfdb_cycle_detection.obj
 0001:00039470       _sf_debug_cc_initialize_chart 1003a470 f   sfc_debugmsvc71:sfdb_coverage.obj
 0001:00039e40       _sf_debug_cc_initialize_instance 1003ae40 f   sfc_debugmsvc71:sfdb_coverage.obj
 0001:0003aa60       _sf_debug_cc_terminate     1003ba60 f   sfc_debugmsvc71:sfdb_coverage.obj
 0001:0003ab50       _sf_debug_cc_set_transition_maps 1003bb50 f   sfc_debugmsvc71:sfdb_coverage.obj
 0001:0003ac50       _sf_debug_cc_set_state_maps 1003bc50 f   sfc_debugmsvc71:sfdb_coverage.obj
 0001:0003ad20       _sf_debug_cc_set_transition_weights 1003bd20 f   sfc_debugmsvc71:sfdb_coverage.obj
 0001:0003af50       _sf_debug_cc_set_state_weights 1003bf50 f   sfc_debugmsvc71:sfdb_coverage.obj
 0001:0003b190       _sf_debug_cc_mark_transition_guard 1003c190 f   sfc_debugmsvc71:sfdb_coverage.obj
 0001:0003b220       _sf_debug_cc_mark_transition_trigger 1003c220 f   sfc_debugmsvc71:sfdb_coverage.obj
 0001:0003b2b0       _sf_debug_cc_mark_transition_decision 1003c2b0 f   sfc_debugmsvc71:sfdb_coverage.obj
 0001:0003b310       _sf_debug_cc_mark_transition_condition_action 1003c310 f   sfc_debugmsvc71:sfdb_coverage.obj
 0001:0003b360       _sf_debug_cc_mark_transition_transition_action 1003c360 f   sfc_debugmsvc71:sfdb_coverage.obj
 0001:0003b3b0       _sf_debug_cc_mark_state_entry 1003c3b0 f   sfc_debugmsvc71:sfdb_coverage.obj
 0001:0003b400       _sf_debug_cc_mark_state_during 1003c400 f   sfc_debugmsvc71:sfdb_coverage.obj
 0001:0003b450       _sf_debug_cc_mark_state_exit 1003c450 f   sfc_debugmsvc71:sfdb_coverage.obj
 0001:0003ba70       _sf_debug_cc_get_coverage  1003ca70 f   sfc_debugmsvc71:sfdb_coverage.obj
 0001:0003bef0       _sf_debug_ss_initialize    1003cef0 f   sfc_debugmsvc71:sfdb_symbol_scope.obj
 0001:0003bf10       _sf_debug_ss_terminate     1003cf10 f   sfc_debugmsvc71:sfdb_symbol_scope.obj
 0001:0003bf90       _sf_debug_ss_push_symbol_scope 1003cf90 f   sfc_debugmsvc71:sfdb_symbol_scope.obj
 0001:0003c050       _sf_debug_ss_pop_symbol_scope 1003d050 f   sfc_debugmsvc71:sfdb_symbol_scope.obj
 0001:0003c0e0       _sf_debug_ss_add_symbol    1003d0e0 f   sfc_debugmsvc71:sfdb_symbol_scope.obj
 0001:0003ca80       _sf_debug_ss_watch_data    1003da80 f   sfc_debugmsvc71:sfdb_symbol_scope.obj
 0001:0003d130       _sf_debug_ss_whos          1003e130 f   sfc_debugmsvc71:sfdb_symbol_scope.obj
 0001:0003d4e0       _sf_debug_st_initialize_machine 1003e4e0 f   sfc_debugmsvc71:sfdb_data_browse.obj
 0001:0003d550       _sf_debug_st_initialize_instance 1003e550 f   sfc_debugmsvc71:sfdb_data_browse.obj
 0001:0003d750       _sf_debug_st_terminate     1003e750 f   sfc_debugmsvc71:sfdb_data_browse.obj
 0001:0003d830       _sf_debug_st_set_data_value_ptr_in_machine 1003e830 f   sfc_debugmsvc71:sfdb_data_browse.obj
 0001:0003d880       _sf_debug_st_set_data_value_ptr_in_instance 1003e880 f   sfc_debugmsvc71:sfdb_data_browse.obj
 0001:0003d8f0       _sf_debug_st_unset_data_value_ptr_in_machine 1003e8f0 f   sfc_debugmsvc71:sfdb_data_browse.obj
 0001:0003d930       _sf_debug_st_unset_data_value_ptr_in_instance 1003e930 f   sfc_debugmsvc71:sfdb_data_browse.obj
 0001:0003dbc0       _sf_debug_mx_value         1003ebc0 f   sfc_debugmsvc71:sfdb_data_browse.obj
 0001:0003dc10       _sf_debug_mx_packed_vector 1003ec10 f   sfc_debugmsvc71:sfdb_data_browse.obj
 0001:0003dcb0       _sf_debug_mx_uint_vector   1003ecb0 f   sfc_debugmsvc71:sfdb_data_browse.obj
 0001:0003dd30       _sf_debug_st_get_double_value_from_void_ptr_vector 1003ed30 f   sfc_debugmsvc71:sfdb_data_browse.obj
 0001:0003e570       _sf_debug_st_browse_data   1003f570 f   sfc_debugmsvc71:sfdb_data_browse.obj
 0001:0003ee50       _sf_debug_bm_terminate     1003fe50 f   sfc_debugmsvc71:sfdb_breakpoints.obj
 0001:0003f070       _sf_debug_bm_remove_all_breakpoints_in_machine 10040070 f   sfc_debugmsvc71:sfdb_breakpoints.obj
 0001:0003f0d0       _sf_debug_bm_remove_all_breakpoints_in_chart 100400d0 f   sfc_debugmsvc71:sfdb_breakpoints.obj
 0001:0003f230       _sf_debug_bm_initialize_global_breakpoints 10040230 f   sfc_debugmsvc71:sfdb_breakpoints.obj
 0001:0003f3a0       _sf_debug_bm_set_breakpoint 100403a0 f   sfc_debugmsvc71:sfdb_breakpoints.obj
 0001:0003f900       _sf_debug_bm_set_eml_breakpoint 10040900 f   sfc_debugmsvc71:sfdb_breakpoints.obj
 0001:0003f980       _sf_debug_bm_initialize_machine_breakpoint_map 10040980 f   sfc_debugmsvc71:sfdb_breakpoints.obj
 0001:0003fca0       _sf_debug_bm_is_a_breakpoint 10040ca0 f   sfc_debugmsvc71:sfdb_breakpoints.obj
 0001:000400e0       _sf_debug_bm_get_all_breakpoints_in_machine 100410e0 f   sfc_debugmsvc71:sfdb_breakpoints.obj
 0001:00040380       _sf_debug_bm_get_all_breakpoints_in_chart 10041380 f   sfc_debugmsvc71:sfdb_breakpoints.obj
 0001:00040d10       _sf_debug_bm_initialize_machine 10041d10 f   sfc_debugmsvc71:sfdb_breakpoints.obj
 0001:00040dc0       _sf_debug_bm_initialize_chart 10041dc0 f   sfc_debugmsvc71:sfdb_breakpoints.obj
 0001:00040fc0       _cv_create_interface       10041fc0 f   sfc_debugmsvc71:cv_sfinterface.obj
 0001:000412a0       _cv_init_trans             100422a0 f   sfc_debugmsvc71:cv_sfinterface.obj
 0001:000412f0       _cv_init_state             100422f0 f   sfc_debugmsvc71:cv_sfinterface.obj
 0001:00041350       _cv_init_chart             10042350 f   sfc_debugmsvc71:cv_sfinterface.obj
 0001:000413a0       _cv_dec_update_call        100423a0 f   sfc_debugmsvc71:cv_sfinterface.obj
 0001:000413e0       _cv_cond_update_call       100423e0 f   sfc_debugmsvc71:cv_sfinterface.obj
 0001:00041420       _cv_sigrange_update        10042420 f   sfc_debugmsvc71:cv_sfinterface.obj
 0001:00041470       _cvsf_eml_eval             10042470 f   sfc_debugmsvc71:cv_sfinterface.obj
 0001:00041540       _cvsf_eml_init_script      10042540 f   sfc_debugmsvc71:cv_sfinterface.obj
 0001:000415a0       _cvsf_eml_init_fcn         100425a0 f   sfc_debugmsvc71:cv_sfinterface.obj
 0001:00041600       _cvsf_eml_init_if          10042600 f   sfc_debugmsvc71:cv_sfinterface.obj
 0001:00041660       _cvsf_eml_init_for         10042660 f   sfc_debugmsvc71:cv_sfinterface.obj
 0001:000416c0       _cvsf_eml_init_while       100426c0 f   sfc_debugmsvc71:cv_sfinterface.obj
 0001:00041720       _cvsf_eml_init_mcdc        10042720 f   sfc_debugmsvc71:cv_sfinterface.obj
 0001:00041790       _cvsf_eml_init_switch      10042790 f   sfc_debugmsvc71:cv_sfinterface.obj
 0001:000417f0       _cv_destroy_interface      100427f0 f   sfc_debugmsvc71:cv_sfinterface.obj
 0001:00041810       _cv_create_instance_objects 10042810 f   sfc_debugmsvc71:cv_sfinterface.obj
 0001:00041af0       _cv_is_enabled             10042af0 f   sfc_debugmsvc71:cv_sfinterface.obj
 0001:00041b00       _sf_debug_cv_initialize_instance 10042b00 f   sfc_debugmsvc71:cv_sfinterface.obj
 0001:00041e10       _sf_debug_cv_terminate_chart 10042e10 f   sfc_debugmsvc71:cv_sfinterface.obj
 0001:00041f10       _cv_call_trans_test        10042f10 f   sfc_debugmsvc71:cv_sfinterface.obj
 0001:00041f20       _cv_call_sub_cond_test     10042f20 f   sfc_debugmsvc71:cv_sfinterface.obj
 0001:00042010       _md5_initialize_state      10043010 f   sfc_debugmsvc71:ckmd5.obj
 0001:00042a80       _md5_update_state          10043a80 f   sfc_debugmsvc71:ckmd5.obj
 0001:00042aa0       _md5_get_hash              10043aa0 f   sfc_debugmsvc71:ckmd5.obj
 0001:00042ac0       _md5_get_hash_for_a_single_string 10043ac0 f   sfc_debugmsvc71:ckmd5.obj
 0001:00042b22       _mxGetPr                   10043b22 f   libmx:libmx.dll
 0001:00042b28       _mxCreateDoubleScalar      10043b28 f   libmx:libmx.dll
 0001:00042b2e       _mxSetField                10043b2e f   libmx:libmx.dll
 0001:00042b34       _mxCreateDoubleMatrix      10043b34 f   libmx:libmx.dll
 0001:00042b3a       _mxCreateStructMatrix      10043b3a f   libmx:libmx.dll
 0001:00042b40       _mxIsNaN                   10043b40 f   libmx:libmx.dll
 0001:00042b46       _mxIsInf                   10043b46 f   libmx:libmx.dll
 0001:00042b4c       _mxGetNaN                  10043b4c f   libmx:libmx.dll
 0001:00042b52       _mxGetInf                  10043b52 f   libmx:libmx.dll
 0001:00042b58       _mxGetString               10043b58 f   libmx:libmx.dll
 0001:00042b5e       _mxIsChar                  10043b5e f   libmx:libmx.dll
 0001:00042b64       _mxCreateString            10043b64 f   libmx:libmx.dll
 0001:00042b6a       _mxGetClassID              10043b6a f   libmx:libmx.dll
 0001:00042b70       _mxIsNumeric               10043b70 f   libmx:libmx.dll
 0001:00042b76       _mxIsComplex               10043b76 f   libmx:libmx.dll
 0001:00042b7c       _mxGetN                    10043b7c f   libmx:libmx.dll
 0001:00042b82       _mxGetM                    10043b82 f   libmx:libmx.dll
 0001:00042b88       _mxCalloc                  10043b88 f   libmx:libmx.dll
 0001:00042b8e       _mxGetScalar               10043b8e f   libmx:libmx.dll
 0001:00042b94       _mxIsLogical               10043b94 f   libmx:libmx.dll
 0001:00042b9a       _mxDestroyArray            10043b9a f   libmx:libmx.dll
 0001:00042ba0       _mxFree                    10043ba0 f   libmx:libmx.dll
 0001:00042ba6       _mxArrayToString           10043ba6 f   libmx:libmx.dll
 0001:00042bac       _mxDuplicateArray          10043bac f   libmx:libmx.dll
 0001:00042bb2       _mxIsEmpty                 10043bb2 f   libmx:libmx.dll
 0001:00042bb8       _mxGetClassName            10043bb8 f   libmx:libmx.dll
 0001:00042bbe       _mxGetData                 10043bbe f   libmx:libmx.dll
 0001:00042bc4       _mxGetImagData             10043bc4 f   libmx:libmx.dll
 0001:00042bca       _mxGetNumberOfElements     10043bca f   libmx:libmx.dll
 0001:00042bd0       _mxCreateNumericMatrix     10043bd0 f   libmx:libmx.dll
 0001:00042bd6       _mxCalcSingleSubscript     10043bd6 f   libmx:libmx.dll
 0001:00042bdc       _mxGetDimensions           10043bdc f   libmx:libmx.dll
 0001:00042be2       _mxGetNumberOfDimensions   10043be2 f   libmx:libmx.dll
 0001:00042be8       _mxCreateNumericArray      10043be8 f   libmx:libmx.dll
 0001:00042bee       _mxGetCell                 10043bee f   libmx:libmx.dll
 0001:00042bf4       _mxGetField                10043bf4 f   libmx:libmx.dll
 0001:00042bfa       _mxSetFieldByNumber        10043bfa f   libmx:libmx.dll
 0001:00042c00       _mxCreateLogicalScalar     10043c00 f   libmx:libmx.dll
 0001:00042c06       _mxGetFieldByNumber        10043c06 f   libmx:libmx.dll
 0001:00042c0c       _mxSetCell                 10043c0c f   libmx:libmx.dll
 0001:00042c12       _mxCreateCellMatrix        10043c12 f   libmx:libmx.dll
 0001:00042c18       _mxIsLogicalScalarTrue     10043c18 f   libmx:libmx.dll
 0001:00042c1e       _mexUnlock                 10043c1e f   libmex:libmex.dll
 0001:00042c24       _mexIsLocked               10043c24 f   libmex:libmex.dll
 0001:00042c2a       _mexWarnMsgTxt             10043c2a f   libmex:libmex.dll
 0001:00042c30       _mexCallMATLAB             10043c30 f   libmex:libmex.dll
 0001:00042c36       _mexErrMsgTxt              10043c36 f   libmex:libmex.dll
 0001:00042c3c       _mexSetTrapFlag            10043c3c f   libmex:libmex.dll
 0001:00042c42       _mexMakeArrayPersistent    10043c42 f   libmex:libmex.dll
 0001:00042c48       _mexPutVariable            10043c48 f   libmex:libmex.dll
 0001:00042c4e       _mexGetVariable            10043c4e f   libmex:libmex.dll
 0001:00042c54       _mexLock                   10043c54 f   libmex:libmex.dll
 0001:00042c5a       _mexFunctionName           10043c5a f   libmex:libmex.dll
 0001:00042c60       _ssRegisterDataTypeFxpFSlopeFixExpBias 10043c60 f   libfixedpoint:libfixedpoint.dll
 0001:00042c66       _utVSNprintf               10043c66 f   libut:libut.dll
 0001:00042c6c       _utCPUtime                 10043c6c f   libut:libut.dll
 0001:00042c80       _floor                     10043c80 f   MSVCRT:MSVCR71.dll
 0001:00042c88       __ftol2                    10043c88 f   MSVCRT:ftol2.obj
 0001:00042cfe       _ceil                      10043cfe f   MSVCRT:MSVCR71.dll
 0001:00042d04       _fwrite                    10043d04 f   MSVCRT:MSVCR71.dll
 0001:00042d0a       _fread                     10043d0a f   MSVCRT:MSVCR71.dll
 0001:00042d10       _free                      10043d10 f   MSVCRT:MSVCR71.dll
 0001:00042d16       _malloc                    10043d16 f   MSVCRT:MSVCR71.dll
 0001:00042d1c       _sqrt                      10043d1c f   MSVCRT:MSVCR71.dll
 0001:00042d22       __ftol                     10043d22 f   MSVCRT:MSVCR71.dll
 0001:00042d28       _acos                      10043d28 f   MSVCRT:MSVCR71.dll
 0001:00042d2e       _cos                       10043d2e f   MSVCRT:MSVCR71.dll
 0001:00042d34       _sin                       10043d34 f   MSVCRT:MSVCR71.dll
 0001:00042d3a       _fabs                      10043d3a f   MSVCRT:MSVCR71.dll
 0001:00042d40       _pow                       10043d40 f   MSVCRT:MSVCR71.dll
 0001:00042d46       _atan2                     10043d46 f   MSVCRT:MSVCR71.dll
 0001:00042d4c       _strcmp                    10043d4c f   MSVCRT:MSVCR71.dll
 0001:00042d52       _sprintf                   10043d52 f   MSVCRT:MSVCR71.dll
 0001:00042d58       _strlen                    10043d58 f   MSVCRT:MSVCR71.dll
 0001:00042d5e       _strcat                    10043d5e f   MSVCRT:MSVCR71.dll
 0001:00042d64       __CRT_INIT@12              10043d64 f   MSVCRT:crtdll.obj
 0001:00042e22       __DllMainCRTStartup@12     10043e22 f   MSVCRT:crtdll.obj
 0001:00042f06       _strncpy                   10043f06 f   MSVCRT:MSVCR71.dll
 0001:00042f10       __alloca_probe             10043f10     MSVCRT:chkstk.obj
 0001:00042f10       __chkstk                   10043f10 f   MSVCRT:chkstk.obj
 0001:00042f4e       _longjmp                   10043f4e f   MSVCRT:MSVCR71.dll
 0001:00042f54       _strrchr                   10043f54 f   MSVCRT:MSVCR71.dll
 0001:00042f5a       __setjmp3                  10043f5a f   MSVCRT:MSVCR71.dll
 0001:00042f60       _calloc                    10043f60 f   MSVCRT:MSVCR71.dll
 0001:00042f66       _ldexp                     10043f66 f   MSVCRT:MSVCR71.dll
 0001:00042f6c       _realloc                   10043f6c f   MSVCRT:MSVCR71.dll
 0001:00042f72       _strncmp                   10043f72 f   MSVCRT:MSVCR71.dll
 0001:00042f78       __initterm                 10043f78 f   MSVCRT:MSVCR71.dll
 0001:00042f7e       __onexit                   10043f7e f   MSVCRT:atonexit.obj
 0001:00042fa4       _atexit                    10043fa4 f   MSVCRT:atonexit.obj
 0001:00042fb6       __RTC_Initialize           10043fb6 f   MSVCRT:initsect.obj
 0001:00042ffa       __RTC_Terminate            10043ffa f   MSVCRT:initsect.obj
 0001:0004303e       ___CppXcptFilter           1004403e f   MSVCRT:MSVCR71.dll
 0001:00043044       _DllMain@12                10044044 f   MSVCRT:dllmain.obj
 0001:00043064       __SEH_prolog               10044064 f   MSVCRT:sehprolg.obj
 0001:0004309f       __SEH_epilog               1004409f f   MSVCRT:sehprolg.obj
 0001:000430b0       __except_handler3          100440b0 f   MSVCRT:MSVCR71.dll
 0001:000430b6       ___dllonexit               100440b6 f   MSVCRT:MSVCR71.dll
 0001:000430bc       _DisableThreadLibraryCalls@4 100440bc f   kernel32:KERNEL32.dll
 0002:00000000       __imp__DisableThreadLibraryCalls@4 10045000     kernel32:KERNEL32.dll
 0002:00000004       \177KERNEL32_NULL_THUNK_DATA 10045004     kernel32:KERNEL32.dll
 0002:00000008       __imp___onexit             10045008     MSVCRT:MSVCR71.dll
 0002:0000000c       __imp____dllonexit         1004500c     MSVCRT:MSVCR71.dll
 0002:00000010       __imp___except_handler3    10045010     MSVCRT:MSVCR71.dll
 0002:00000014       __imp____CppXcptFilter     10045014     MSVCRT:MSVCR71.dll
 0002:00000018       __imp___adjust_fdiv        10045018     MSVCRT:MSVCR71.dll
 0002:0000001c       __imp___initterm           1004501c     MSVCRT:MSVCR71.dll
 0002:00000020       __imp__strncmp             10045020     MSVCRT:MSVCR71.dll
 0002:00000024       __imp__realloc             10045024     MSVCRT:MSVCR71.dll
 0002:00000028       __imp__ldexp               10045028     MSVCRT:MSVCR71.dll
 0002:0000002c       __imp__calloc              1004502c     MSVCRT:MSVCR71.dll
 0002:00000030       __imp___setjmp3            10045030     MSVCRT:MSVCR71.dll
 0002:00000034       __imp__strrchr             10045034     MSVCRT:MSVCR71.dll
 0002:00000038       __imp__longjmp             10045038     MSVCRT:MSVCR71.dll
 0002:0000003c       __imp__strncpy             1004503c     MSVCRT:MSVCR71.dll
 0002:00000040       __imp__strcat              10045040     MSVCRT:MSVCR71.dll
 0002:00000044       __imp__strlen              10045044     MSVCRT:MSVCR71.dll
 0002:00000048       __imp__sprintf             10045048     MSVCRT:MSVCR71.dll
 0002:0000004c       __imp__strcmp              1004504c     MSVCRT:MSVCR71.dll
 0002:00000050       __imp__atan2               10045050     MSVCRT:MSVCR71.dll
 0002:00000054       __imp__pow                 10045054     MSVCRT:MSVCR71.dll
 0002:00000058       __imp__fabs                10045058     MSVCRT:MSVCR71.dll
 0002:0000005c       __imp__sin                 1004505c     MSVCRT:MSVCR71.dll
 0002:00000060       __imp__cos                 10045060     MSVCRT:MSVCR71.dll
 0002:00000064       __imp__acos                10045064     MSVCRT:MSVCR71.dll
 0002:00000068       __imp___ftol               10045068     MSVCRT:MSVCR71.dll
 0002:0000006c       __imp__sqrt                1004506c     MSVCRT:MSVCR71.dll
 0002:00000070       __imp__malloc              10045070     MSVCRT:MSVCR71.dll
 0002:00000074       __imp__free                10045074     MSVCRT:MSVCR71.dll
 0002:00000078       __imp__fread               10045078     MSVCRT:MSVCR71.dll
 0002:0000007c       __imp__fwrite              1004507c     MSVCRT:MSVCR71.dll
 0002:00000080       __imp__ceil                10045080     MSVCRT:MSVCR71.dll
 0002:00000084       __imp__floor               10045084     MSVCRT:MSVCR71.dll
 0002:00000088       \177MSVCR71_NULL_THUNK_DATA 10045088     MSVCRT:MSVCR71.dll
 0002:0000008c       __imp__ssRegisterDataTypeFxpFSlopeFixExpBias 1004508c     libfixedpoint:libfixedpoint.dll
 0002:00000090       \177libfixedpoint_NULL_THUNK_DATA 10045090     libfixedpoint:libfixedpoint.dll
 0002:00000094       __imp__mexFunctionName     10045094     libmex:libmex.dll
 0002:00000098       __imp__mexLock             10045098     libmex:libmex.dll
 0002:0000009c       __imp__mexGetVariable      1004509c     libmex:libmex.dll
 0002:000000a0       __imp__mexPutVariable      100450a0     libmex:libmex.dll
 0002:000000a4       __imp__mexMakeArrayPersistent 100450a4     libmex:libmex.dll
 0002:000000a8       __imp__mexUnlock           100450a8     libmex:libmex.dll
 0002:000000ac       __imp__mexIsLocked         100450ac     libmex:libmex.dll
 0002:000000b0       __imp__mexWarnMsgTxt       100450b0     libmex:libmex.dll
 0002:000000b4       __imp__mexCallMATLAB       100450b4     libmex:libmex.dll
 0002:000000b8       __imp__mexErrMsgTxt        100450b8     libmex:libmex.dll
 0002:000000bc       __imp__mexSetTrapFlag      100450bc     libmex:libmex.dll
 0002:000000c0       \177libmex_NULL_THUNK_DATA 100450c0     libmex:libmex.dll
 0002:000000c4       __imp__mxIsLogicalScalarTrue 100450c4     libmx:libmx.dll
 0002:000000c8       __imp__mxCreateCellMatrix  100450c8     libmx:libmx.dll
 0002:000000cc       __imp__mxSetCell           100450cc     libmx:libmx.dll
 0002:000000d0       __imp__mxGetFieldByNumber  100450d0     libmx:libmx.dll
 0002:000000d4       __imp__mxCreateLogicalScalar 100450d4     libmx:libmx.dll
 0002:000000d8       __imp__mxSetFieldByNumber  100450d8     libmx:libmx.dll
 0002:000000dc       __imp__mxGetField          100450dc     libmx:libmx.dll
 0002:000000e0       __imp__mxCreateDoubleScalar 100450e0     libmx:libmx.dll
 0002:000000e4       __imp__mxSetField          100450e4     libmx:libmx.dll
 0002:000000e8       __imp__mxCreateDoubleMatrix 100450e8     libmx:libmx.dll
 0002:000000ec       __imp__mxGetCell           100450ec     libmx:libmx.dll
 0002:000000f0       __imp__mxCreateNumericArray 100450f0     libmx:libmx.dll
 0002:000000f4       __imp__mxGetNumberOfDimensions 100450f4     libmx:libmx.dll
 0002:000000f8       __imp__mxGetDimensions     100450f8     libmx:libmx.dll
 0002:000000fc       __imp__mxCalcSingleSubscript 100450fc     libmx:libmx.dll
 0002:00000100       __imp__mxCreateNumericMatrix 10045100     libmx:libmx.dll
 0002:00000104       __imp__mxGetNumberOfElements 10045104     libmx:libmx.dll
 0002:00000108       __imp__mxGetImagData       10045108     libmx:libmx.dll
 0002:0000010c       __imp__mxGetData           1004510c     libmx:libmx.dll
 0002:00000110       __imp__mxGetClassName      10045110     libmx:libmx.dll
 0002:00000114       __imp__mxIsEmpty           10045114     libmx:libmx.dll
 0002:00000118       __imp__mxDuplicateArray    10045118     libmx:libmx.dll
 0002:0000011c       __imp__mxArrayToString     1004511c     libmx:libmx.dll
 0002:00000120       __imp__mxFree              10045120     libmx:libmx.dll
 0002:00000124       __imp__mxDestroyArray      10045124     libmx:libmx.dll
 0002:00000128       __imp__mxIsLogical         10045128     libmx:libmx.dll
 0002:0000012c       __imp__mxGetScalar         1004512c     libmx:libmx.dll
 0002:00000130       __imp__mxCalloc            10045130     libmx:libmx.dll
 0002:00000134       __imp__mxGetM              10045134     libmx:libmx.dll
 0002:00000138       __imp__mxGetN              10045138     libmx:libmx.dll
 0002:0000013c       __imp__mxIsComplex         1004513c     libmx:libmx.dll
 0002:00000140       __imp__mxIsNumeric         10045140     libmx:libmx.dll
 0002:00000144       __imp__mxGetClassID        10045144     libmx:libmx.dll
 0002:00000148       __imp__mxCreateString      10045148     libmx:libmx.dll
 0002:0000014c       __imp__mxIsChar            1004514c     libmx:libmx.dll
 0002:00000150       __imp__mxGetString         10045150     libmx:libmx.dll
 0002:00000154       __imp__mxGetInf            10045154     libmx:libmx.dll
 0002:00000158       __imp__mxGetNaN            10045158     libmx:libmx.dll
 0002:0000015c       __imp__mxIsInf             1004515c     libmx:libmx.dll
 0002:00000160       __imp__mxIsNaN             10045160     libmx:libmx.dll
 0002:00000164       __imp__mxCreateStructMatrix 10045164     libmx:libmx.dll
 0002:00000168       __imp__mxGetPr             10045168     libmx:libmx.dll
 0002:0000016c       \177libmx_NULL_THUNK_DATA  1004516c     libmx:libmx.dll
 0002:00000170       __imp__utVSNprintf         10045170     libut:libut.dll
 0002:00000174       __imp__utCPUtime           10045174     libut:libut.dll
 0002:00000178       \177libut_NULL_THUNK_DATA  10045178     libut:libut.dll
 0002:00000408       __real@41dfb6c9ac800000    10045408     c1_MPC_framework.obj
 0002:00000410       __real@41dae4687a400000    10045410     c1_MPC_framework.obj
 0002:00000418       __real@41e8089817200000    10045418     c1_MPC_framework.obj
 0002:00000420       __real@41c6226255000000    10045420     c1_MPC_framework.obj
 0002:00000428       __real@4014000000000000    10045428     c1_MPC_framework.obj
 0002:00000430       __real@4020000000000000    10045430     c1_MPC_framework.obj
 0002:00000438       __real@4026000000000000    10045438     c1_MPC_framework.obj
 0002:00000440       __real@4000000000000000    10045440     c1_MPC_framework.obj
 0002:00000448       __real@4022000000000000    10045448     c1_MPC_framework.obj
 0002:00000450       __real@0000000000000000    10045450     c1_MPC_framework.obj
 0002:00000458       __real@4008000000000000    10045458     c1_MPC_framework.obj
 0002:00000460       __real@3ff0000000000000    10045460     c1_MPC_framework.obj
 0002:00000468       __real@41e1318455c00000    10045468     c1_MPC_framework.obj
 0002:00000470       __real@41c46be387000000    10045470     c1_MPC_framework.obj
 0002:00000478       __real@41e9419698800000    10045478     c1_MPC_framework.obj
 0002:00000480       __real@41cc3fad01000000    10045480     c1_MPC_framework.obj
 0002:00000488       __real@406fe00000000000    10045488     c1_MPC_framework.obj
 0002:00000490       __real@3fe0000000000000    10045490     c1_MPC_framework.obj
 0002:00000498       __real@40c00000            10045498     c1_MPC_framework.obj
 0002:0000049c       __real@40000000            1004549c     c1_MPC_framework.obj
 0002:000004a0       __real@3f800000            100454a0     c1_MPC_framework.obj
 0002:000004a4       __real@41000000            100454a4     c1_MPC_framework.obj
 0002:000004a8       __real@41100000            100454a8     c1_MPC_framework.obj
 0002:000004ac       __real@40400000            100454ac     c1_MPC_framework.obj
 0002:000004b0       __real@40800000            100454b0     c1_MPC_framework.obj
 0002:000004b4       __real@40a00000            100454b4     c1_MPC_framework.obj
 0002:000004b8       __real@40e00000            100454b8     c1_MPC_framework.obj
 0002:000004bc       __real@00000000            100454bc     c1_MPC_framework.obj
 0002:000004c0       _DYNAMIC_DIMENSION_DEF     100454c0     MPC_framework_sfun_registry.obj
 0002:000004d0       __ssBadLevel2InputAccessMsg 100454d0     MPC_framework_sfun_registry.obj
 0002:00000658       __ssBadLevel2DirectFeedMsg 10045658     MPC_framework_sfun_registry.obj
 0002:00000798       __ssBadLevel2DirectFeedSolutionMsg 10045798     MPC_framework_sfun_registry.obj
 0002:00000808       __ssBadLevel2ZeroDirectFeedMsg 10045808     MPC_framework_sfun_registry.obj
 0002:00000948       __ssBadLevel2ZeroDirectFeedMsg2 10045948     MPC_framework_sfun_registry.obj
 0002:00000a30       __real@4153d65940000000    10045a30     MPC_framework_sfun_registry.obj
 0002:00000a38       __real@41e028bf28a00000    10045a38     MPC_framework_sfun.obj
 0002:00000a40       __real@41ca7833ae000000    10045a40     MPC_framework_sfun.obj
 0002:00000a48       __real@41aca21f2a000000    10045a48     MPC_framework_sfun.obj
 0002:00000a50       __real@41ead957c5200000    10045a50     MPC_framework_sfun.obj
 0002:00000a58       __real@41dd03491b000000    10045a58     MPC_framework_sfun.obj
 0002:00000a60       __real@41e75ab5b8600000    10045a60     MPC_framework_sfun.obj
 0002:00000a68       __real@41d6b70136800000    10045a68     MPC_framework_sfun.obj
 0002:00000a70       __real@41e3ebc8ef000000    10045a70     MPC_framework_sfun.obj
 0002:00000a78       __real@41e2955d71800000    10045a78     MPC_framework_sfun.obj
 0002:00000a80       __real@41ad7e0b08000000    10045a80     MPC_framework_sfun.obj
 0002:00000a88       __real@41e77c6caaa00000    10045a88     MPC_framework_sfun.obj
 0002:00000a90       __real@41d585ba4cc00000    10045a90     MPC_framework_sfun.obj
 0002:00000a98       __real@41e06e4286400000    10045a98     MPC_framework_sfun.obj
 0002:00000aa0       __real@41e323671ea00000    10045aa0     MPC_framework_sfun.obj
 0002:00000aa8       __real@41e56a5c0cc00000    10045aa8     MPC_framework_sfun.obj
 0002:00000ab0       __real@41e541b23ec00000    10045ab0     MPC_framework_sfun.obj
 0002:00000ab8       __real@41f0000000000000    10045ab8     sfc_mexmsvc71:sfc_mex.obj
 0002:00000ac0       ??_C@_0CC@DJOAOECF@Unknown?5MATLAB?5error?5encountered@ 10045ac0     sfc_mexmsvc71:sfc_mex.obj
 0002:00000ae4       ??_C@_0CJ@DAIIKGLI@?$CFs?5in?5?$CFs?5should?5never?5be?5called?5@ 10045ae4     sfc_mexmsvc71:sfc_mex.obj
 0002:00000b10       ??_C@_0CE@ICKLNELB@Error?5calling?5MATLAB?5function?5?8?$CF@ 10045b10     sfc_mexmsvc71:sfc_mex.obj
 0002:00000b34       ??_C@_02DKCKIIND@?$CFs?$AA@ 10045b34     sfc_mexmsvc71:sfc_mex.obj
 0002:00000b38       ??_C@_07PHDIELCI@lasterr?$AA@ 10045b38     sfc_mexmsvc71:sfc_mex.obj
 0002:00000b40       ??_C@_05DGLCPCBN@?$CFsx?$CFd?$AA@ 10045b40     sfc_mexmsvc71:sfc_mex.obj
 0002:00000b48       ??_C@_02DPKJAMEF@?$CFd?$AA@ 10045b48     sfc_mexmsvc71:sfc_mex.obj
 0002:00000b4c       ??_C@_0CC@MIAOEADN@Stateflow?5Runtime?5Error?5?$CIchart?$CJ?3@ 10045b4c     sfc_mexmsvc71:sfc_mex.obj
 0002:00000b70       ??_C@_0EF@IGDCPBDD@Size?5mismatch?5for?5MATLAB?5express@ 10045b70     sfc_mexmsvc71:sfc_mex.obj
 0002:00000bb8       ??_C@_0GG@DILMLHEF@Simulation?5stopped?5due?5to?5array?5@ 10045bb8     sfc_mexmsvc71:sfc_mex.obj
 0002:00000c20       ??_C@_0DK@JJKHINMK@Overflow?5detected?4?5Enable?5debugg@ 10045c20     sfc_mexmsvc71:sfc_mex.obj
 0002:00000c60       ??_C@_0EA@POIJMBCP@Divide?5by?5zero?5detected?4?5Enable?5@ 10045c60     sfc_mexmsvc71:sfc_mex.obj
 0002:00000ca0       ??_C@_0EB@HHPLBHBA@Parameter?5value?5out?5of?5bounds?4?5?$CF@ 10045ca0     sfc_mexmsvc71:sfc_mex.obj
 0002:00000ce4       ??_C@_07JFPGMOK@fprintf?$AA@ 10045ce4     sfc_mexmsvc71:sfc_mex.obj
 0002:00000cec       ??_C@_0M@EGMNDJHO@?$CFs?5?$DN?5?$CF?415g?6?$AA@ 10045cec     sfc_mexmsvc71:sfc_mex.obj
 0002:00000cf8       ??_C@_03OFAPEBGM@?$CFs?6?$AA@ 10045cf8     sfc_mexmsvc71:sfc_mex.obj
 0002:00000cfc       ??_C@_0CL@LLBJDFID@failed?5sf_assertion?5in?5?$CFs?5at?5lin@ 10045cfc     sfc_mexmsvc71:sfc_mex.obj
 0002:00000d28       ??_C@_0EI@HJNNACGI@Eval?5of?5MATLAB?5expression?5?8?$CFs?8?5i@ 10045d28     sfc_mexmsvc71:sfc_mex.obj
 0002:00000d70       ??_C@_0DM@BJICAGGK@Stateflow?5currently?5only?5support@ 10045d70     sfc_mexmsvc71:sfc_mex.obj
 0002:00000dac       ??_C@_05LAPONLG@false?$AA@ 10045dac     sfc_mexmsvc71:sfc_mex.obj
 0002:00000db4       ??_C@_03LHCJEHON@nan?$AA@  10045db4     sfc_mexmsvc71:sfc_mex.obj
 0002:00000db8       ??_C@_06PLMANNP@evalin?$AA@ 10045db8     sfc_mexmsvc71:sfc_mex.obj
 0002:00000dc0       ??_C@_04BHIIPFEC@base?$AA@ 10045dc0     sfc_mexmsvc71:sfc_mex.obj
 0002:00000dc8       ??_C@_04KGAGIKCD@eval?$AA@ 10045dc8     sfc_mexmsvc71:sfc_mex.obj
 0002:00000dd0       ??_C@_06GFECGKEO@caller?$AA@ 10045dd0     sfc_mexmsvc71:sfc_mex.obj
 0002:00000dd8       ??_C@_0CM@LOMLNLMC@Invalid?5workspace?5type?5for?5sf_ma@ 10045dd8     sfc_mexmsvc71:sfc_mex.obj
 0002:00000e04       ??_C@_09JCLLFAHO@sfc_mex?4c?$AA@ 10045e04     sfc_mexmsvc71:sfc_mex.obj
 0002:00000e10       ??_C@_01GBGANLPD@0?$AA@    10045e10     sfc_mexmsvc71:sfc_mex.obj
 0002:00000e14       ??_C@_06FJKEMHGD@global?$AA@ 10045e14     sfc_mexmsvc71:sfc_mex.obj
 0002:00000e1c       ??_C@_0BH@HNIMIIFD@Unknown?5workspace?5type?$AA@ 10045e1c     sfc_mexmsvc71:sfc_mex.obj
 0002:00000e34       ??_C@_08KHPDDPHG@getfield?$AA@ 10045e34     sfc_mexmsvc71:sfc_mex.obj
 0002:00000e40       ??_C@_05LPIJGKJ@Value?$AA@ 10045e40     sfc_mexmsvc71:sfc_mex.obj
 0002:00000e48       ??_C@_0DA@IPMLFPJI@MATLAB?5expression?5?8?$CFs?8?5could?5not@ 10045e48     sfc_mexmsvc71:sfc_mex.obj
 0002:00000e78       ??_C@_0CB@DBMOOMDL@Unsupported?5class?5type?5?$CFs?5for?5?$CFs@ 10045e78     sfc_mexmsvc71:sfc_mex.obj
 0002:00000e9c       ??_C@_0BI@OPNKAIOC@mxIsComplex?$CImxArrayPtr?$CJ?$AA@ 10045e9c     sfc_mexmsvc71:sfc_mex.obj
 0002:00000eb8       ??_C@_0GA@OFLPCMBM@Stateflow?5Runtime?5Warning?3?5Loss?5@ 10045eb8     sfc_mexmsvc71:sfc_mex.obj
 0002:00000f18       __real@3810000000000000    10045f18     sfc_mexmsvc71:sfc_mex.obj
 0002:00000f20       __real@47efffffe0000000    10045f20     sfc_mexmsvc71:sfc_mex.obj
 0002:00000f28       __real@c060000000000000    10045f28     sfc_mexmsvc71:sfc_mex.obj
 0002:00000f30       __real@405fc00000000000    10045f30     sfc_mexmsvc71:sfc_mex.obj
 0002:00000f38       __real@c0e0000000000000    10045f38     sfc_mexmsvc71:sfc_mex.obj
 0002:00000f40       __real@40dfffc000000000    10045f40     sfc_mexmsvc71:sfc_mex.obj
 0002:00000f48       __real@40efffe000000000    10045f48     sfc_mexmsvc71:sfc_mex.obj
 0002:00000f50       __real@c1e0000000000000    10045f50     sfc_mexmsvc71:sfc_mex.obj
 0002:00000f58       __real@41dfffffffc00000    10045f58     sfc_mexmsvc71:sfc_mex.obj
 0002:00000f60       __real@41efffffffe00000    10045f60     sfc_mexmsvc71:sfc_mex.obj
 0002:00000f68       ??_C@_0DC@ECODOMID@Assignment?5of?5complex?5data?5?$CFs?5to@ 10045f68     sfc_mexmsvc71:sfc_mex.obj
 0002:00000f9c       ??_C@_0CF@NHFFCIEB@MATLAB?5function?5?8?$CFs?8?5returned?5NU@ 10045f9c     sfc_mexmsvc71:sfc_mex.obj
 0002:00000fc8       ??_C@_0GP@JPKMBIEI@Array?5bounds?5error?5in?5MATLAB?5exp@ 10045fc8     sfc_mexmsvc71:sfc_mex.obj
 0002:00001038       ??_C@_0P@FLJFOPHI@pIndex?$FLi?$FN?5?$DO?$DN?50?$AA@ 10046038     sfc_mexmsvc71:sfc_mex.obj
 0002:00001048       ??_C@_0DI@IGEABFHB@MATLAB?5expression?5?8?$CFs?8?5has?5?$CFd?5di@ 10046048     sfc_mexmsvc71:sfc_mex.obj
 0002:00001080       ??_C@_0L@EFLJKPA@mxArrayPtr?$AA@ 10046080     sfc_mexmsvc71:sfc_mex.obj
 0002:0000108c       ??_C@_0CK@FHKKOEPH@numDims?5?$DO?$DN?50?5?$CG?$CG?5numDims?5?$DM?$DN?5MAX_D@ 1004608c     sfc_mexmsvc71:sfc_mex.obj
 0002:000010b8       ??_C@_0EM@MPIDLJBF@MATLAB?5expression?5?8?$CFs?8?5subscript@ 100460b8     sfc_mexmsvc71:sfc_mex.obj
 0002:00001104       ??_C@_0CI@KBLJAMNB@MATLAB?5expression?5?8?$CFs?8?5is?5not?5nu@ 10046104     sfc_mexmsvc71:sfc_mex.obj
 0002:0000112c       ??_C@_0CB@OIPJNEEJ@MATLAB?5expression?5?8?$CFs?8?5is?5empty?6@ 1004612c     sfc_mexmsvc71:sfc_mex.obj
 0002:00001150       ??_C@_0BD@GAHDCPBG@mxArrayPtr?5?$CB?$DN?5NULL?$AA@ 10046150     sfc_mexmsvc71:sfc_mex.obj
 0002:00001168       ??_C@_0EJ@MIHEOKKA@?8?$CFs?8?3?5Array?5with?5number?5of?5dimen@ 10046168     sfc_mexmsvc71:sfc_mex.obj
 0002:000011b4       ??_C@_0N@CODPPOAP@numDims?5?$DO?$DN?50?$AA@ 100461b4     sfc_mexmsvc71:sfc_mex.obj
 0002:000011c4       ??_C@_04IGKKBJEE@?$DN?$CFg?$DL?$AA@ 100461c4     sfc_mexmsvc71:sfc_mex.obj
 0002:000011cc       ??_C@_01PKGAHCOL@?$CJ?$AA@ 100461cc     sfc_mexmsvc71:sfc_mex.obj
 0002:000011d0       ??_C@_03LEIBKMN@?0?$CFd?$AA@ 100461d0     sfc_mexmsvc71:sfc_mex.obj
 0002:000011d4       ??_C@_03IECKINJK@?$CI?$CFd?$AA@ 100461d4     sfc_mexmsvc71:sfc_mex.obj
 0002:000011d8       ??_C@_0FB@HKJNNBFK@Stateflow?5ml?5type?5data?5?8?$CFs?8?5subs@ 100461d8     sfc_mexmsvc71:sfc_mex.obj
 0002:0000122c       ??_C@_0CN@HPHHCDPK@Stateflow?5ml?5type?5data?5?8?$CFs?8?5is?5n@ 1004622c     sfc_mexmsvc71:sfc_mex.obj
 0002:0000125c       ??_C@_0CG@JIOBALFE@Stateflow?5ml?5type?5data?5?8?$CFs?8?5is?5e@ 1004625c     sfc_mexmsvc71:sfc_mex.obj
 0002:00001284       ??_C@_0CF@HCINMAFF@result?5?$DN?5mxCreateDoubleScalar?$CIva@ 10046284     sfc_mexmsvc71:sfc_mex.obj
 0002:000012b0       ??_C@_0EG@HENMFBGO@Array?5?$CFs?5with?5number?5of?5dimensio@ 100462b0     sfc_mexmsvc71:sfc_mex.obj
 0002:000012f8       ??_C@_02GFKODMMF@sf?$AA@   100462f8     sfc_mexmsvc71:sfc_mex.obj
 0002:000012fc       ??_C@_0BF@GAJKLFOH@fixpt_lower_mx_array?$AA@ 100462fc     sfc_mexmsvc71:sfc_mex.obj
 0002:00001314       ??_C@_02FINOOIBE@Cg?$AA@   10046314     sfc_mexmsvc71:sfc_mex.obj
 0002:00001318       ??_C@_0BM@GLPKMNKM@sf_get_reference_block_name?$AA@ 10046318     sfc_mexmsvc71:sfc_sf.obj
 0002:00001334       ??_C@_07CFINJGKH@Private?$AA@ 10046334     sfc_mexmsvc71:sfc_sf.obj
 0002:00001340       ??_C@_0FP@OGBKADON@The?5chart?5name?5?4?4?4?$CFs?5is?5not?5pres@ 10046340     sfc_mexmsvc71:sfc_sf.obj
 0002:000013a0       ??_C@_0FM@KEMGDKHM@The?5chart?5name?5?$CFs?5is?5not?5present@ 100463a0     sfc_mexmsvc71:sfc_sf.obj
 0002:000013fc       ??_C@_0BD@NMFAPBEK@mdlInitializeSizes?$AA@ 100463fc     sfc_mexmsvc71:sfc_sf.obj
 0002:00001410       ??_C@_06EJFCAODB@sfc_sf?$AA@ 10046410     sfc_mexmsvc71:sfc_sf.obj
 0002:00001418       ??_C@_0BJ@PBIFPMMD@mdlInitializeSampleTimes?$AA@ 10046418     sfc_mexmsvc71:sfc_sf.obj
 0002:00001438       ??_C@_0JD@GBCPGGD@Stateflow?5Internal?5Error?3?5?6rtw_o@ 10046438     sfc_mexmsvc71:sfc_sf.obj
 0002:000014d0       ??_C@_0HB@BIMCDDAL@Stateflow?5Internal?5Error?3?5?6Error@ 100464d0     sfc_mexmsvc71:sfc_sf.obj
 0002:00001544       ??_C@_0BG@PNKGMGHF@rtw_optimization_info?$AA@ 10046544     sfc_mexmsvc71:sfc_sf.obj
 0002:0000155c       ??_C@_0BA@PHPHFLPF@chart_inlinable?$AA@ 1004655c     sfc_mexmsvc71:sfc_sf.obj
 0002:0000156c       ??_C@_0BH@LOHOLOCJ@instance_optimized_out?$AA@ 1004656c     sfc_mexmsvc71:sfc_sf.obj
 0002:00001588       ??_C@_0MF@FGJMMBFO@Stateflow?5Internal?5Error?3?5?6Numbe@ 10046588     sfc_mexmsvc71:sfc_sf.obj
 0002:00001650       ??_C@_0CA@GOKFFBBO@outputEventsWithMultipleCallers?$AA@ 10046650     sfc_mexmsvc71:sfc_sf.obj
 0002:00001670       ??_C@_0LL@PAHBOILO@Stateflow?5Internal?5Error?3?5?6Numbe@ 10046670     sfc_mexmsvc71:sfc_sf.obj
 0002:0000172c       ??_C@_0BB@GEEDBOGK@reusable_outputs?$AA@ 1004672c     sfc_mexmsvc71:sfc_sf.obj
 0002:00001740       ??_C@_0IN@PBHDLIF@Stateflow?5Internal?5Error?3?5?6Chart@ 10046740     sfc_mexmsvc71:sfc_sf.obj
 0002:000017d0       ??_C@_0JF@CMMLIKCG@Stateflow?5Internal?5Error?3?5?6Chart@ 100467d0     sfc_mexmsvc71:sfc_sf.obj
 0002:00001868       ??_C@_0BH@GBINPBCO@chart_instance_typedef?$AA@ 10046868     sfc_mexmsvc71:sfc_sf.obj
 0002:00001880       ??_C@_0II@FEBCOBGA@Stateflow?5Internal?5Error?3?5?6Numbe@ 10046880     sfc_mexmsvc71:sfc_sf.obj
 0002:00001908       ??_C@_0BG@HMMHPAKE@expressionable_inputs?$AA@ 10046908     sfc_mexmsvc71:sfc_sf.obj
 0002:00001920       ??_C@_01CELHOKLL@?$HN?$AA@ 10046920     sfc_mexmsvc71:sfc_sf.obj
 0002:00001924       ??_C@_0BA@OMJBIEIL@SymbolMapping?5?$HL?$AA@ 10046924     sfc_mexmsvc71:sfc_sf.obj
 0002:00001934       ??_C@_07MMIKLHCA@defines?$AA@ 10046934     sfc_mexmsvc71:sfc_sf.obj
 0002:0000193c       ??_C@_09CEAIPAHE@functions?$AA@ 1004693c     sfc_mexmsvc71:sfc_sf.obj
 0002:00001948       ??_C@_09PNCJPHGM@sfSymbols?$AA@ 10046948     sfc_mexmsvc71:sfc_sf.obj
 0002:00001954       ??_C@_0BB@MBBOKNEL@listen_for_ctrlc?$AA@ 10046954     sfc_mexmsvc71:sfc_sf.obj
 0002:00001968       ??_C@_03LOANPFAI@mex?$AA@  10046968     sfc_mexmsvc71:sfc_sf.obj
 0002:0000196c       ??_C@_07HLHKBCBI@sfdebug?$AA@ 1004696c     sfc_mexmsvc71:sfc_sf.obj
 0002:00001974       ??_C@_07MFNNEMOJ@drawnow?$AA@ 10046974     sfc_mexmsvc71:sfc_sf.obj
 0002:00001980       __real@3fd3333333333333    10046980     sfc_mexmsvc71:sfc_sf.obj
 0002:00001988       ??_C@_0DG@OJBAPEMA@Internal?5Error?3?5paramsIndex?5?$DN?5?$CFd@ 10046988     sfc_mexmsvc71:sfc_sf.obj
 0002:000019c0       ??_C@_0BAI@GPDPHGCD@Cannot?5broadcast?5function?5call?5o@ 100469c0     sfc_mexmsvc71:sfc_sf.obj
 0002:00001ac8       ??_C@_0BBC@NGKHEJAF@Cannot?5enable?1disable?5function?5c@ 10046ac8     sfc_mexmsvc71:sfc_sf.obj
 0002:00001bdc       ??_C@_0BN@KPDDGKGG@complex?5data?5not?5allowed?5yet?$AA@ 10046bdc     sfc_mexmsvc71:sfc_sf.obj
 0002:00001bfc       ??_C@_09LHPHPAOE@isComplex?$AA@ 10046bfc     sfc_mexmsvc71:sfc_sf.obj
 0002:00001c08       ??_C@_0CB@NPNHFFPH@fixed?5point?5data?5not?5allowed?5yet@ 10046c08     sfc_mexmsvc71:sfc_sf.obj
 0002:00001c2c       ??_C@_07GOBOHMJA@boolean?$AA@ 10046c2c     sfc_mexmsvc71:sfc_sf.obj
 0002:00001c34       ??_C@_06PKDKHAMA@uint32?$AA@ 10046c34     sfc_mexmsvc71:sfc_sf.obj
 0002:00001c3c       ??_C@_05GIMEPBJB@int32?$AA@ 10046c3c     sfc_mexmsvc71:sfc_sf.obj
 0002:00001c44       ??_C@_06JNNCGBKK@uint16?$AA@ 10046c44     sfc_mexmsvc71:sfc_sf.obj
 0002:00001c4c       ??_C@_05PCMOAPL@int16?$AA@ 10046c4c     sfc_mexmsvc71:sfc_sf.obj
 0002:00001c54       ??_C@_05BOGOCLFF@uint8?$AA@ 10046c54     sfc_mexmsvc71:sfc_sf.obj
 0002:00001c5c       ??_C@_04DCGBOBJJ@int8?$AA@ 10046c5c     sfc_mexmsvc71:sfc_sf.obj
 0002:00001c64       ??_C@_06EJFMBPJF@single?$AA@ 10046c64     sfc_mexmsvc71:sfc_sf.obj
 0002:00001c6c       ??_C@_06BNJCAIGJ@double?$AA@ 10046c6c     sfc_mexmsvc71:sfc_sf.obj
 0002:00001c74       ??_C@_04GPMDFGEJ@type?$AA@ 10046c74     sfc_mexmsvc71:sfc_sf.obj
 0002:00001c7c       ??_C@_0CH@IMCOEHML@multi?9dimensional?5data?5not?5allow@ 10046c7c     sfc_mexmsvc71:sfc_sf.obj
 0002:00001ca4       ??_C@_04IAGNFIBA@size?$AA@ 10046ca4     sfc_mexmsvc71:sfc_sf.obj
 0002:00001cac       ??_C@_09GAJBGLOB@dworkInfo?$AA@ 10046cac     sfc_mexmsvc71:sfc_sf.obj
 0002:00001cb8       _sf_uint_bits_log2         10046cb8     sfc_debugmsvc71:sfcdebug.obj
 0002:00001cd8       ??_C@_04GKMJMOBJ@disp?$AA@ 10046cd8     sfc_debugmsvc71:sfcdebug.obj
 0002:00001ce0       ??_C@_0N@IHFJDIPG@load_machine?$AA@ 10046ce0     sfc_debugmsvc71:sfcdebug.obj
 0002:00001cf0       ??_C@_0BD@LPIHANBP@State?5Entry?5Action?$AA@ 10046cf0     sfc_debugmsvc71:sfcdebug.obj
 0002:00001d04       ??_C@_0BE@EDAKPKIF@State?5During?5Action?$AA@ 10046d04     sfc_debugmsvc71:sfcdebug.obj
 0002:00001d18       ??_C@_0BC@FKIGLKJE@State?5Exit?5Action?$AA@ 10046d18     sfc_debugmsvc71:sfcdebug.obj
 0002:00001d2c       ??_C@_04CGFJFPFD@none?$AA@ 10046d2c     sfc_debugmsvc71:sfcdebug.obj
 0002:00001d34       ??_C@_0BC@EPJNNAPA@Transition?5Action?$AA@ 10046d34     sfc_debugmsvc71:sfcdebug.obj
 0002:00001d48       ??_C@_0BB@ODEGBFLN@Condition?5Action?$AA@ 10046d48     sfc_debugmsvc71:sfcdebug.obj
 0002:00001d5c       ??_C@_0BO@JIGLNAHF@Transition?5Guarding?5Condition?$AA@ 10046d5c     sfc_debugmsvc71:sfcdebug.obj
 0002:00001d7c       ??_C@_0BD@JMJALEKH@Transition?5Trigger?$AA@ 10046d7c     sfc_debugmsvc71:sfcdebug.obj
 0002:00001d8f       ??_C@_00CNPNBAHC@?$AA@     10046d8f     sfc_debugmsvc71:sfcdebug.obj
 0002:00001d90       ??_C@_0DI@JGHJOLLJ@INTERNAL?5ERROR?4?5Failed?5assertion@ 10046d90     sfc_debugmsvc71:sfcdebug.obj
 0002:00001dc8       ??_C@_01EEMJAFIK@?6?$AA@   10046dc8     sfc_debugmsvc71:sfcdebug.obj
 0002:00001dcc       ??_C@_0P@HHNBJNJA@context_string?$AA@ 10046dcc     sfc_debugmsvc71:sfcdebug.obj
 0002:00001ddc       ??_C@_0DD@ONJAIBKP@?$CImachine?9?$DOdata?4fixedPoint?4flags?$CJ@ 10046ddc     sfc_debugmsvc71:sfcdebug.obj
 0002:00001e10       ??_C@_0L@GJHMCDGO@sfcdebug?4c?$AA@ 10046e10     sfc_debugmsvc71:sfcdebug.obj
 0002:00001e1c       ??_C@_0CM@DLMHEPHO@?$CImachine?9?$DOdata?4isComplex?$CJ?4length@ 10046e1c     sfc_debugmsvc71:sfcdebug.obj
 0002:00001e48       ??_C@_0DE@NNKJKFIM@?$CIchart?9?$DOdata?4fixedPoint?4isSigned@ 10046e48     sfc_debugmsvc71:sfcdebug.obj
 0002:00001e7c       ??_C@_0DB@PGDKFDGO@?$CIchart?9?$DOdata?4fixedPoint?4flags?$CJ?4l@ 10046e7c     sfc_debugmsvc71:sfcdebug.obj
 0002:00001eb0       ??_C@_0CK@EKHHKAEM@?$CIchart?9?$DOdata?4isComplex?$CJ?4length?$DOd@ 10046eb0     sfc_debugmsvc71:sfcdebug.obj
 0002:00001edc       ??_C@_0DA@OMEPAHNH@?$CIchart?9?$DOdata?4outputDataFlags?$CJ?4le@ 10046edc     sfc_debugmsvc71:sfcdebug.obj
 0002:00001f0c       ??_C@_0CP@JPBDBJBK@?$CIchart?9?$DOdata?4inputDataFlags?$CJ?4len@ 10046f0c     sfc_debugmsvc71:sfcdebug.obj
 0002:00001f3c       ??_C@_0BA@FKECJMCE@active_instance?$AA@ 10046f3c     sfc_debugmsvc71:sfcdebug.obj
 0002:00001f4c       ??_C@_0DD@MJFCMKPO@transCnt?5?$DN?$DN?5instance?9?$DOcvToolIds?4@ 10046f4c     sfc_debugmsvc71:sfcdebug.obj
 0002:00001f80       ??_C@_0CO@MONEMJEL@stateCnt?5?$DN?$DN?5instance?9?$DOcvToolIds?4@ 10046f80     sfc_debugmsvc71:sfcdebug.obj
 0002:00001fb0       ??_C@_0O@ELHBEDAD@init_debugger?$AA@ 10046fb0     sfc_debugmsvc71:sfcdebug.obj
 0002:00001fc0       ??_C@_0L@PKOFOKNN@break_here?$AA@ 10046fc0     sfc_debugmsvc71:sfcdebug.obj
 0002:00001fcc       ??_C@_0DD@PKMAPHBF@?$CImachine?9?$DOdata?4watchFlags?$CJ?4lengt@ 10046fcc     sfc_debugmsvc71:sfcdebug.obj
 0002:00002000       ??_C@_0FE@KLPHIMDI@?$CIchart?9?$DOdata?4watchFlags?$CJ?4length?$DO@ 10047000     sfc_debugmsvc71:sfcdebug.obj
 0002:00002054       ??_C@_0BO@GFBPGEIL@bufferSizeGet?5?$DN?$DN?5totalSizeGet?$AA@ 10047054     sfc_debugmsvc71:sfcdebug.obj
 0002:00002074       ??_C@_0BO@BEEPOEDP@bufferSizeSet?5?$DN?$DN?5totalSizeSet?$AA@ 10047074     sfc_debugmsvc71:sfcdebug.obj
 0002:00002094       ??_C@_0BJ@GADAHKGG@temporal_threshold_error?$AA@ 10047094     sfc_debugmsvc71:sfcdebug.obj
 0002:000020b0       ??_C@_0BK@KABIOMCC@transition_conflict_error?$AA@ 100470b0     sfc_debugmsvc71:sfcdebug.obj
 0002:000020cc       ??_C@_0BK@HLPANOPJ@state_inconsistency_error?$AA@ 100470cc     sfc_debugmsvc71:sfcdebug.obj
 0002:000020e8       ??_C@_0BA@PCEGODO@cycle_detection?$AA@ 100470e8     sfc_debugmsvc71:sfcdebug.obj
 0002:000020f8       ??_C@_0DI@CCFNMICL@Simulation?5stopped?5due?5to?5data?5a@ 100470f8     sfc_debugmsvc71:sfcdebug.obj
 0002:00002130       ??_C@_0BD@LFFFHIJG@array_bounds_error?$AA@ 10047130     sfc_debugmsvc71:sfcdebug.obj
 0002:00002144       ??_C@_0P@FIEIFKHH@dataName?$CB?$DNNULL?$AA@ 10047144     sfc_debugmsvc71:sfcdebug.obj
 0002:00002154       ??_C@_0BC@JKFOPCCM@non_integer_error?$AA@ 10047154     sfc_debugmsvc71:sfcdebug.obj
 0002:00002168       ??_C@_09MMCAMPEC@nan_error?$AA@ 10047168     sfc_debugmsvc71:sfcdebug.obj
 0002:00002174       ??_C@_0DA@OEGHOJFO@Simulation?5stopped?5due?5to?5divide@ 10047174     sfc_debugmsvc71:sfcdebug.obj
 0002:000021a4       ??_C@_0P@DAGNNBKM@overflow_error?$AA@ 100471a4     sfc_debugmsvc71:sfcdebug.obj
 0002:000021b4       ??_C@_0BF@IEPBJJM@divide_by_zero_error?$AA@ 100471b4     sfc_debugmsvc71:sfcdebug.obj
 0002:000021cc       ??_C@_0BA@GLGJGIFO@data_loss_error?$AA@ 100471cc     sfc_debugmsvc71:sfcdebug.obj
 0002:000021dc       ??_C@_0BB@LFNCDKMF@data_range_error?$AA@ 100471dc     sfc_debugmsvc71:sfcdebug.obj
 0002:000021f0       __real@4059000000000000    100471f0     sfc_debugmsvc71:sfcdebug.obj
 0002:000021f8       ??_C@_0EL@LHLCBPON@objectType?$DN?$DNEVENT_OBJECT?5?$CG?$CG?5obje@ 100471f8     sfc_debugmsvc71:sfcdebug.obj
 0002:00002244       ??_C@_0CK@BGKNIJPH@Simulation?5stopped?5due?5to?5infini@ 10047244     sfc_debugmsvc71:sfcdebug.obj
 0002:00002270       ??_C@_09DACGJFPO@terminate?$AA@ 10047270     sfc_debugmsvc71:sfcdebug.obj
 0002:00002280       ??_C@_0EC@EKMLJIIP@strlen?$CItargetName?$CJ?$DMsizeof?$CIdebugI@ 10047280     sfc_debugmsvc71:sfcdebug.obj
 0002:000022c4       ??_C@_0P@NDNBPAGO@charts?9?$DOsize?$DO0?$AA@ 100472c4     sfc_debugmsvc71:sfcdebug.obj
 0002:000024a8       ??_C@_0BH@BOIPOAMD@currentoptionalinteger?$AA@ 100474a8     sfc_debugmsvc71:sfc_api.obj
 0002:000024c0       ??_C@_0BI@KDFLIHKN@currentstatementcontext?$AA@ 100474c0     sfc_debugmsvc71:sfc_api.obj
 0002:000024d8       ??_C@_0BF@CJJCNHOP@currentstatementinfo?$AA@ 100474d8     sfc_debugmsvc71:sfc_api.obj
 0002:000024f0       ??_C@_0BA@EEHAMBBL@currentcoverage?$AA@ 100474f0     sfc_debugmsvc71:sfc_api.obj
 0002:00002500       ??_C@_0BD@CPIGBEHM@currentmachinename?$AA@ 10047500     sfc_debugmsvc71:sfc_api.obj
 0002:00002514       ??_C@_0BF@MPNFKHIK@currentmachinenumber?$AA@ 10047514     sfc_debugmsvc71:sfc_api.obj
 0002:0000252c       ??_C@_0BB@EAGFPGEG@currentmachineid?$AA@ 1004752c     sfc_debugmsvc71:sfc_api.obj
 0002:00002540       ??_C@_0P@LDEJFJKJ@simulationtime?$AA@ 10047540     sfc_debugmsvc71:sfc_api.obj
 0002:00002550       ??_C@_0P@CKMPNBM@currenttagtype?$AA@ 10047550     sfc_debugmsvc71:sfc_api.obj
 0002:00002560       ??_C@_0BH@EMAALFDO@currentactiveeventtype?$AA@ 10047560     sfc_debugmsvc71:sfc_api.obj
 0002:00002578       ??_C@_0BF@BIDFPCPF@currentactiveeventid?$AA@ 10047578     sfc_debugmsvc71:sfc_api.obj
 0002:00002590       ??_C@_0BA@LAPNNELA@currentobjectid?$AA@ 10047590     sfc_debugmsvc71:sfc_api.obj
 0002:000025a0       ??_C@_0BB@LLJHHKEI@currenteventtype?$AA@ 100475a0     sfc_debugmsvc71:sfc_api.obj
 0002:000025b4       ??_C@_0BC@BDADCDEL@currentobjecttype?$AA@ 100475b4     sfc_debugmsvc71:sfc_api.obj
[...]
 0001:00022bbf       _c8_a2                     10023bbf f   c8_MPC_framework.obj
 0001:00022bd4       _c8_a3                     10023bd4 f   c8_MPC_framework.obj
 0001:00022be9       _c8_a4                     10023be9 f   c8_MPC_framework.obj
 0001:00022bfe       _c8_a5                     10023bfe f   c8_MPC_framework.obj
 0001:00022c13       _init_dsm_address_info     10023c13 f   c8_MPC_framework.obj
 0001:00022c14       _sf_save_state_c8_MPC_framework 10023c14 f   c8_MPC_framework.obj
 0001:00022c2d       _sf_load_state_c8_MPC_framework 10023c2d f   c8_MPC_framework.obj
 0001:000237c8       _chart_debug_initialization 100247c8 f   c8_MPC_framework.obj
 0001:00023d85       _sf_opaque_initialize_c8_MPC_framework 10024d85 f   c8_MPC_framework.obj
 0001:00023da2       _sf_opaque_enable_c8_MPC_framework 10024da2 f   c8_MPC_framework.obj
 0001:00023dac       _sf_opaque_disable_c8_MPC_framework 10024dac f   c8_MPC_framework.obj
 0001:00023db6       _sf_opaque_gateway_c8_MPC_framework 10024db6 f   c8_MPC_framework.obj
 0001:00023dc0       _sf_opaque_terminate_c8_MPC_framework 10024dc0 f   c8_MPC_framework.obj
 0001:00023dca       _mdlProcessParameters_c8_MPC_framework 10024dca f   c8_MPC_framework.obj
 0001:00023e37       _mdlSetWorkWidths_c8_MPC_framework 10024e37 f   c8_MPC_framework.obj
 0001:0002415b       _mdlRTW_c8_MPC_framework   1002515b f   c8_MPC_framework.obj
 0001:0002419b       _sf_save_debug_c8_MPC_framework 1002519b f   c8_MPC_framework.obj
 0001:00024251       _sf_load_debug_c8_MPC_framework 10025251 f   c8_MPC_framework.obj
 0001:00024308       _sf_c8_MPC_framework_sim_ctx_io 10025308 f   c8_MPC_framework.obj
 0001:00024353       _mdlStart_c8_MPC_framework 10025353 f   c8_MPC_framework.obj
 0001:00024bd0       __ssFatalError             10025bd0 f   MPC_framework_sfun_registry.obj
 0001:00026800       _ProcessMexSfunctionCmdLineCall 10027800 f   MPC_framework_sfun_registry.obj
 0001:000268a0       _mdlZeroCrossings          100278a0 f   MPC_framework_sfun_registry.obj
 0001:000268c0       _mdlGetTimeOfNextVarHit    100278c0 f   MPC_framework_sfun_registry.obj
 0001:000268e0       __ProcessMexSfunctionCmdLineCall 100278e0 f   MPC_framework_sfun_registry.obj
 0001:00026e40       __CreateSimStruct          10027e40 f   MPC_framework_sfun_registry.obj
 0001:00026f60       __RegNumInputPortsCB       10027f60 f   MPC_framework_sfun_registry.obj
 0001:00026fc0       __RegNumOutputPortsCB      10027fc0 f   MPC_framework_sfun_registry.obj
 0001:00027070       _sf_machine_load_sfunction_ptrs 10028070 f   MPC_framework_sfun_registry.obj
 0001:00027950       _is_real_T_equal_to_double 10028950 f   sfc_mexmsvc71:sfc_mex.obj
 0001:00027970       _is_real32_T_equal_to_double 10028970 f   sfc_mexmsvc71:sfc_mex.obj
 0001:00027980       _is_mxLogical_equal_to_double 10028980 f   sfc_mexmsvc71:sfc_mex.obj
 0001:000279b0       _is_int8_T_equal_to_double 100289b0 f   sfc_mexmsvc71:sfc_mex.obj
 0001:000279e0       _is_uint8_T_equal_to_double 100289e0 f   sfc_mexmsvc71:sfc_mex.obj
 0001:00027a10       _is_int16_T_equal_to_double 10028a10 f   sfc_mexmsvc71:sfc_mex.obj
 0001:00027a40       _is_uint16_T_equal_to_double 10028a40 f   sfc_mexmsvc71:sfc_mex.obj
 0001:00027a70       _is_int32_T_equal_to_double 10028a70 f   sfc_mexmsvc71:sfc_mex.obj
 0001:00027a90       _is_uint32_T_equal_to_double 10028a90 f   sfc_mexmsvc71:sfc_mex.obj
 0001:00027ac0       _is_char_T_equal_to_double 10028ac0 f   sfc_mexmsvc71:sfc_mex.obj
 0001:00027b00       _sf_error_append_debugger_context_if_available 10028b00 f   sfc_mexmsvc71:sfc_mex.obj
 0001:00027ba0       _sf_mex_get_error_message_for_write 10028ba0 f   sfc_mexmsvc71:sfc_mex.obj
 0001:00027bd0       _replace_single_quotes_by_doubled_quotes 10028bd0 f   sfc_mexmsvc71:sfc_mex.obj
 0001:00027db0       _sf_mex_get_formatted_error_string 10028db0 f   sfc_mexmsvc71:sfc_mex.obj
 0001:00027f90       _sf_mex_destroy_array      10028f90 f   sfc_mexmsvc71:sfc_mex.obj
 0001:00028000       _convert_dims_to_string    10029000 f   sfc_mexmsvc71:sfc_mex.obj
 0001:00028100       _size_mismatch_error       10029100 f   sfc_mexmsvc71:sfc_mex.obj
 0001:00028170       _ml_generic_out_of_bounds_check 10029170 f   sfc_mexmsvc71:sfc_mex.obj
 0001:000287a0       _ml_get_element_value_from_array 100297a0 f   sfc_mexmsvc71:sfc_mex.obj
 0001:00028a40       __ml_generic_castability_check 10029a40 f   sfc_mexmsvc71:sfc_mex.obj
 0001:00028c10       _ml_generic_castability_check 10029c10 f   sfc_mexmsvc71:sfc_mex.obj
 0001:00028c70       _ml_check_mx_array_for_single_castability 10029c70 f   sfc_mexmsvc71:sfc_mex.obj
 0001:00028d80       _ml_check_mx_array_for_logical_castability 10029d80 f   sfc_mexmsvc71:sfc_mex.obj
 0001:00028e00       _ml_check_mx_array_for_int8_castability 10029e00 f   sfc_mexmsvc71:sfc_mex.obj
 0001:00028e70       _ml_check_mx_array_for_uint8_castability 10029e70 f   sfc_mexmsvc71:sfc_mex.obj
 0001:00028ed0       _ml_check_mx_array_for_int16_castability 10029ed0 f   sfc_mexmsvc71:sfc_mex.obj
 0001:00028f40       _ml_check_mx_array_for_uint16_castability 10029f40 f   sfc_mexmsvc71:sfc_mex.obj
 0001:00028fa0       _ml_check_mx_array_for_int32_castability 10029fa0 f   sfc_mexmsvc71:sfc_mex.obj
 0001:00028ff0       _ml_check_mx_array_for_uint32_castability 10029ff0 f   sfc_mexmsvc71:sfc_mex.obj
 0001:00029040       _ml_check_mx_array_for_castability 1002a040 f   sfc_mexmsvc71:sfc_mex.obj
 0001:000294d0       _set_data_value            1002a4d0 f   sfc_mexmsvc71:sfc_mex.obj
 0001:00029680       _get_data_value            1002a680 f   sfc_mexmsvc71:sfc_mex.obj
 0001:00029760       _get_next_element_address  1002a760 f   sfc_mexmsvc71:sfc_mex.obj
 0001:00029890       _ml_array_index_bound_check 1002a890 f   sfc_mexmsvc71:sfc_mex.obj
 0001:0002a090       _mx_value                  1002b090 f   sfc_mexmsvc71:sfc_mex.obj
 0001:0002a0e0       _sf_mex_assign_to_mx_array 1002b0e0 f   sfc_mexmsvc71:sfc_mex.obj
 0001:0002a340       _assign_from_mx_array      1002b340 f   sfc_mexmsvc71:sfc_mex.obj
 0001:0002aa40       _get_reference_sfunction_block_name 1002ba40 f   sfc_mexmsvc71:sfc_sf.obj
 0001:0002aae0       _call_sf_machine_global_method_dispatcher 1002bae0 f   sfc_mexmsvc71:sfc_sf.obj
 0001:0002ad30       _mdl_outputs_processing    1002bd30 f   sfc_mexmsvc71:sfc_sf.obj
 0001:0002aef0       _mdl_enable_processing     1002bef0 f   sfc_mexmsvc71:sfc_sf.obj
 0001:0002af80       _mdl_disable_processing    1002bf80 f   sfc_mexmsvc71:sfc_sf.obj
 0001:0002b650       _write_symbol_mapping      1002c650 f   sfc_mexmsvc71:sfc_sf.obj
 0001:0002bb20       _sf_call_output_fcn_enable_disable 1002cb20 f   sfc_mexmsvc71:sfc_sf.obj
 0001:0002bde0       _set_dwork_information_from_mx_array 1002cde0 f   sfc_mexmsvc71:sfc_sf.obj
 0001:0002c200       _sf_debug_chart_instance_initialized 1002d200 f   sfc_debugmsvc71:sfcdebug.obj
 0001:0002c660       _sf_debug_sim_status_listener 1002d660 f   sfc_debugmsvc71:sfcdebug.obj
 0001:0002cad0       _sf_debug_form_mask_bits   1002dad0 f   sfc_debugmsvc71:sfcdebug.obj
 0001:0002cb10       _sf_debug_form_sf_data_type_offsets 1002db10 f   sfc_debugmsvc71:sfcdebug.obj
 0001:0002cba0       _sf_debug_free_all         1002dba0 f   sfc_debugmsvc71:sfcdebug.obj
 0001:0002cd00       _sf_reset_debug_info_struct 1002dd00 f   sfc_debugmsvc71:sfcdebug.obj
 0001:0002cd90       _sf_debug_append_debugger_context 1002dd90 f   sfc_debugmsvc71:sfcdebug.obj
 0001:0002d020       _local_strdup              1002e020 f   sfc_debugmsvc71:sfcdebug.obj
 0001:0002e070       _sf_debug_get_machine_number_from_id_or_name 1002f070 f   sfc_debugmsvc71:sfcdebug.obj
 0001:0002e1f0       _sf_debug_get_chart_number_from_id 1002f1f0 f   sfc_debugmsvc71:sfcdebug.obj
 0001:0002ead0       _sf_debug_transfer_control_to_debugger_GUI 1002fad0 f   sfc_debugmsvc71:sfcdebug.obj
 0001:0002f790       _cv_eml_state_cvId         10030790 f   sfc_debugmsvc71:sfcdebug.obj
 0001:000302d0       _sf_debug_data_array_bounds_error 100312d0 f   sfc_debugmsvc71:sfcdebug.obj
 0001:000306a0       _sf_debug_data_value_error 100316a0 f   sfc_debugmsvc71:sfcdebug.obj
 0001:00030be0       _sf_debug_data_loss_error  10031be0 f   sfc_debugmsvc71:sfcdebug.obj
 0001:00031420       _call_cv_range_check       10032420 f   sfc_debugmsvc71:sfcdebug.obj
 0001:000319a0       _sf_debug_invoke_cycle_detection_code 100329a0 f   sfc_debugmsvc71:sfcdebug.obj
 0001:00032a60       _sfc_api_chart_visible     10033a60 f   sfc_debugmsvc71:sfc_api.obj
 0001:00032ad0       _sfc_api_active_instance   10033ad0 f   sfc_debugmsvc71:sfc_api.obj
 0001:00032b40       _sfc_api_machine_load      10033b40 f   sfc_debugmsvc71:sfc_api.obj
 0001:00032c00       _sfc_api_debugger_alive    10033c00 f   sfc_debugmsvc71:sfc_api.obj
 0001:00032c10       _sfc_api_go                10033c10 f   sfc_debugmsvc71:sfc_api.obj
 0001:00032c20       _sfc_api_step_over         10033c20 f   sfc_debugmsvc71:sfc_api.obj
 0001:00032c30       _sfc_api_step_out          10033c30 f   sfc_debugmsvc71:sfc_api.obj
 0001:00032c40       _sfc_api_resume            10033c40 f   sfc_debugmsvc71:sfc_api.obj
 0001:00032c50       _sfc_api_break             10033c50 f   sfc_debugmsvc71:sfc_api.obj
 0001:00032c60       _sfc_api_stop_debugging    10033c60 f   sfc_debugmsvc71:sfc_api.obj
 0001:00032ca0       _sfc_api_is_cycle_detected 10033ca0 f   sfc_debugmsvc71:sfc_api.obj
 0001:00032ce0       _sfc_api_is_array_bounds_detected 10033ce0 f   sfc_debugmsvc71:sfc_api.obj
 0001:00032d20       _sfc_api_set_disable_all_breakpoints 10033d20 f   sfc_debugmsvc71:sfc_api.obj
 0001:00032d90       _sfc_api_disable_all_breakpoints_and_go 10033d90 f   sfc_debugmsvc71:sfc_api.obj
 0001:00032da0       _sfc_api_close             10033da0 f   sfc_debugmsvc71:sfc_api.obj
 0001:00032db0       _sfc_api_browse_data       10033db0 f   sfc_debugmsvc71:sfc_api.obj
 0001:00032e10       _sfc_api_watch_data        10033e10 f   sfc_debugmsvc71:sfc_api.obj
 0001:00032e60       _sfc_api_whos              10033e60 f   sfc_debugmsvc71:sfc_api.obj
 0001:00032ec0       _sfc_api_get_consistency_info 10033ec0 f   sfc_debugmsvc71:sfc_api.obj
 0001:00032ee0       _sfc_api_browse_trace      10033ee0 f   sfc_debugmsvc71:sfc_api.obj
 0001:00032f00       _sfc_api_break_on_chart_entry 10033f00 f   sfc_debugmsvc71:sfc_api.obj
 0001:00032f20       _sfc_api_break_on_event_broadcast 10033f20 f   sfc_debugmsvc71:sfc_api.obj
 0001:00032f40       _sfc_api_break_on_state_entry 10033f40 f   sfc_debugmsvc71:sfc_api.obj
 0001:00032f60       _sfc_api_set_watch         10033f60 f   sfc_debugmsvc71:sfc_api.obj
 0001:00032fe0       _sfc_api_set_breakpoints   10033fe0 f   sfc_debugmsvc71:sfc_api.obj
 0001:00033060       _sfc_api_set_eml_breakpoints 10034060 f   sfc_debugmsvc71:sfc_api.obj
 0001:000330d0       _sfc_api_get_active_states 100340d0 f   sfc_debugmsvc71:sfc_api.obj
 0001:00033140       _sfc_api_break_between_times 10034140 f   sfc_debugmsvc71:sfc_api.obj
 0001:000331a0       _sfc_api_get_instance_handle 100341a0 f   sfc_debugmsvc71:sfc_api.obj
 0001:00033230       _sfc_api_get_coverage      10034230 f   sfc_debugmsvc71:sfc_api.obj
 0001:000332a0       _sfc_api_set_animation     100342a0 f   sfc_debugmsvc71:sfc_api.obj
 0001:000332e0       _sfc_api_select_chart      100342e0 f   sfc_debugmsvc71:sfc_api.obj
 0001:00033340       _sfc_api_select_charts     10034340 f   sfc_debugmsvc71:sfc_api.obj
 0001:00033370       _sfc_api_cycle_detection_check 10034370 f   sfc_debugmsvc71:sfc_api.obj
 0001:000333b0       _sfc_api_data_range_check  100343b0 f   sfc_debugmsvc71:sfc_api.obj
 0001:000333f0       _sfc_api_transition_conflict_check 100343f0 f   sfc_debugmsvc71:sfc_api.obj
 0001:00033430       _sfc_api_state_consistency_check 10034430 f   sfc_debugmsvc71:sfc_api.obj
 0001:00033470       _sfc_api_set_instance_cv_ids 10034470 f   sfc_debugmsvc71:sfc_api.obj
 0001:00033560       _sfc_api_get_current_machine_id 10034560 f   sfc_debugmsvc71:sfc_api.obj
 0001:00033590       _sfc_api_get_current_machine_number 10034590 f   sfc_debugmsvc71:sfc_api.obj
 0001:000335c0       _sfc_api_get_current_chart_number 100345c0 f   sfc_debugmsvc71:sfc_api.obj
 0001:000335f0       _sfc_api_get_current_instance_number 100345f0 f   sfc_debugmsvc71:sfc_api.obj
 0001:00033620       _sfc_api_get_current_instance_handle 10034620 f   sfc_debugmsvc71:sfc_api.obj
 0001:00033640       _sfc_api_get_current_is_minor_time_step 10034640 f   sfc_debugmsvc71:sfc_api.obj
 0001:00033670       _sfc_api_get_current_machine_name 10034670 f   sfc_debugmsvc71:sfc_api.obj
 0001:00033690       _sfc_api_get_current_chart_id 10034690 f   sfc_debugmsvc71:sfc_api.obj
 0001:000336c0       _sfc_api_get_current_object_type 100346c0 f   sfc_debugmsvc71:sfc_api.obj
 0001:000336f0       _sfc_api_get_current_event_type 100346f0 f   sfc_debugmsvc71:sfc_api.obj
 0001:00033720       _sfc_api_get_current_object_id 10034720 f   sfc_debugmsvc71:sfc_api.obj
 0001:00033750       _sfc_get_current_active_event_type 10034750 f   sfc_debugmsvc71:sfc_api.obj
 0001:00033780       _sfc_api_get_current_active_event_id 10034780 f   sfc_debugmsvc71:sfc_api.obj
 0001:000337b0       _sfc_api_get_current_simulation_time 100347b0 f   sfc_debugmsvc71:sfc_api.obj
 0001:000337d0       _sfc_get_current_tag_type  100347d0 f   sfc_debugmsvc71:sfc_api.obj
 0001:00033800       _sfc_get_current_coverage_percentage 10034800 f   sfc_debugmsvc71:sfc_api.obj
 0001:00033820       _sfc_get_current_statement_context 10034820 f   sfc_debugmsvc71:sfc_api.obj
 0001:00033840       _sfc_get_current_optional_integer 10034840 f   sfc_debugmsvc71:sfc_api.obj
 0001:00033870       _sfc_get_current_statement_info 10034870 f   sfc_debugmsvc71:sfc_api.obj
 0001:00033900       _sfc_api_get               10034900 f   sfc_debugmsvc71:sfc_api.obj
 0001:00034390       _sf_debug_sm_fill_state_activity_data 10035390 f   sfc_debugmsvc71:sfdb_animation.obj
 0001:00034d00       _sf_debug_hm_get_simulink_handle 10035d00 f   sfc_debugmsvc71:sfdb_handle_management.obj
 0001:000352a0       _sf_debug_hm_initialize_globals 100362a0 f   sfc_debugmsvc71:sfdb_handle_management.obj
 0001:00035390       _sf_debug_hm_get_machine_debug_flag 10036390 f   sfc_debugmsvc71:sfdb_handle_management.obj
 0001:000354d0       _sf_debug_hm_get_machine_id 100364d0 f   sfc_debugmsvc71:sfdb_handle_management.obj
 0001:000355d0       _sf_debug_hm_get_chart_id  100365d0 f   sfc_debugmsvc71:sfdb_handle_management.obj
 0001:00035730       _sf_debug_hm_register_executing_SFunction 10036730 f   sfc_debugmsvc71:sfdb_handle_management.obj
 0001:00035880       _sf_debug_hm_get_chart_active_instance 10036880 f   sfc_debugmsvc71:sfdb_handle_management.obj
 0001:000359b0       _sf_debug_hm_get_chart_visibility 100369b0 f   sfc_debugmsvc71:sfdb_handle_management.obj
 0001:00035ae0       _sf_debug_hm_form_object_boolean_properties 10036ae0 f   sfc_debugmsvc71:sfdb_handle_management.obj
 0001:00035d40       _sf_debug_hm_form_object_properties 10036d40 f   sfc_debugmsvc71:sfdb_handle_management.obj
 0001:00035f30       _sf_debug_hm_terminate_charts 10036f30 f   sfc_debugmsvc71:sfdb_handle_management.obj
 0001:000364c0       _sf_debug_hm_terminate_machines 100374c0 f   sfc_debugmsvc71:sfdb_handle_management.obj
 0001:00037b10       _void_assertion_fcn        10038b10 f   sfc_debugmsvc71:sfdb_call_stack.obj
 0001:00037fe0       _sf_debug_tm_fill_local_trace 10038fe0 f   sfc_debugmsvc71:sfdb_call_stack.obj
 0001:000383d0       _sf_debug_sc_push_on_error_stack 100393d0 f   sfc_debugmsvc71:sfdb_state_consistency.obj
 0001:000384d0       _sf_debug_sc_reset_error_stack 100394d0 f   sfc_debugmsvc71:sfdb_state_consistency.obj
 0001:00038640       _sf_debug_sc_is_state_inconsistent 10039640 f   sfc_debugmsvc71:sfdb_state_consistency.obj
 0001:00038870       _sf_debug_sc_fill_consistency_info 10039870 f   sfc_debugmsvc71:sfdb_state_consistency.obj
 0001:00038da0       _sf_debug_cd_terminate_instance 10039da0 f   sfc_debugmsvc71:sfdb_cycle_detection.obj
 0001:00038e00       _sf_debug_cd_free_checksum_stack 10039e00 f   sfc_debugmsvc71:sfdb_cycle_detection.obj
 0001:00038e30       _sf_debug_cd_reset_pack_strings 10039e30 f   sfc_debugmsvc71:sfdb_cycle_detection.obj
 0001:0003a400       _sf_debug_cc_terminate_chart 1003b400 f   sfc_debugmsvc71:sfdb_coverage.obj
 0001:0003a6f0       _sf_debug_cc_terminate_instance 1003b6f0 f   sfc_debugmsvc71:sfdb_coverage.obj
 0001:0003b130       _sf_debug_cc_mark_object_if_needed 1003c130 f   sfc_debugmsvc71:sfdb_coverage.obj
 0001:0003b4a0       _sf_debug_cc_fill_transition_coverage_data 1003c4a0 f   sfc_debugmsvc71:sfdb_coverage.obj
 0001:0003b5c0       _sf_debug_cc_fill_transition_coverage_map 1003c5c0 f   sfc_debugmsvc71:sfdb_coverage.obj
 0001:0003b7b0       _sf_debug_cc_fill_state_coverage_map 1003c7b0 f   sfc_debugmsvc71:sfdb_coverage.obj
 0001:0003b960       _sf_debug_cc_fill_state_coverage_data 1003c960 f   sfc_debugmsvc71:sfdb_coverage.obj
 0001:0003c1b0       _sf_debug_ss_copy_dimension 1003d1b0 f   sfc_debugmsvc71:sfdb_symbol_scope.obj
 0001:0003c220       _sf_debug_ss_get_number_elements 1003d220 f   sfc_debugmsvc71:sfdb_symbol_scope.obj
 0001:0003c240       _sf_debug_ss_fill_data_struct 1003d240 f   sfc_debugmsvc71:sfdb_symbol_scope.obj
 0001:0003c430       _sf_debug_ss_reset_data_info 1003d430 f   sfc_debugmsvc71:sfdb_symbol_scope.obj
 0001:0003c470       _sf_debug_fill_data_info_by_symbol_scope_entry 1003d470 f   sfc_debugmsvc71:sfdb_symbol_scope.obj
 0001:0003c4f0       _sf_debug_fill_data_info_by_data_vector 1003d4f0 f   sfc_debugmsvc71:sfdb_symbol_scope.obj
 0001:0003c680       _sf_debug_ss_get_data_info 1003d680 f   sfc_debugmsvc71:sfdb_symbol_scope.obj
 0001:0003c860       _sf_debug_ss_get_data_value 1003d860 f   sfc_debugmsvc71:sfdb_symbol_scope.obj
 0001:0003cac0       _sf_debug_ss_data_bytes_string 1003dac0 f   sfc_debugmsvc71:sfdb_symbol_scope.obj
 0001:0003cb30       _sf_debug_ss_data_class_string 1003db30 f   sfc_debugmsvc71:sfdb_symbol_scope.obj
 0001:0003ce60       _sf_debug_ss_data_size_string 1003de60 f   sfc_debugmsvc71:sfdb_symbol_scope.obj
 0001:0003cf20       _sf_debug_ss_data_create_data_info_struct 1003df20 f   sfc_debugmsvc71:sfdb_symbol_scope.obj
 0001:0003d030       _sf_debug_ss_data_create_name_value_pair 1003e030 f   sfc_debugmsvc71:sfdb_symbol_scope.obj
 0001:0003d090       _sf_debug_ss_data_get_whos_info 1003e090 f   sfc_debugmsvc71:sfdb_symbol_scope.obj
 0001:0003d0b0       _same_named_data_in_data_array 1003e0b0 f   sfc_debugmsvc71:sfdb_symbol_scope.obj
 0001:0003d5f0       _sf_debug_st_terminate_machine 1003e5f0 f   sfc_debugmsvc71:sfdb_data_browse.obj
 0001:0003d690       _sf_debug_st_terminate_instance 1003e690 f   sfc_debugmsvc71:sfdb_data_browse.obj
 0001:0003d9a0       _sf_debug_st_get_data_value 1003e9a0 f   sfc_debugmsvc71:sfdb_data_browse.obj
 0001:0003ddd0       _mx_value                  1003edd0 f   sfc_debugmsvc71:sfdb_data_browse.obj
 0001:0003de00       _sf_debug_st_fill_data_struct 1003ee00 f   sfc_debugmsvc71:sfdb_data_browse.obj
 0001:0003e100       _data_type_format_strings  1003f100 f   sfc_debugmsvc71:sfdb_data_browse.obj
 0001:0003e170       _sf_debug_st_fill_data     1003f170 f   sfc_debugmsvc71:sfdb_data_browse.obj
 0001:0003eb50       _sf_debug_bm_initialize_eml 1003fb50 f   sfc_debugmsvc71:sfdb_breakpoints.obj
 0001:0003fad0       _sf_debug_bm_map_debug_tag_to_breakpoint_tag 10040ad0 f   sfc_debugmsvc71:sfdb_breakpoints.obj
 0001:0003fb60       _sf_debug_bm_is_a_eml_breakpoint 10040b60 f   sfc_debugmsvc71:sfdb_breakpoints.obj
 0001:00041f60       _md5file_clear             10042f60 f   sfc_debugmsvc71:ckmd5.obj
 0001:00041f90       _Encode                    10042f90 f   sfc_debugmsvc71:ckmd5.obj
 0001:00041fd0       _Decode                    10042fd0 f   sfc_debugmsvc71:ckmd5.obj
 0001:00042050       _MD5Transform              10043050 f   sfc_debugmsvc71:ckmd5.obj
 0001:00042910       _md5file_addn              10043910 f   sfc_debugmsvc71:ckmd5.obj
 0001:000429d0       _md5file_hash              100439d0 f   sfc_debugmsvc71:ckmd5.obj
